 IRScan

 Timestamp is 5e25912f (Mon Jan 20 19:38:23 2020)

 Preferred load address is 00400000

 Start         Length     Name                   Class
 0001:00000000 0000468dH .text$di                CODE
 0001:00004690 0012b19dH .text$mn                CODE
 0001:0012f830 0004f1baH .text$x                 CODE
 0001:0017e9f0 00001bd3H .text$yd                CODE
 0002:00000000 00000104H .CRT$XCA                DATA
 0002:00000104 00000104H .CRT$XCAA               DATA
 0002:00000208 00000104H .CRT$XCL                DATA
 0002:0000030c 00000331H .CRT$XCU                DATA
 0002:00000640 00000104H .CRT$XCZ                DATA
 0002:00000744 00000104H .CRT$XIA                DATA
 0002:00000848 00000104H .CRT$XIAA               DATA
 0002:0000094c 00000104H .CRT$XIC                DATA
 0002:00000a50 00000104H .CRT$XIY                DATA
 0002:00000b54 00000104H .CRT$XIZ                DATA
 0002:00000c60 00053210H .rdata                  DATA
 0002:00053e70 00000178H .rdata$debug            DATA
 0002:00053fe8 00001d2cH .rdata$r                DATA
 0002:00055d20 00005dc6H .rdata$sxdata           DATA
 0002:0005bae8 00000104H .rtc$IAA                DATA
 0002:0005bbec 00000104H .rtc$IZZ                DATA
 0002:0005bcf0 00000104H .rtc$TAA                DATA
 0002:0005bdf4 00000104H .rtc$TZZ                DATA
 0002:0005bef8 0004333fH .xdata$x                DATA
 0002:0009f237 00000000H .edata                  DATA
 0003:00000000 00000175H .data                   DATA
 0003:00000178 00000b99H .data$r                 DATA
 0003:00000d18 000c0a34H .bss                    DATA
 0004:00000000 000016e8H .idata$5                DATA
 0004:000016e8 00000118H .idata$2                DATA
 0004:00001800 00000014H .idata$3                DATA
 0004:00001814 000016e8H .idata$4                DATA
 0004:00002efc 0000d338H .idata$6                DATA
 0005:00000000 00000169H .rsrc$01                DATA
 0005:00000170 000002ccH .rsrc$02                DATA

  Address         Publics by Value              Rva+Base       Lib:Object

 0000:00000000       ___guard_fids_table        00000000     <absolute>
 0000:00000000       ___guard_flags             00000000     <absolute>
 0000:00000000       ___guard_fids_count        00000000     <absolute>
 0000:00000000       __except_list              00000000     <absolute>
 0000:00001354       ___safe_se_handler_count   00001354     <absolute>
 0000:00009876       __fltused                  00009876     <absolute>
 0000:00009876       __ldused                   00009876     <absolute>
 0000:00000000       ___ImageBase               00400000     <linker-defined>
 0001:00004690       ?init@_client_t@@QAE_NABV?$basic_string@DU?$char_traits@D@std@@V?$allocator@D@2@@std@@F@Z 00405690 f   client.obj
 0001:00004750       ?login_auth@_client_t@@QAEHV?$basic_string@DU?$char_traits@D@std@@V?$allocator@D@2@@std@@0AAV23@H@Z 00405750 f   client.obj
 0001:00005320       ?check_auth@_client_t@@QAEHH@Z 00406320 f   client.obj
 0001:00005910       ?set_cardid@_client_t@@QAEHAAV?$map@V?$basic_string@DU?$char_traits@D@std@@V?$allocator@D@2@@std@@V12@U?$less@V?$basic_string@DU?$char_traits@D@std@@V?$allocator@D@2@@std@@@2@V?$allocator@U?$pair@$$CBV?$basic_string@DU?$char_traits@D@std@@V?$allocator@D@2@@std@@V12@@std@@@2@@std@@ABV?$basic_string@DU?$char_traits@D@std@@V?$allocator@D@2@@3@@Z 00406910 f   client.obj
 0001:00005d30       ?set_scanid@_client_t@@QAEHABV?$basic_string@DU?$char_traits@D@std@@V?$allocator@D@2@@std@@AAV23@0@Z 00406d30 f   client.obj
 0001:000061a0       ?get_scanid@_client_t@@QAEHABV?$basic_string@DU?$char_traits@D@std@@V?$allocator@D@2@@std@@AAV23@AAV?$map@V?$basic_string@DU?$char_traits@D@std@@V?$allocator@D@2@@std@@V12@U?$less@V?$basic_string@DU?$char_traits@D@std@@V?$allocator@D@2@@std@@@2@V?$allocator@U?$pair@$$CBV?$basic_string@DU?$char_traits@D@std@@V?$allocator@D@2@@std@@V12@@std@@@2@@3@@Z 004071a0 f   client.obj
 0001:000065f0       ?send_png@_client_t@@QAE_NABV?$basic_string@DU?$char_traits@D@std@@V?$allocator@D@2@@std@@PAGHAAV?$vector@V?$basic_string@DU?$char_traits@D@std@@V?$allocator@D@2@@std@@V?$allocator@V?$basic_string@DU?$char_traits@D@std@@V?$allocator@D@2@@std@@@2@@3@@Z 004075f0 f   client.obj
 0001:000069e0       ?send_info@_client_t@@QAE_NAAV?$map@V?$basic_string@DU?$char_traits@D@std@@V?$allocator@D@2@@std@@V12@U?$less@V?$basic_string@DU?$char_traits@D@std@@V?$allocator@D@2@@std@@@2@V?$allocator@U?$pair@$$CBV?$basic_string@DU?$char_traits@D@std@@V?$allocator@D@2@@std@@V12@@std@@@2@@std@@@Z 004079e0 f   client.obj
 0001:00006d70       ?get_info@_client_t@@QAEHABV?$basic_string@DU?$char_traits@D@std@@V?$allocator@D@2@@std@@AAV?$map@V?$basic_string@DU?$char_traits@D@std@@V?$allocator@D@2@@std@@V12@U?$less@V?$basic_string@DU?$char_traits@D@std@@V?$allocator@D@2@@std@@@2@V?$allocator@U?$pair@$$CBV?$basic_string@DU?$char_traits@D@std@@V?$allocator@D@2@@std@@V12@@std@@@2@@3@@Z 00407d70 f   client.obj
 0001:00007130       ?get_png_id@_client_t@@QAEHABV?$basic_string@DU?$char_traits@D@std@@V?$allocator@D@2@@std@@AAV?$map@V?$basic_string@DU?$char_traits@D@std@@V?$allocator@D@2@@std@@V12@U?$less@V?$basic_string@DU?$char_traits@D@std@@V?$allocator@D@2@@std@@@2@V?$allocator@U?$pair@$$CBV?$basic_string@DU?$char_traits@D@std@@V?$allocator@D@2@@std@@V12@@std@@@2@@3@@Z 00408130 f   client.obj
 0001:000074f0       ?get_png@_client_t@@QAE_NABV?$basic_string@DU?$char_traits@D@std@@V?$allocator@D@2@@std@@0PAGH@Z 004084f0 f   client.obj
 0001:00007840       ?send_result_dat@_client_t@@QAE_NABV?$basic_string@DU?$char_traits@D@std@@V?$allocator@D@2@@std@@PAGH00@Z 00408840 f   client.obj
 0001:00007d20       ?send_result_bmp@_client_t@@QAE_NABV?$basic_string@DU?$char_traits@D@std@@V?$allocator@D@2@@std@@AAV23@00@Z 00408d20 f   client.obj
 0001:00008260       ?get_result_list@_client_t@@QAEHABV?$basic_string@DU?$char_traits@D@std@@V?$allocator@D@2@@std@@AAV23@@Z 00409260 f   client.obj
 0001:00008590       ?get_result@_client_t@@QAE_NABV?$basic_string@DU?$char_traits@D@std@@V?$allocator@D@2@@std@@AAV23@PAGH11@Z 00409590 f   client.obj
 0001:00008c80       ?get_users@_client_t@@QAE_NAAV?$basic_string@DU?$char_traits@D@std@@V?$allocator@D@2@@std@@0AAV?$map@V?$basic_string@DU?$char_traits@D@std@@V?$allocator@D@2@@std@@V12@U?$less@V?$basic_string@DU?$char_traits@D@std@@V?$allocator@D@2@@std@@@2@V?$allocator@U?$pair@$$CBV?$basic_string@DU?$char_traits@D@std@@V?$allocator@D@2@@std@@V12@@std@@@2@@3@AAH@Z 00409c80 f   client.obj
 0001:00009130       ?new_user@_client_t@@QAE_NAAV?$basic_string@DU?$char_traits@D@std@@V?$allocator@D@2@@std@@0AAH100@Z 0040a130 f   client.obj
 0001:00009960       ?del_user@_client_t@@QAE_NAAV?$basic_string@DU?$char_traits@D@std@@V?$allocator@D@2@@std@@00@Z 0040a960 f   client.obj
 0001:00009e50       ?update_user@_client_t@@QAE_NAAV?$basic_string@DU?$char_traits@D@std@@V?$allocator@D@2@@std@@0AAH00@Z 0040ae50 f   client.obj
 0001:0000a570       ?get_listdata@_client_t@@QAEHAAV?$basic_string@DU?$char_traits@D@std@@V?$allocator@D@2@@std@@0@Z 0040b570 f   client.obj
 0001:0000a8d0       ?del_scanid@_client_t@@QAEHABV?$basic_string@DU?$char_traits@D@std@@V?$allocator@D@2@@std@@@Z 0040b8d0 f   client.obj
 0001:0000ac20       ?set_req_head@_client_t@@AAEXAAU_req_head@@ABH@Z 0040bc20 f   client.obj
 0001:0000ac60       ?recv_data@_client_t@@AAE_NPADH@Z 0040bc60 f   client.obj
 0001:0000ace0       ?recv_resp@_client_t@@AAEHPAD@Z 0040bce0 f   client.obj
 0001:0000ae70       ?get_local_auth@_client_t@@AAE?AV?$basic_string@DU?$char_traits@D@std@@V?$allocator@D@2@@std@@AAV23@00@Z 0040be70 f   client.obj
 0001:0000ca80       ??$?8DD@std@@YA_NABV?$allocator@D@0@0@Z 0040da80 f i client.obj
 0001:0000ca90       ??$?8DU?$char_traits@D@std@@V?$allocator@D@1@@std@@YA_NABV?$basic_string@DU?$char_traits@D@std@@V?$allocator@D@2@@0@0@Z 0040da90 f i client.obj
 0001:0000cad0       ??$?8DU?$char_traits@D@std@@V?$allocator@D@1@@std@@YA_NPBDABV?$basic_string@DU?$char_traits@D@std@@V?$allocator@D@2@@0@@Z 0040dad0 f i client.obj
 0001:0000cb10       ??$?8V?$allocator@D@std@@V01@@std@@YA_NABU?$_Wrap_alloc@V?$allocator@D@std@@@0@0@Z 0040db10 f i client.obj
 0001:0000cb50       ??$?9DU?$char_traits@D@std@@V?$allocator@D@1@@std@@YA_NABV?$basic_string@DU?$char_traits@D@std@@V?$allocator@D@2@@0@0@Z 0040db50 f i client.obj
 0001:0000cb90       ??$?9V?$allocator@D@std@@V01@@std@@YA_NABU?$_Wrap_alloc@V?$allocator@D@std@@@0@0@Z 0040db90 f i client.obj
 0001:0000cbd0       ??$?HDU?$char_traits@D@std@@V?$allocator@D@1@@std@@YA?AV?$basic_string@DU?$char_traits@D@std@@V?$allocator@D@2@@0@$$QAV10@ABV10@@Z 0040dbd0 f i client.obj
 0001:0000cc20       ??$?HDU?$char_traits@D@std@@V?$allocator@D@1@@std@@YA?AV?$basic_string@DU?$char_traits@D@std@@V?$allocator@D@2@@0@ABV10@PBD@Z 0040dc20 f i client.obj
 0001:0000cd10       ??$?HDU?$char_traits@D@std@@V?$allocator@D@1@@std@@YA?AV?$basic_string@DU?$char_traits@D@std@@V?$allocator@D@2@@0@PBDABV10@@Z 0040dd10 f i client.obj
 0001:0000ce00       ??$_Allocate@D@std@@YAPADIPAD@Z 0040de00 f i client.obj
 0001:0000ce50       ??$_Allocate@U_Container_proxy@std@@@std@@YAPAU_Container_proxy@0@IPAU10@@Z 0040de50 f i client.obj
 0001:0000ceb0       ??$_Allocate@V?$basic_string@DU?$char_traits@D@std@@V?$allocator@D@2@@std@@@std@@YAPAV?$basic_string@DU?$char_traits@D@std@@V?$allocator@D@2@@0@IPAV10@@Z 0040deb0 f i client.obj
 0001:0000cf00       ??$_Debug_pointer@D@std@@YAXPBDPB_WI@Z 0040df00 f i client.obj
 0001:0000cf30       ??$_Debug_pointer@V?$basic_string@DU?$char_traits@D@std@@V?$allocator@D@2@@std@@@std@@YAXPAV?$basic_string@DU?$char_traits@D@std@@V?$allocator@D@2@@0@PB_WI@Z 0040df30 f i client.obj
 0001:0000cf60       ??$_Debug_range2@PAV?$basic_string@DU?$char_traits@D@std@@V?$allocator@D@2@@std@@@std@@YAXPAV?$basic_string@DU?$char_traits@D@std@@V?$allocator@D@2@@0@0PB_WIUrandom_access_iterator_tag@0@@Z 0040df60 f i client.obj
 0001:0000cfd0       ??$_Debug_range@PAV?$basic_string@DU?$char_traits@D@std@@V?$allocator@D@2@@std@@@std@@YAXPAV?$basic_string@DU?$char_traits@D@std@@V?$allocator@D@2@@0@0PB_WI@Z 0040dfd0 f i client.obj
 0001:0000d020       ??$_Destroy_range@U?$_Wrap_alloc@V?$allocator@V?$basic_string@DU?$char_traits@D@std@@V?$allocator@D@2@@std@@@std@@@std@@@std@@YAXPAV?$basic_string@DU?$char_traits@D@std@@V?$allocator@D@2@@0@0AAU?$_Wrap_alloc@V?$allocator@V?$basic_string@DU?$char_traits@D@std@@V?$allocator@D@2@@std@@@std@@@0@@Z 0040e020 f i client.obj
 0001:0000d070       ??$_Destroy_range@U?$_Wrap_alloc@V?$allocator@V?$basic_string@DU?$char_traits@D@std@@V?$allocator@D@2@@std@@@std@@@std@@@std@@YAXPAV?$basic_string@DU?$char_traits@D@std@@V?$allocator@D@2@@0@0AAU?$_Wrap_alloc@V?$allocator@V?$basic_string@DU?$char_traits@D@std@@V?$allocator@D@2@@std@@@std@@@0@U_Nonscalar_ptr_iterator_tag@0@@Z 0040e070 f i client.obj
 0001:0000d0a0       ??$_Iter_cat@PAV?$basic_string@DU?$char_traits@D@std@@V?$allocator@D@2@@std@@@std@@YA?AUrandom_access_iterator_tag@0@ABQAV?$basic_string@DU?$char_traits@D@std@@V?$allocator@D@2@@0@@Z 0040e0a0 f i client.obj
 0001:0000d0c0       ??$_Ptr_cat@V?$basic_string@DU?$char_traits@D@std@@V?$allocator@D@2@@std@@V12@@std@@YA?AU_Nonscalar_ptr_iterator_tag@0@PAV?$basic_string@DU?$char_traits@D@std@@V?$allocator@D@2@@0@0@Z 0040e0c0 f i client.obj
 0001:0000d0d0       ??$_Rechecked@PAV?$basic_string@DU?$char_traits@D@std@@V?$allocator@D@2@@std@@PAV12@@std@@YAAAPAV?$basic_string@DU?$char_traits@D@std@@V?$allocator@D@2@@0@AAPAV10@PAV10@@Z 0040e0d0 f i client.obj
 0001:0000d0f0       ??$_Umove@PAV?$basic_string@DU?$char_traits@D@std@@V?$allocator@D@2@@std@@@?$vector@V?$basic_string@DU?$char_traits@D@std@@V?$allocator@D@2@@std@@V?$allocator@V?$basic_string@DU?$char_traits@D@std@@V?$allocator@D@2@@std@@@2@@std@@IAEPAV?$basic_string@DU?$char_traits@D@std@@V?$allocator@D@2@@1@PAV21@00@Z 0040e0f0 f i client.obj
 0001:0000d130       ??$_Unchecked@PAV?$basic_string@DU?$char_traits@D@std@@V?$allocator@D@2@@std@@@std@@YAPAV?$basic_string@DU?$char_traits@D@std@@V?$allocator@D@2@@0@PAV10@@Z 0040e130 f i client.obj
 0001:0000d140       ??$_Uninit_move@PAV?$basic_string@DU?$char_traits@D@std@@V?$allocator@D@2@@std@@PAV12@U?$_Wrap_alloc@V?$allocator@V?$basic_string@DU?$char_traits@D@std@@V?$allocator@D@2@@std@@@std@@@2@@std@@YAPAV?$basic_string@DU?$char_traits@D@std@@V?$allocator@D@2@@0@PAV10@00AAU?$_Wrap_alloc@V?$allocator@V?$basic_string@DU?$char_traits@D@std@@V?$allocator@D@2@@std@@@std@@@0@@Z 0040e140 f i client.obj
 0001:0000d1a0       ??$_Uninit_move@PAV?$basic_string@DU?$char_traits@D@std@@V?$allocator@D@2@@std@@PAV12@V?$allocator@V?$basic_string@DU?$char_traits@D@std@@V?$allocator@D@2@@std@@@2@V12@@std@@YAPAV?$basic_string@DU?$char_traits@D@std@@V?$allocator@D@2@@0@PAV10@00AAU?$_Wrap_alloc@V?$allocator@V?$basic_string@DU?$char_traits@D@std@@V?$allocator@D@2@@std@@@std@@@0@0U_Nonscalar_ptr_iterator_tag@0@@Z 0040e1a0 f i client.obj
 0001:0000d2d0       ??$_Uninitialized_move@PAV?$basic_string@DU?$char_traits@D@std@@V?$allocator@D@2@@std@@PAV12@U?$_Wrap_alloc@V?$allocator@V?$basic_string@DU?$char_traits@D@std@@V?$allocator@D@2@@std@@@std@@@2@@std@@YAPAV?$basic_string@DU?$char_traits@D@std@@V?$allocator@D@2@@0@PAV10@00AAU?$_Wrap_alloc@V?$allocator@V?$basic_string@DU?$char_traits@D@std@@V?$allocator@D@2@@std@@@std@@@0@@Z 0040e2d0 f i client.obj
 0001:0000d330       ??$_Val_type@PAV?$basic_string@DU?$char_traits@D@std@@V?$allocator@D@2@@std@@@std@@YAPAV?$basic_string@DU?$char_traits@D@std@@V?$allocator@D@2@@0@PAV10@@Z 0040e330 f i client.obj
 0001:0000d340       ??$addressof@$$CBV?$basic_string@DU?$char_traits@D@std@@V?$allocator@D@2@@std@@@std@@YAPBV?$basic_string@DU?$char_traits@D@std@@V?$allocator@D@2@@0@ABV10@@Z 0040e340 f i client.obj
 0001:0000d350       ??$addressof@D@std@@YAPADAAD@Z 0040e350 f i client.obj
 0001:0000d360       ??$assign@V?$_String_iterator@V?$_String_val@U?$_Simple_types@D@std@@@std@@@std@@@?$basic_string@DU?$char_traits@D@std@@V?$allocator@D@2@@std@@QAEAAV01@V?$_String_iterator@V?$_String_val@U?$_Simple_types@D@std@@@std@@@1@0@Z 0040e360 f i client.obj
 0001:0000d4e0       ??$construct@PADAAPAD@?$_Wrap_alloc@V?$allocator@D@std@@@std@@QAEXPAPADAAPAD@Z 0040e4e0 f i client.obj
 0001:0000d520       ??$construct@PADAAPAD@?$allocator@D@std@@QAEXPAPADAAPAD@Z 0040e520 f i client.obj
 0001:0000d5d0       ??$construct@PADAAPAD@?$allocator_traits@V?$allocator@D@std@@@std@@SAXAAV?$allocator@D@1@PAPADAAPAD@Z 0040e5d0 f i client.obj
 0001:0000d600       ??$construct@U_Container_proxy@std@@U12@@?$allocator@U_Container_proxy@std@@@std@@QAEXPAU_Container_proxy@1@$$QAU21@@Z 0040e600 f i client.obj
 0001:0000d6b0       ??$construct@V?$basic_string@DU?$char_traits@D@std@@V?$allocator@D@2@@std@@AAV12@@?$_Wrap_alloc@V?$allocator@V?$basic_string@DU?$char_traits@D@std@@V?$allocator@D@2@@std@@@std@@@std@@QAEXPAV?$basic_string@DU?$char_traits@D@std@@V?$allocator@D@2@@1@AAV21@@Z 0040e6b0 f i client.obj
 0001:0000d6f0       ??$construct@V?$basic_string@DU?$char_traits@D@std@@V?$allocator@D@2@@std@@AAV12@@?$allocator@V?$basic_string@DU?$char_traits@D@std@@V?$allocator@D@2@@std@@@std@@QAEXPAV?$basic_string@DU?$char_traits@D@std@@V?$allocator@D@2@@1@AAV21@@Z 0040e6f0 f i client.obj
 0001:0000d7a0       ??$construct@V?$basic_string@DU?$char_traits@D@std@@V?$allocator@D@2@@std@@AAV12@@?$allocator_traits@V?$allocator@V?$basic_string@DU?$char_traits@D@std@@V?$allocator@D@2@@std@@@std@@@std@@SAXAAV?$allocator@V?$basic_string@DU?$char_traits@D@std@@V?$allocator@D@2@@std@@@1@PAV?$basic_string@DU?$char_traits@D@std@@V?$allocator@D@2@@1@AAV31@@Z 0040e7a0 f i client.obj
 0001:0000d7d0       ??$construct@V?$basic_string@DU?$char_traits@D@std@@V?$allocator@D@2@@std@@ABV12@@?$_Wrap_alloc@V?$allocator@V?$basic_string@DU?$char_traits@D@std@@V?$allocator@D@2@@std@@@std@@@std@@QAEXPAV?$basic_string@DU?$char_traits@D@std@@V?$allocator@D@2@@1@ABV21@@Z 0040e7d0 f i client.obj
 0001:0000d810       ??$construct@V?$basic_string@DU?$char_traits@D@std@@V?$allocator@D@2@@std@@ABV12@@?$allocator_traits@V?$allocator@V?$basic_string@DU?$char_traits@D@std@@V?$allocator@D@2@@std@@@std@@@std@@SAXAAV?$allocator@V?$basic_string@DU?$char_traits@D@std@@V?$allocator@D@2@@std@@@1@PAV?$basic_string@DU?$char_traits@D@std@@V?$allocator@D@2@@1@ABV31@@Z 0040e810 f i client.obj
 0001:0000d840       ??$construct@V?$basic_string@DU?$char_traits@D@std@@V?$allocator@D@2@@std@@V12@@?$_Wrap_alloc@V?$allocator@V?$basic_string@DU?$char_traits@D@std@@V?$allocator@D@2@@std@@@std@@@std@@QAEXPAV?$basic_string@DU?$char_traits@D@std@@V?$allocator@D@2@@1@$$QAV21@@Z 0040e840 f i client.obj
 0001:0000d880       ??$construct@V?$basic_string@DU?$char_traits@D@std@@V?$allocator@D@2@@std@@V12@@?$allocator@V?$basic_string@DU?$char_traits@D@std@@V?$allocator@D@2@@std@@@std@@QAEXPAV?$basic_string@DU?$char_traits@D@std@@V?$allocator@D@2@@1@$$QAV21@@Z 0040e880 f i client.obj
 0001:0000d930       ??$construct@V?$basic_string@DU?$char_traits@D@std@@V?$allocator@D@2@@std@@V12@@?$allocator_traits@V?$allocator@V?$basic_string@DU?$char_traits@D@std@@V?$allocator@D@2@@std@@@std@@@std@@SAXAAV?$allocator@V?$basic_string@DU?$char_traits@D@std@@V?$allocator@D@2@@std@@@1@PAV?$basic_string@DU?$char_traits@D@std@@V?$allocator@D@2@@1@$$QAV31@@Z 0040e930 f i client.obj
 0001:0000d960       ??$destroy@PAD@?$_Wrap_alloc@V?$allocator@D@std@@@std@@QAEXPAPAD@Z 0040e960 f i client.obj
 0001:0000d990       ??$destroy@PAD@?$allocator@D@std@@QAEXPAPAD@Z 0040e990 f i client.obj
 0001:0000d9a0       ??$destroy@PAD@?$allocator_traits@V?$allocator@D@std@@@std@@SAXAAV?$allocator@D@1@PAPAD@Z 0040e9a0 f i client.obj
 0001:0000d9c0       ??$destroy@U_Container_proxy@std@@@?$allocator@U_Container_proxy@std@@@std@@QAEXPAU_Container_proxy@1@@Z 0040e9c0 f i client.obj
 0001:0000d9d0       ??$destroy@V?$basic_string@DU?$char_traits@D@std@@V?$allocator@D@2@@std@@@?$_Wrap_alloc@V?$allocator@V?$basic_string@DU?$char_traits@D@std@@V?$allocator@D@2@@std@@@std@@@std@@QAEXPAV?$basic_string@DU?$char_traits@D@std@@V?$allocator@D@2@@1@@Z 0040e9d0 f i client.obj
 0001:0000da00       ??$destroy@V?$basic_string@DU?$char_traits@D@std@@V?$allocator@D@2@@std@@@?$allocator@V?$basic_string@DU?$char_traits@D@std@@V?$allocator@D@2@@std@@@std@@QAEXPAV?$basic_string@DU?$char_traits@D@std@@V?$allocator@D@2@@1@@Z 0040ea00 f i client.obj
 0001:0000da20       ??$destroy@V?$basic_string@DU?$char_traits@D@std@@V?$allocator@D@2@@std@@@?$allocator_traits@V?$allocator@V?$basic_string@DU?$char_traits@D@std@@V?$allocator@D@2@@std@@@std@@@std@@SAXAAV?$allocator@V?$basic_string@DU?$char_traits@D@std@@V?$allocator@D@2@@std@@@1@PAV?$basic_string@DU?$char_traits@D@std@@V?$allocator@D@2@@1@@Z 0040ea20 f i client.obj
 0001:0000da40       ??$forward@AAPAD@std@@YAAAPADAAPAD@Z 0040ea40 f i client.obj
 0001:0000da50       ??$forward@AAV?$basic_string@DU?$char_traits@D@std@@V?$allocator@D@2@@std@@@std@@YAAAV?$basic_string@DU?$char_traits@D@std@@V?$allocator@D@2@@0@AAV10@@Z 0040ea50 f i client.obj
 0001:0000da60       ??$forward@ABV?$basic_string@DU?$char_traits@D@std@@V?$allocator@D@2@@std@@@std@@YAABV?$basic_string@DU?$char_traits@D@std@@V?$allocator@D@2@@0@ABV10@@Z 0040ea60 f i client.obj
 0001:0000da70       ??$forward@U_Container_proxy@std@@@std@@YA$$QAU_Container_proxy@0@AAU10@@Z 0040ea70 f i client.obj
 0001:0000da80       ??$forward@V?$basic_string@DU?$char_traits@D@std@@V?$allocator@D@2@@std@@@std@@YA$$QAV?$basic_string@DU?$char_traits@D@std@@V?$allocator@D@2@@0@AAV10@@Z 0040ea80 f i client.obj
 0001:0000da90       ??$move@AAV?$basic_string@DU?$char_traits@D@std@@V?$allocator@D@2@@std@@@std@@YA$$QAV?$basic_string@DU?$char_traits@D@std@@V?$allocator@D@2@@0@AAV10@@Z 0040ea90 f i client.obj
 0001:0000daa0       ??$sprintf_s@$0IA@@@YAHAAY0IA@DPBDZZ 0040eaa0 f i client.obj
 0001:0000dae0       ??0?$_Iterator012@Urandom_access_iterator_tag@std@@DHPBDABDU_Iterator_base12@2@@std@@QAE@ABU01@@Z 0040eae0 f i client.obj
 0001:0000db10       ??0?$_Iterator012@Urandom_access_iterator_tag@std@@DHPBDABDU_Iterator_base12@2@@std@@QAE@XZ 0040eb10 f i client.obj
 0001:0000db30       ??0?$_String_alloc@$0A@U?$_String_base_types@DV?$allocator@D@std@@@std@@@std@@QAE@ABV?$allocator@D@1@@Z 0040eb30 f i client.obj
 0001:0000dba0       ??0?$_String_const_iterator@V?$_String_val@U?$_Simple_types@D@std@@@std@@@std@@QAE@ABV01@@Z 0040eba0 f i client.obj
 0001:0000dbe0       ??0?$_String_const_iterator@V?$_String_val@U?$_Simple_types@D@std@@@std@@@std@@QAE@PBDPBU_Container_base12@1@@Z 0040ebe0 f i client.obj
 0001:0000dc60       ??0?$_String_iterator@V?$_String_val@U?$_Simple_types@D@std@@@std@@@std@@QAE@ABV01@@Z 0040ec60 f i client.obj
 0001:0000dc90       ??0?$_String_iterator@V?$_String_val@U?$_Simple_types@D@std@@@std@@@std@@QAE@PADPBU_Container_base12@1@@Z 0040ec90 f i client.obj
 0001:0000dcc0       ??0?$_String_val@U?$_Simple_types@D@std@@@std@@QAE@XZ 0040ecc0 f i client.obj
 0001:0000dd00       ??0?$_Wrap_alloc@V?$allocator@D@std@@@std@@QAE@ABV?$allocator@D@1@@Z 0040ed00 f i client.obj
 0001:0000dd30       ??0?$_Wrap_alloc@V?$allocator@D@std@@@std@@QAE@XZ 0040ed30 f i client.obj
 0001:0000dd50       ??0?$_Wrap_alloc@V?$allocator@V?$basic_string@DU?$char_traits@D@std@@V?$allocator@D@2@@std@@@std@@@std@@QAE@XZ 0040ed50 f i client.obj
 0001:0000dd70       ??0?$allocator@D@std@@QAE@ABV01@@Z 0040ed70 f i client.obj
 0001:0000dd90       ??0?$allocator@D@std@@QAE@XZ 0040ed90 f i client.obj
 0001:0000ddb0       ??0?$allocator@U_Container_proxy@std@@@std@@QAE@XZ 0040edb0 f i client.obj
 0001:0000ddd0       ??0?$allocator@V?$basic_string@DU?$char_traits@D@std@@V?$allocator@D@2@@std@@@std@@QAE@XZ 0040edd0 f i client.obj
 0001:0000ddf0       ??0?$basic_string@DU?$char_traits@D@std@@V?$allocator@D@2@@std@@QAE@$$QAV01@@Z 0040edf0 f i client.obj
 0001:0000de50       ??0?$basic_string@DU?$char_traits@D@std@@V?$allocator@D@2@@std@@QAE@ABV01@@Z 0040ee50 f i client.obj
 0001:0000df00       ??0?$basic_string@DU?$char_traits@D@std@@V?$allocator@D@2@@std@@QAE@PBD@Z 0040ef00 f i client.obj
 0001:0000df90       ??0?$basic_string@DU?$char_traits@D@std@@V?$allocator@D@2@@std@@QAE@PBDI@Z 0040ef90 f i client.obj
 0001:0000e030       ??0?$basic_string@DU?$char_traits@D@std@@V?$allocator@D@2@@std@@QAE@XZ 0040f030 f i client.obj
 0001:0000e0b0       ??0_Container_proxy@std@@QAE@XZ 0040f0b0 f i client.obj
 0001:0000e0e0       ??0_Generic_error_category@std@@QAE@XZ 0040f0e0 f i client.obj
 0001:0000e110       ??0_Ignore@std@@QAE@XZ     0040f110 f i client.obj
 0001:0000e130       ??0_Iostream_error_category@std@@QAE@XZ 0040f130 f i client.obj
 0001:0000e160       ??0_Iterator_base12@std@@QAE@ABU01@@Z 0040f160 f i client.obj
 0001:0000e1a0       ??0_Iterator_base12@std@@QAE@XZ 0040f1a0 f i client.obj
 0001:0000e1d0       ??0_System_error_category@std@@QAE@XZ 0040f1d0 f i client.obj
 0001:0000e200       ??0error_category@std@@QAE@XZ 0040f200 f i client.obj
 0001:0000e220       ??0error_condition@std@@QAE@HABVerror_category@1@@Z 0040f220 f i client.obj
 0001:0000e250       ??1?$_Iterator012@Urandom_access_iterator_tag@std@@DHPBDABDU_Iterator_base12@2@@std@@QAE@XZ 0040f250 f i client.obj
 0001:0000e270       ??1?$_String_alloc@$0A@U?$_String_base_types@DV?$allocator@D@std@@@std@@@std@@QAE@XZ 0040f270 f i client.obj
 0001:0000e2a0       ??1?$_String_const_iterator@V?$_String_val@U?$_Simple_types@D@std@@@std@@@std@@QAE@XZ 0040f2a0 f i client.obj
 0001:0000e2c0       ??1?$_String_iterator@V?$_String_val@U?$_Simple_types@D@std@@@std@@@std@@QAE@XZ 0040f2c0 f i client.obj
 0001:0000e2e0       ??1?$_String_val@U?$_Simple_types@D@std@@@std@@QAE@XZ 0040f2e0 f i client.obj
 0001:0000e300       ??1?$basic_string@DU?$char_traits@D@std@@V?$allocator@D@2@@std@@QAE@XZ 0040f300 f i client.obj
 0001:0000e330       ??1_Generic_error_category@std@@UAE@XZ 0040f330 f i client.obj
 0001:0000e350       ??1_Iostream_error_category@std@@UAE@XZ 0040f350 f i client.obj
 0001:0000e370       ??1_Iterator_base12@std@@QAE@XZ 0040f370 f i client.obj
 0001:0000e3b0       ??1_System_error_category@std@@UAE@XZ 0040f3b0 f i client.obj
 0001:0000e3d0       ??1error_category@std@@UAE@XZ 0040f3d0 f i client.obj
 0001:0000e3f0       ??2@YAPAXIPAX@Z            0040f3f0 f i client.obj
 0001:0000e400       ??3@YAXPAX0@Z              0040f400 f i client.obj
 0001:0000e410       ??4?$basic_string@DU?$char_traits@D@std@@V?$allocator@D@2@@std@@QAEAAV01@$$QAV01@@Z 0040f410 f i client.obj
 0001:0000e4f0       ??4?$basic_string@DU?$char_traits@D@std@@V?$allocator@D@2@@std@@QAEAAV01@ABV01@@Z 0040f4f0 f i client.obj
 0001:0000e590       ??4?$basic_string@DU?$char_traits@D@std@@V?$allocator@D@2@@std@@QAEAAV01@PBD@Z 0040f590 f i client.obj
 0001:0000e5b0       ??4_Iterator_base12@std@@QAEAAU01@ABU01@@Z 0040f5b0 f i client.obj
 0001:0000e670       ??8?$_String_const_iterator@V?$_String_val@U?$_Simple_types@D@std@@@std@@@std@@QBE_NABV01@@Z 0040f670 f i client.obj
 0001:0000e6c0       ??8error_category@std@@QBE_NABV01@@Z 0040f6c0 f i client.obj
 0001:0000e700       ??8error_condition@std@@QBE_NABV01@@Z 0040f700 f i client.obj
 0001:0000e770       ??A?$basic_string@DU?$char_traits@D@std@@V?$allocator@D@2@@std@@QAEAADI@Z 0040f770 f i client.obj
 0001:0000e7c0       ??D?$_String_const_iterator@V?$_String_val@U?$_Simple_types@D@std@@@std@@@std@@QBEABDXZ 0040f7c0 f i client.obj
 0001:0000e8c0       ??D?$_String_iterator@V?$_String_val@U?$_Simple_types@D@std@@@std@@@std@@QBEAADXZ 0040f8c0 f i client.obj
 0001:0000e8e0       ??G?$_String_const_iterator@V?$_String_val@U?$_Simple_types@D@std@@@std@@@std@@QBEHABV01@@Z 0040f8e0 f i client.obj
 0001:0000e910       ??G?$_String_iterator@V?$_String_val@U?$_Simple_types@D@std@@@std@@@std@@QBEHABV?$_String_const_iterator@V?$_String_val@U?$_Simple_types@D@std@@@std@@@1@@Z 0040f910 f i client.obj
 0001:0000e9b0       ??Y?$basic_string@DU?$char_traits@D@std@@V?$allocator@D@2@@std@@QAEAAV01@ABV01@@Z 0040f9b0 f i client.obj
 0001:0000e9d0       ??Y?$basic_string@DU?$char_traits@D@std@@V?$allocator@D@2@@std@@QAEAAV01@PBD@Z 0040f9d0 f i client.obj
 0001:0000e9f0       ??_G?$basic_string@DU?$char_traits@D@std@@V?$allocator@D@2@@std@@QAEPAXI@Z 0040f9f0 f i client.obj
 0001:0000ea30       ??_G_Generic_error_category@std@@UAEPAXI@Z 0040fa30 f i client.obj
 0001:0000ea30       ??_E_Generic_error_category@std@@UAEPAXI@Z 0040fa30 f i client.obj
 0001:0000ea70       ??_G_Iostream_error_category@std@@UAEPAXI@Z 0040fa70 f i client.obj
 0001:0000ea70       ??_E_Iostream_error_category@std@@UAEPAXI@Z 0040fa70 f i client.obj
 0001:0000eab0       ??_E_System_error_category@std@@UAEPAXI@Z 0040fab0 f i client.obj
 0001:0000eab0       ??_G_System_error_category@std@@UAEPAXI@Z 0040fab0 f i client.obj
 0001:0000eaf0       ??_Gerror_category@std@@UAEPAXI@Z 0040faf0 f i client.obj
 0001:0000eaf0       ??_Eerror_category@std@@UAEPAXI@Z 0040faf0 f i client.obj
 0001:0000eb30       ?_Adopt@_Iterator_base12@std@@QAEXPBU_Container_base12@2@@Z 0040fb30 f i client.obj
 0001:0000ec30       ?_Alloc_proxy@?$_String_alloc@$0A@U?$_String_base_types@DV?$allocator@D@std@@@std@@@std@@QAEXXZ 0040fc30 f i client.obj
 0001:0000ec90       ?_Assign_rv@?$basic_string@DU?$char_traits@D@std@@V?$allocator@D@2@@std@@QAEX$$QAV12@@Z 0040fc90 f i client.obj
 0001:0000ed40       ?_Change_alloc@?$_String_alloc@$0A@U?$_String_base_types@DV?$allocator@D@std@@@std@@@std@@QAEXABU?$_Wrap_alloc@V?$allocator@D@std@@@2@@Z 0040fd40 f i client.obj
 0001:0000ed50       ?_Clrcont@_Iterator_base12@std@@QAEXXZ 0040fd50 f i client.obj
 0001:0000ed70       ?_Compat@?$_String_const_iterator@V?$_String_val@U?$_Simple_types@D@std@@@std@@@std@@QBEXABV12@@Z 0040fd70 f i client.obj
 0001:0000ee40       ?_Copy@?$basic_string@DU?$char_traits@D@std@@V?$allocator@D@2@@std@@QAEXII@Z 0040fe40 f i client.obj
 0001:0000f070       ?_Destroy@?$vector@V?$basic_string@DU?$char_traits@D@std@@V?$allocator@D@2@@std@@V?$allocator@V?$basic_string@DU?$char_traits@D@std@@V?$allocator@D@2@@std@@@2@@std@@IAEXPAV?$basic_string@DU?$char_traits@D@std@@V?$allocator@D@2@@2@0@Z 00410070 f i client.obj
 0001:0000f0b0       ?_Eos@?$basic_string@DU?$char_traits@D@std@@V?$allocator@D@2@@std@@QAEXI@Z 004100b0 f i client.obj
 0001:0000f100       ?_Free_proxy@?$_String_alloc@$0A@U?$_String_base_types@DV?$allocator@D@std@@@std@@@std@@QAEXXZ 00410100 f i client.obj
 0001:0000f160       ?_Getal@?$_String_alloc@$0A@U?$_String_base_types@DV?$allocator@D@std@@@std@@@std@@QBE?AU?$_Wrap_alloc@V?$allocator@D@std@@@2@XZ 00410160 f i client.obj
 0001:0000f180       ?_Getal@?$_Vector_alloc@$0A@U?$_Vec_base_types@V?$basic_string@DU?$char_traits@D@std@@V?$allocator@D@2@@std@@V?$allocator@V?$basic_string@DU?$char_traits@D@std@@V?$allocator@D@2@@std@@@2@@std@@@std@@QBE?AU?$_Wrap_alloc@V?$allocator@V?$basic_string@DU?$char_traits@D@std@@V?$allocator@D@2@@std@@@std@@@2@XZ 00410180 f i client.obj
 0001:0000f1a0       ?_Getcont@_Iterator_base12@std@@QBEPBU_Container_base12@2@XZ 004101a0 f i client.obj
 0001:0000f1e0       ?_Getpnext@_Iterator_base12@std@@QAEPAPAU12@XZ 004101e0 f i client.obj
 0001:0000f200       ?_Grow@?$basic_string@DU?$char_traits@D@std@@V?$allocator@D@2@@std@@QAE_NI_N@Z 00410200 f i client.obj
 0001:0000f2d0       ?_Grow_to@?$vector@V?$basic_string@DU?$char_traits@D@std@@V?$allocator@D@2@@std@@V?$allocator@V?$basic_string@DU?$char_traits@D@std@@V?$allocator@D@2@@std@@@2@@std@@IBEII@Z 004102d0 f i client.obj
 0001:0000f340       ?_Inside@?$basic_string@DU?$char_traits@D@std@@V?$allocator@D@2@@std@@QAE_NPBD@Z 00410340 f i client.obj
 0001:0000f390       ?_Inside@?$vector@V?$basic_string@DU?$char_traits@D@std@@V?$allocator@D@2@@std@@V?$allocator@V?$basic_string@DU?$char_traits@D@std@@V?$allocator@D@2@@std@@@2@@std@@IBE_NPBV?$basic_string@DU?$char_traits@D@std@@V?$allocator@D@2@@2@@Z 00410390 f i client.obj
 0001:0000f3e0       ?_Myptr@?$_String_val@U?$_Simple_types@D@std@@@std@@QAEPADXZ 004103e0 f i client.obj
 0001:0000f430       ?_Myptr@?$_String_val@U?$_Simple_types@D@std@@@std@@QBEPBDXZ 00410430 f i client.obj
 0001:0000f480       ?_Orphan_me@_Iterator_base12@std@@QAEXXZ 00410480 f i client.obj
 0001:0000f510       ?_Orphan_range@?$vector@V?$basic_string@DU?$char_traits@D@std@@V?$allocator@D@2@@std@@V?$allocator@V?$basic_string@DU?$char_traits@D@std@@V?$allocator@D@2@@std@@@2@@std@@IBEXPAV?$basic_string@DU?$char_traits@D@std@@V?$allocator@D@2@@2@0@Z 00410510 f i client.obj
 0001:0000f600       ?_Pdif@?$basic_string@DU?$char_traits@D@std@@V?$allocator@D@2@@std@@SAIV?$_String_const_iterator@V?$_String_val@U?$_Simple_types@D@std@@@std@@@2@0@Z 00410600 f i client.obj
 0001:0000f6a0       ?_Reallocate@?$vector@V?$basic_string@DU?$char_traits@D@std@@V?$allocator@D@2@@std@@V?$allocator@V?$basic_string@DU?$char_traits@D@std@@V?$allocator@D@2@@std@@@2@@std@@IAEXI@Z 004106a0 f i client.obj
 0001:0000f830       ?_Reserve@?$vector@V?$basic_string@DU?$char_traits@D@std@@V?$allocator@D@2@@std@@V?$allocator@V?$basic_string@DU?$char_traits@D@std@@V?$allocator@D@2@@std@@@2@@std@@IAEXI@Z 00410830 f i client.obj
 0001:0000f8a0       ?_Tidy@?$basic_string@DU?$char_traits@D@std@@V?$allocator@D@2@@std@@QAEX_NI@Z 004108a0 f i client.obj
 0001:0000f970       ?_Unused_capacity@?$vector@V?$basic_string@DU?$char_traits@D@std@@V?$allocator@D@2@@std@@V?$allocator@V?$basic_string@DU?$char_traits@D@std@@V?$allocator@D@2@@std@@@2@@std@@QBEIXZ 00410970 f i client.obj
 0001:0000f9a0       ?_Xlen@?$basic_string@DU?$char_traits@D@std@@V?$allocator@D@2@@std@@QBEXXZ 004109a0 f i client.obj
 0001:0000f9c0       ?_Xlen@?$vector@V?$basic_string@DU?$char_traits@D@std@@V?$allocator@D@2@@std@@V?$allocator@V?$basic_string@DU?$char_traits@D@std@@V?$allocator@D@2@@std@@@2@@std@@IBEXXZ 004109c0 f i client.obj
 0001:0000f9e0       ?_Xran@?$basic_string@DU?$char_traits@D@std@@V?$allocator@D@2@@std@@QBEXXZ 004109e0 f i client.obj
 0001:0000fa00       ?allocate@?$_Wrap_alloc@V?$allocator@D@std@@@std@@QAEPADI@Z 00410a00 f i client.obj
 0001:0000fa20       ?allocate@?$_Wrap_alloc@V?$allocator@V?$basic_string@DU?$char_traits@D@std@@V?$allocator@D@2@@std@@@std@@@std@@QAEPAV?$basic_string@DU?$char_traits@D@std@@V?$allocator@D@2@@2@I@Z 00410a20 f i client.obj
 0001:0000fa40       ?allocate@?$allocator@D@std@@QAEPADI@Z 00410a40 f i client.obj
 0001:0000fa70       ?allocate@?$allocator@U_Container_proxy@std@@@std@@QAEPAU_Container_proxy@2@I@Z 00410a70 f i client.obj
 0001:0000faa0       ?allocate@?$allocator@V?$basic_string@DU?$char_traits@D@std@@V?$allocator@D@2@@std@@@std@@QAEPAV?$basic_string@DU?$char_traits@D@std@@V?$allocator@D@2@@2@I@Z 00410aa0 f i client.obj
 0001:0000fad0       ?append@?$basic_string@DU?$char_traits@D@std@@V?$allocator@D@2@@std@@QAEAAV12@ABV12@@Z 00410ad0 f i client.obj
 0001:0000fb00       ?append@?$basic_string@DU?$char_traits@D@std@@V?$allocator@D@2@@std@@QAEAAV12@ABV12@II@Z 00410b00 f i client.obj
 0001:0000fbf0       ?append@?$basic_string@DU?$char_traits@D@std@@V?$allocator@D@2@@std@@QAEAAV12@PBD@Z 00410bf0 f i client.obj
 0001:0000fc40       ?append@?$basic_string@DU?$char_traits@D@std@@V?$allocator@D@2@@std@@QAEAAV12@PBDI@Z 00410c40 f i client.obj
 0001:0000fd40       ?assign@?$basic_string@DU?$char_traits@D@std@@V?$allocator@D@2@@std@@QAEAAV12@ABV12@@Z 00410d40 f i client.obj
 0001:0000fd70       ?assign@?$basic_string@DU?$char_traits@D@std@@V?$allocator@D@2@@std@@QAEAAV12@ABV12@II@Z 00410d70 f i client.obj
 0001:0000fe50       ?assign@?$basic_string@DU?$char_traits@D@std@@V?$allocator@D@2@@std@@QAEAAV12@PBD@Z 00410e50 f i client.obj
 0001:0000fea0       ?assign@?$basic_string@DU?$char_traits@D@std@@V?$allocator@D@2@@std@@QAEAAV12@PBDI@Z 00410ea0 f i client.obj
 0001:0000ff60       ?assign@?$char_traits@D@std@@SAXAADABD@Z 00410f60 f i client.obj
 0001:0000ff80       ?begin@?$basic_string@DU?$char_traits@D@std@@V?$allocator@D@2@@std@@QAE?AV?$_String_iterator@V?$_String_val@U?$_Simple_types@D@std@@@std@@@2@XZ 00410f80 f i client.obj
 0001:0000ffb0       ?c_str@?$basic_string@DU?$char_traits@D@std@@V?$allocator@D@2@@std@@QBEPBDXZ 00410fb0 f i client.obj
 0001:0000ffd0       ?capacity@?$vector@V?$basic_string@DU?$char_traits@D@std@@V?$allocator@D@2@@std@@V?$allocator@V?$basic_string@DU?$char_traits@D@std@@V?$allocator@D@2@@std@@@2@@std@@QBEIXZ 00410fd0 f i client.obj
 0001:00010000       ?category@error_code@std@@QBEABVerror_category@2@XZ 00411000 f i client.obj
 0001:00010020       ?category@error_condition@std@@QBEABVerror_category@2@XZ 00411020 f i client.obj
 0001:00010040       ?compare@?$basic_string@DU?$char_traits@D@std@@V?$allocator@D@2@@std@@QBEHABV12@@Z 00411040 f i client.obj
 0001:00010080       ?compare@?$basic_string@DU?$char_traits@D@std@@V?$allocator@D@2@@std@@QBEHIIPBDI@Z 00411080 f i client.obj
 0001:00010190       ?compare@?$basic_string@DU?$char_traits@D@std@@V?$allocator@D@2@@std@@QBEHPBD@Z 00411190 f i client.obj
 0001:000101f0       ?compare@?$char_traits@D@std@@SAHPBD0I@Z 004111f0 f i client.obj
 0001:00010230       ?construct@?$allocator@V?$basic_string@DU?$char_traits@D@std@@V?$allocator@D@2@@std@@@std@@QAEXPAV?$basic_string@DU?$char_traits@D@std@@V?$allocator@D@2@@2@ABV32@@Z 00411230 f i client.obj
 0001:000102d0       ?copy@?$char_traits@D@std@@SAPADPADPBDI@Z 004112d0 f i client.obj
 0001:00010310       ?deallocate@?$_Wrap_alloc@V?$allocator@D@std@@@std@@QAEXPADI@Z 00411310 f i client.obj
 0001:00010340       ?deallocate@?$_Wrap_alloc@V?$allocator@V?$basic_string@DU?$char_traits@D@std@@V?$allocator@D@2@@std@@@std@@@std@@QAEXPAV?$basic_string@DU?$char_traits@D@std@@V?$allocator@D@2@@2@I@Z 00411340 f i client.obj
 0001:00010370       ?deallocate@?$allocator@D@std@@QAEXPADI@Z 00411370 f i client.obj
 0001:00010390       ?deallocate@?$allocator@U_Container_proxy@std@@@std@@QAEXPAU_Container_proxy@2@I@Z 00411390 f i client.obj
 0001:000103b0       ?deallocate@?$allocator@V?$basic_string@DU?$char_traits@D@std@@V?$allocator@D@2@@std@@@std@@QAEXPAV?$basic_string@DU?$char_traits@D@std@@V?$allocator@D@2@@2@I@Z 004113b0 f i client.obj
 0001:000103d0       ?default_error_condition@_System_error_category@std@@UBE?AVerror_condition@2@H@Z 004113d0 f i client.obj
 0001:00010430       ?default_error_condition@error_category@std@@UBE?AVerror_condition@2@H@Z 00411430 f i client.obj
 0001:00010460       ?end@?$basic_string@DU?$char_traits@D@std@@V?$allocator@D@2@@std@@QAE?AV?$_String_iterator@V?$_String_val@U?$_Simple_types@D@std@@@std@@@2@XZ 00411460 f i client.obj
 0001:000104a0       ?equivalent@error_category@std@@UBE_NABVerror_code@2@H@Z 004114a0 f i client.obj
 0001:00010500       ?equivalent@error_category@std@@UBE_NHABVerror_condition@2@@Z 00411500 f i client.obj
 0001:00010540       ?erase@?$basic_string@DU?$char_traits@D@std@@V?$allocator@D@2@@std@@QAEAAV12@I@Z 00411540 f i client.obj
 0001:00010580       ?erase@?$basic_string@DU?$char_traits@D@std@@V?$allocator@D@2@@std@@QAEAAV12@II@Z 00411580 f i client.obj
 0001:00010630       ?generic_category@std@@YAABVerror_category@1@XZ 00411630 f i client.obj
 0001:00010640       ?insert@?$basic_string@DU?$char_traits@D@std@@V?$allocator@D@2@@std@@QAEAAV12@IABV12@II@Z 00411640 f i client.obj
 0001:000107d0       ?insert@?$basic_string@DU?$char_traits@D@std@@V?$allocator@D@2@@std@@QAEAAV12@IPBD@Z 004117d0 f i client.obj
 0001:00010820       ?insert@?$basic_string@DU?$char_traits@D@std@@V?$allocator@D@2@@std@@QAEAAV12@IPBDI@Z 00411820 f i client.obj
 0001:00010980       ?length@?$basic_string@DU?$char_traits@D@std@@V?$allocator@D@2@@std@@QBEIXZ 00411980 f i client.obj
 0001:000109a0       ?length@?$char_traits@D@std@@SAIPBD@Z 004119a0 f i client.obj
 0001:000109e0       ?max_size@?$_Wrap_alloc@V?$allocator@D@std@@@std@@QBEIXZ 004119e0 f i client.obj
 0001:00010a00       ?max_size@?$_Wrap_alloc@V?$allocator@V?$basic_string@DU?$char_traits@D@std@@V?$allocator@D@2@@std@@@std@@@std@@QBEIXZ 00411a00 f i client.obj
 0001:00010a20       ?max_size@?$allocator@D@std@@QBEIXZ 00411a20 f i client.obj
 0001:00010a40       ?max_size@?$allocator@V?$basic_string@DU?$char_traits@D@std@@V?$allocator@D@2@@std@@@std@@QBEIXZ 00411a40 f i client.obj
 0001:00010a60       ?max_size@?$allocator_traits@V?$allocator@D@std@@@std@@SAIABV?$allocator@D@2@@Z 00411a60 f i client.obj
 0001:00010a70       ?max_size@?$allocator_traits@V?$allocator@V?$basic_string@DU?$char_traits@D@std@@V?$allocator@D@2@@std@@@std@@@std@@SAIABV?$allocator@V?$basic_string@DU?$char_traits@D@std@@V?$allocator@D@2@@std@@@2@@Z 00411a70 f i client.obj
 0001:00010a80       ?max_size@?$basic_string@DU?$char_traits@D@std@@V?$allocator@D@2@@std@@QBEIXZ 00411a80 f i client.obj
 0001:00010ad0       ?max_size@?$vector@V?$basic_string@DU?$char_traits@D@std@@V?$allocator@D@2@@std@@V?$allocator@V?$basic_string@DU?$char_traits@D@std@@V?$allocator@D@2@@std@@@2@@std@@QBEIXZ 00411ad0 f i client.obj
 0001:00010b00       ?message@_Generic_error_category@std@@UBE?AV?$basic_string@DU?$char_traits@D@std@@V?$allocator@D@2@@2@H@Z 00411b00 f i client.obj
 0001:00010b70       ?message@_Iostream_error_category@std@@UBE?AV?$basic_string@DU?$char_traits@D@std@@V?$allocator@D@2@@2@H@Z 00411b70 f i client.obj
 0001:00010be0       ?message@_System_error_category@std@@UBE?AV?$basic_string@DU?$char_traits@D@std@@V?$allocator@D@2@@2@H@Z 00411be0 f i client.obj
 0001:00010c50       ?move@?$char_traits@D@std@@SAPADPADPBDI@Z 00411c50 f i client.obj
 0001:00010c90       ?name@_Generic_error_category@std@@UBEPBDXZ 00411c90 f i client.obj
 0001:00010cb0       ?name@_Iostream_error_category@std@@UBEPBDXZ 00411cb0 f i client.obj
 0001:00010cd0       ?name@_System_error_category@std@@UBEPBDXZ 00411cd0 f i client.obj
 0001:00010cf0       ?push_back@?$vector@V?$basic_string@DU?$char_traits@D@std@@V?$allocator@D@2@@std@@V?$allocator@V?$basic_string@DU?$char_traits@D@std@@V?$allocator@D@2@@std@@@2@@std@@QAEXABV?$basic_string@DU?$char_traits@D@std@@V?$allocator@D@2@@2@@Z 00411cf0 f i client.obj
 0001:00010e40       ?replace@?$basic_string@DU?$char_traits@D@std@@V?$allocator@D@2@@std@@QAEAAV12@IIABV12@II@Z 00411e40 f i client.obj
 0001:000111b0       ?replace@?$basic_string@DU?$char_traits@D@std@@V?$allocator@D@2@@std@@QAEAAV12@IIPBD@Z 004121b0 f i client.obj
 0001:00011210       ?replace@?$basic_string@DU?$char_traits@D@std@@V?$allocator@D@2@@std@@QAEAAV12@IIPBDI@Z 00412210 f i client.obj
 0001:00011400       ?replace@?$basic_string@DU?$char_traits@D@std@@V?$allocator@D@2@@std@@QAEAAV12@V?$_String_const_iterator@V?$_String_val@U?$_Simple_types@D@std@@@std@@@2@0V?$_String_iterator@V?$_String_val@U?$_Simple_types@D@std@@@std@@@2@1@Z 00412400 f i client.obj
 0001:000116c0       ?reserve@?$basic_string@DU?$char_traits@D@std@@V?$allocator@D@2@@std@@QAEXI@Z 004126c0 f i client.obj
 0001:00011730       ?select_on_container_copy_construction@?$_Wrap_alloc@V?$allocator@D@std@@@std@@QBE?AU12@XZ 00412730 f i client.obj
 0001:00011770       ?select_on_container_copy_construction@?$allocator@D@std@@QBE?AV12@XZ 00412770 f i client.obj
 0001:000117a0       ?select_on_container_copy_construction@?$allocator_traits@V?$allocator@D@std@@@std@@SA?AV?$allocator@D@2@ABV32@@Z 004127a0 f i client.obj
 0001:000117c0       ?size@?$basic_string@DU?$char_traits@D@std@@V?$allocator@D@2@@std@@QBEIXZ 004127c0 f i client.obj
 0001:000117e0       ?size@?$vector@V?$basic_string@DU?$char_traits@D@std@@V?$allocator@D@2@@std@@V?$allocator@V?$basic_string@DU?$char_traits@D@std@@V?$allocator@D@2@@std@@@2@@std@@QBEIXZ 004127e0 f i client.obj
 0001:00011810       ?system_category@std@@YAABVerror_category@1@XZ 00412810 f i client.obj
 0001:00011820       ?to_string@std@@YA?AV?$basic_string@DU?$char_traits@D@std@@V?$allocator@D@2@@1@H@Z 00412820 f i client.obj
 0001:00011890       ?value@error_code@std@@QBEHXZ 00412890 f i client.obj
 0001:000118b0       ?value@error_condition@std@@QBEHXZ 004128b0 f i client.obj
 0001:000118d0       _hypot                     004128d0 f i client.obj
 0001:00037f00       ?metaObject@IRScan@@UBEPBUQMetaObject@@XZ 00438f00 f   moc_IRScan.obj
 0001:00037f40       ?qt_metacast@IRScan@@UAEPAXPBD@Z 00438f40 f   moc_IRScan.obj
 0001:00037f80       ?qt_metacall@IRScan@@UAEHW4Call@QMetaObject@@HPAPAX@Z 00438f80 f   moc_IRScan.obj
 0001:00038010       ?qt_static_metacall@IRScan@@CAXPAVQObject@@W4Call@QMetaObject@@HPAPAX@Z 00439010 f   moc_IRScan.obj
 0001:00041c00       ??$load@H@?$QGenericAtomicOps@U?$QAtomicOpsBySize@$03@@@@SAHABH@Z 00442c00 f i moc_IRScan.obj
 0001:00041c10       ??C?$QScopedPointer@VQObjectData@@U?$QScopedPointerDeleter@VQObjectData@@@@@@QBEPAVQObjectData@@XZ 00442c10 f i moc_IRScan.obj
 0001:00041c70       ?data_ptr@?$QStaticStringData@$04@@QBEPAU?$QTypedArrayData@G@@XZ 00442c70 f i moc_IRScan.obj
 0001:00041cd0       ?data_ptr@?$QStaticStringData@$05@@QBEPAU?$QTypedArrayData@G@@XZ 00442cd0 f i moc_IRScan.obj
 0001:00041d30       ?data_ptr@?$QStaticStringData@$06@@QBEPAU?$QTypedArrayData@G@@XZ 00442d30 f i moc_IRScan.obj
 0001:00041d90       ?data_ptr@?$QStaticStringData@$07@@QBEPAU?$QTypedArrayData@G@@XZ 00442d90 f i moc_IRScan.obj
 0001:00041df0       ?data_ptr@?$QStaticStringData@$08@@QBEPAU?$QTypedArrayData@G@@XZ 00442df0 f i moc_IRScan.obj
 0001:00041e50       ?data_ptr@?$QStaticStringData@$09@@QBEPAU?$QTypedArrayData@G@@XZ 00442e50 f i moc_IRScan.obj
 0001:00041eb0       ?data_ptr@?$QStaticStringData@$0A@@@QBEPAU?$QTypedArrayData@G@@XZ 00442eb0 f i moc_IRScan.obj
 0001:00041f10       ?data_ptr@?$QStaticStringData@$0BA@@@QBEPAU?$QTypedArrayData@G@@XZ 00442f10 f i moc_IRScan.obj
 0001:00041f70       ?data_ptr@?$QStaticStringData@$0BB@@@QBEPAU?$QTypedArrayData@G@@XZ 00442f70 f i moc_IRScan.obj
 0001:00041fd0       ?data_ptr@?$QStaticStringData@$0BC@@@QBEPAU?$QTypedArrayData@G@@XZ 00442fd0 f i moc_IRScan.obj
 0001:00042030       ?data_ptr@?$QStaticStringData@$0BD@@@QBEPAU?$QTypedArrayData@G@@XZ 00443030 f i moc_IRScan.obj
 0001:00042090       ?data_ptr@?$QStaticStringData@$0BE@@@QBEPAU?$QTypedArrayData@G@@XZ 00443090 f i moc_IRScan.obj
 0001:000420f0       ?data_ptr@?$QStaticStringData@$0BF@@@QBEPAU?$QTypedArrayData@G@@XZ 004430f0 f i moc_IRScan.obj
 0001:00042150       ?data_ptr@?$QStaticStringData@$0BH@@@QBEPAU?$QTypedArrayData@G@@XZ 00443150 f i moc_IRScan.obj
 0001:000421b0       ?data_ptr@?$QStaticStringData@$0CF@@@QBEPAU?$QTypedArrayData@G@@XZ 004431b0 f i moc_IRScan.obj
 0001:00042210       ?data_ptr@?$QStaticStringData@$0L@@@QBEPAU?$QTypedArrayData@G@@XZ 00443210 f i moc_IRScan.obj
 0001:00042270       ?data_ptr@?$QStaticStringData@$0M@@@QBEPAU?$QTypedArrayData@G@@XZ 00443270 f i moc_IRScan.obj
 0001:000422d0       ?data_ptr@?$QStaticStringData@$0N@@@QBEPAU?$QTypedArrayData@G@@XZ 004432d0 f i moc_IRScan.obj
 0001:00042330       ?data_ptr@?$QStaticStringData@$0O@@@QBEPAU?$QTypedArrayData@G@@XZ 00443330 f i moc_IRScan.obj
 0001:00042390       ?data_ptr@?$QStaticStringData@$0P@@@QBEPAU?$QTypedArrayData@G@@XZ 00443390 f i moc_IRScan.obj
 0001:000423f0       ?isStatic@RefCount@QtPrivate@@QBE_NXZ 004433f0 f i moc_IRScan.obj
 0001:00042430       ?load@?$QBasicAtomicInteger@H@@QBEHXZ 00443430 f i moc_IRScan.obj
 0001:00042450       ?qt_noop@@YAXXZ            00443450 f i moc_IRScan.obj
 0001:00043600       ?metaObject@LogDlg@@UBEPBUQMetaObject@@XZ 00444600 f   moc_LogDlg.obj
 0001:00043640       ?qt_metacast@LogDlg@@UAEPAXPBD@Z 00444640 f   moc_LogDlg.obj
 0001:00043680       ?qt_metacall@LogDlg@@UAEHW4Call@QMetaObject@@HPAPAX@Z 00444680 f   moc_LogDlg.obj
 0001:00043710       ?qt_static_metacall@LogDlg@@CAXPAVQObject@@W4Call@QMetaObject@@HPAPAX@Z 00444710 f   moc_LogDlg.obj
 0001:00046520       ?metaObject@RegDlg@@UBEPBUQMetaObject@@XZ 00447520 f   moc_RegDlg.obj
 0001:00046560       ?qt_metacast@RegDlg@@UAEPAXPBD@Z 00447560 f   moc_RegDlg.obj
 0001:000465a0       ?qt_metacall@RegDlg@@UAEHW4Call@QMetaObject@@HPAPAX@Z 004475a0 f   moc_RegDlg.obj
 0001:00046630       ?qt_static_metacall@RegDlg@@CAXPAVQObject@@W4Call@QMetaObject@@HPAPAX@Z 00447630 f   moc_RegDlg.obj
 0001:0004a8f0       ?metaObject@SetAuthDlg@@UBEPBUQMetaObject@@XZ 0044b8f0 f   moc_SetAuthDlg.obj
 0001:0004a930       ?qt_metacast@SetAuthDlg@@UAEPAXPBD@Z 0044b930 f   moc_SetAuthDlg.obj
 0001:0004a970       ?qt_metacall@SetAuthDlg@@UAEHW4Call@QMetaObject@@HPAPAX@Z 0044b970 f   moc_SetAuthDlg.obj
 0001:0004aa00       ?qt_static_metacall@SetAuthDlg@@CAXPAVQObject@@W4Call@QMetaObject@@HPAPAX@Z 0044ba00 f   moc_SetAuthDlg.obj
 0001:0004e520       ?metaObject@SettingDlg@@UBEPBUQMetaObject@@XZ 0044f520 f   moc_SettingDlg.obj
 0001:0004e560       ?qt_metacast@SettingDlg@@UAEPAXPBD@Z 0044f560 f   moc_SettingDlg.obj
 0001:0004e5a0       ?qt_metacall@SettingDlg@@UAEHW4Call@QMetaObject@@HPAPAX@Z 0044f5a0 f   moc_SettingDlg.obj
 0001:0004e630       ?qt_static_metacall@SettingDlg@@CAXPAVQObject@@W4Call@QMetaObject@@HPAPAX@Z 0044f630 f   moc_SettingDlg.obj
 0001:0004f1b0       ?metaObject@ShowLabel@@UBEPBUQMetaObject@@XZ 004501b0 f   moc_ShowLabel.obj
 0001:0004f1f0       ?qt_metacast@ShowLabel@@UAEPAXPBD@Z 004501f0 f   moc_ShowLabel.obj
 0001:0004f230       ?qt_metacall@ShowLabel@@UAEHW4Call@QMetaObject@@HPAPAX@Z 00450230 f   moc_ShowLabel.obj
 0001:0004f2c0       ?qt_static_metacall@ShowLabel@@CAXPAVQObject@@W4Call@QMetaObject@@HPAPAX@Z 004502c0 f   moc_ShowLabel.obj
 0001:0004f3e0       ?sigPaint@ShowLabel@@QAEXXZ 004503e0 f   moc_ShowLabel.obj
 0001:0004f4a0       ?metaObject@ThumLabel@@UBEPBUQMetaObject@@XZ 004504a0 f   moc_ThumLabel.obj
 0001:0004f4e0       ?qt_metacast@ThumLabel@@UAEPAXPBD@Z 004504e0 f   moc_ThumLabel.obj
 0001:0004f520       ?qt_metacall@ThumLabel@@UAEHW4Call@QMetaObject@@HPAPAX@Z 00450520 f   moc_ThumLabel.obj
 0001:0004f560       ?qt_static_metacall@ThumLabel@@CAXPAVQObject@@W4Call@QMetaObject@@HPAPAX@Z 00450560 f   moc_ThumLabel.obj
 0001:0004f5a0       ?qInitResources_IRScan@@YAHXZ 004505a0 f   qrc_IRScan.obj
 0001:0004f5d0       ?qCleanupResources_IRScan@@YAHXZ 004505d0 f   qrc_IRScan.obj
 0001:0004f610       ??0initializer@?A0x2d286883@@QAE@XZ 00450610 f i qrc_IRScan.obj
 0001:0004f630       ??1initializer@?A0x2d286883@@QAE@XZ 00450630 f i qrc_IRScan.obj
 0001:0004f650       ?FrameProc@@YAJJJ@Z        00450650 f   IRScan.obj
 0001:00075c70       ??0IRScan@@QAE@PAVQWidget@@@Z 00476c70 f   IRScan.obj
 0001:00076e80       ?closeEvent@IRScan@@UAEXPAVQCloseEvent@@@Z 00477e80 f   IRScan.obj
 0001:00076eb0       ?eventFilter@IRScan@@MAE_NPAVQObject@@PAVQEvent@@@Z 00477eb0 f   IRScan.obj
 0001:00077590       ?imgScan@IRScan@@AAEXXZ    00478590 f   IRScan.obj
 0001:000776c0       ?sysSetting@IRScan@@AAEXXZ 004786c0 f   IRScan.obj
 0001:000777f0       ?conDataBase@IRScan@@AAEXXZ 004787f0 f   IRScan.obj
 0001:00077ec0       ?updateData@IRScan@@AAEXXZ 00478ec0 f   IRScan.obj
 0001:00079960       ?addData@IRScan@@AAEXHVQString@@00@Z 0047a960 f   IRScan.obj
 0001:0007a7d0       ?btn_scan_Clicked@IRScan@@AAEXXZ 0047b7d0 f   IRScan.obj
 0001:0007af90       ?btn_focusFar@IRScan@@AAEXXZ 0047bf90 f   IRScan.obj
 0001:0007afb0       ?btn_sysPar@IRScan@@AAEXXZ 0047bfb0 f   IRScan.obj
 0001:0007b040       ?btn_setAuth@IRScan@@AAEXXZ 0047c040 f   IRScan.obj
 0001:0007b0e0       ?btn_show_func@IRScan@@AAEXXZ 0047c0e0 f   IRScan.obj
 0001:0007b140       ?btn_clockWise@IRScan@@AAEXXZ 0047c140 f   IRScan.obj
 0001:0007b200       ?btn_antiClock@IRScan@@AAEXXZ 0047c200 f   IRScan.obj
 0001:0007b2c0       ?btn_camUp@IRScan@@AAEXXZ  0047c2c0 f   IRScan.obj
 0001:0007b380       ?btn_camDown@IRScan@@AAEXXZ 0047c380 f   IRScan.obj
 0001:0007b440       ?btn_camLeft@IRScan@@AAEXXZ 0047c440 f   IRScan.obj
 0001:0007b500       ?btn_camRight@IRScan@@AAEXXZ 0047c500 f   IRScan.obj
 0001:0007b5c0       ?btn_reg@IRScan@@AAEXXZ    0047c5c0 f   IRScan.obj
 0001:0007c7d0       ?btn_del@IRScan@@AAEXXZ    0047d7d0 f   IRScan.obj
 0001:0007cb00       ?btn_change@IRScan@@AAEXXZ 0047db00 f   IRScan.obj
 0001:0007d940       ?btn_pre@IRScan@@AAEXXZ    0047e940 f   IRScan.obj
 0001:0007d9f0       ?btn_next@IRScan@@AAEXXZ   0047e9f0 f   IRScan.obj
 0001:0007daa0       ?btn_start@IRScan@@AAEXXZ  0047eaa0 f   IRScan.obj
 0001:0007db80       ?btn_end@IRScan@@AAEXXZ    0047eb80 f   IRScan.obj
 0001:0007dc20       ?btn_dateSel@IRScan@@AAEXXZ 0047ec20 f   IRScan.obj
 0001:0007e660       ?btn_nameSel@IRScan@@AAEXXZ 0047f660 f   IRScan.obj
 0001:0007f700       ?btn_showAll@IRScan@@AAEXXZ 00480700 f   IRScan.obj
 0001:0007fe20       ?btn_sendData@IRScan@@AAEXXZ 00480e20 f   IRScan.obj
 0001:00080bf0       ?time_update@IRScan@@AAEXXZ 00481bf0 f   IRScan.obj
 0001:00080d00       ?customize@IRScan@@AAEXXZ  00481d00 f   IRScan.obj
 0001:00081330       ?Monitor@IRScan@@AAEXXZ    00482330 f   IRScan.obj
 0001:0008e960       ??$?0$$QAV?$basic_string@DU?$char_traits@D@std@@V?$allocator@D@2@@std@@$$$V@?$pair@$$CBV?$basic_string@DU?$char_traits@D@std@@V?$allocator@D@2@@std@@V12@@std@@QAE@Upiecewise_construct_t@1@V?$tuple@$$QAV?$basic_string@DU?$char_traits@D@std@@V?$allocator@D@2@@std@@@1@V?$tuple@$$$V@1@@Z 0048f960 f i IRScan.obj
 0001:0008e9b0       ??$?0$$QAV?$basic_string@DU?$char_traits@D@std@@V?$allocator@D@2@@std@@PAPAX@?$tuple@$$QAV?$basic_string@DU?$char_traits@D@std@@V?$allocator@D@2@@std@@@std@@QAE@$$QAV01@@Z 0048f9b0 f i IRScan.obj
 0001:0008ea10       ??$?0AAV?$_Tree_iterator@V?$_Tree_val@U?$_Tree_simple_types@U?$pair@$$CBV?$basic_string@DU?$char_traits@D@std@@V?$allocator@D@2@@std@@V12@@std@@@std@@@std@@@std@@_NX@?$pair@V?$_Tree_iterator@V?$_Tree_val@U?$_Tree_simple_types@U?$pair@$$CBV?$basic_string@DU?$char_traits@D@std@@V?$allocator@D@2@@std@@V12@@std@@@std@@@std@@@std@@_N@std@@QAE@AAV?$_Tree_iterator@V?$_Tree_val@U?$_Tree_simple_types@U?$pair@$$CBV?$basic_string@DU?$char_traits@D@std@@V?$allocator@D@2@@std@@V12@@std@@@std@@@std@@@1@$$QA_N@Z 0048fa10 f i IRScan.obj
 0001:0008eaa0       ??$?0U?$_Tree_node@U?$pair@$$CBV?$basic_string@DU?$char_traits@D@std@@V?$allocator@D@2@@std@@V12@@std@@PAX@std@@@?$allocator@U_Container_proxy@std@@@std@@QAE@ABV?$allocator@U?$_Tree_node@U?$pair@$$CBV?$basic_string@DU?$char_traits@D@std@@V?$allocator@D@2@@std@@V12@@std@@PAX@std@@@1@@Z 0048faa0 f i IRScan.obj
 0001:0008eac0       ??$?0U?$_Wrap_alloc@V?$allocator@U?$_Tree_node@U?$pair@$$CBV?$basic_string@DU?$char_traits@D@std@@V?$allocator@D@2@@std@@V12@@std@@PAX@std@@@std@@@std@@@?$_Wrap_alloc@V?$allocator@U_Container_proxy@std@@@std@@@std@@QAE@ABU?$_Wrap_alloc@V?$allocator@U?$_Tree_node@U?$pair@$$CBV?$basic_string@DU?$char_traits@D@std@@V?$allocator@D@2@@std@@V12@@std@@PAX@std@@@std@@@1@@Z 0048fac0 f i IRScan.obj
 0001:0008eaf0       ??$?0V?$_Tree_iterator@V?$_Tree_val@U?$_Tree_simple_types@U?$pair@$$CBV?$basic_string@DU?$char_traits@D@std@@V?$allocator@D@2@@std@@V12@@std@@@std@@@std@@@std@@_NX@?$pair@V?$_Tree_iterator@V?$_Tree_val@U?$_Tree_simple_types@U?$pair@$$CBV?$basic_string@DU?$char_traits@D@std@@V?$allocator@D@2@@std@@V12@@std@@@std@@@std@@@std@@_N@std@@QAE@$$QAV?$_Tree_iterator@V?$_Tree_val@U?$_Tree_simple_types@U?$pair@$$CBV?$basic_string@DU?$char_traits@D@std@@V?$allocator@D@2@@std@@V12@@std@@@std@@@std@@@1@$$QA_N@Z 0048faf0 f i IRScan.obj
 0001:0008eb80       ??$?0V?$basic_string@DU?$char_traits@D@std@@V?$allocator@D@2@@std@@$$$VPAPAX@?$tuple@$$QAV?$basic_string@DU?$char_traits@D@std@@V?$allocator@D@2@@std@@@std@@QAE@$$QAV?$basic_string@DU?$char_traits@D@std@@V?$allocator@D@2@@1@@Z 0048fb80 f i IRScan.obj
 0001:0008ebc0       ??$?0V?$basic_string@DU?$char_traits@D@std@@V?$allocator@D@2@@std@@@?$_Tuple_val@$$QAV?$basic_string@DU?$char_traits@D@std@@V?$allocator@D@2@@std@@@std@@QAE@$$QAV?$basic_string@DU?$char_traits@D@std@@V?$allocator@D@2@@1@@Z 0048fbc0 f i IRScan.obj
 0001:0008ebf0       ??$?0V?$tuple@$$QAV?$basic_string@DU?$char_traits@D@std@@V?$allocator@D@2@@std@@@std@@V?$tuple@$$$V@1@$0A@$S@?$pair@$$CBV?$basic_string@DU?$char_traits@D@std@@V?$allocator@D@2@@std@@V12@@std@@QAE@AAV?$tuple@$$QAV?$basic_string@DU?$char_traits@D@std@@V?$allocator@D@2@@std@@@1@AAV?$tuple@$$$V@1@U?$_Arg_idx@$0A@@1@U?$_Arg_idx@$S@1@@Z 0048fbf0 f i IRScan.obj
 0001:0008ec80       ??$?6DU?$char_traits@D@std@@V?$allocator@D@1@@std@@YAAAV?$basic_ostream@DU?$char_traits@D@std@@@0@AAV10@ABV?$basic_string@DU?$char_traits@D@std@@V?$allocator@D@2@@0@@Z 0048fc80 f i IRScan.obj
 0001:0008f010       ??$?6U?$char_traits@D@std@@@std@@YAAAV?$basic_ostream@DU?$char_traits@D@std@@@0@AAV10@D@Z 00490010 f i IRScan.obj
 0001:0008f3c0       ??$?MDU?$char_traits@D@std@@V?$allocator@D@1@@std@@YA_NABV?$basic_string@DU?$char_traits@D@std@@V?$allocator@D@2@@0@0@Z 004903c0 f i IRScan.obj
 0001:0008f400       ??$_Allocate@U?$_Tree_node@U?$pair@$$CBV?$basic_string@DU?$char_traits@D@std@@V?$allocator@D@2@@std@@V12@@std@@PAX@std@@@std@@YAPAU?$_Tree_node@U?$pair@$$CBV?$basic_string@DU?$char_traits@D@std@@V?$allocator@D@2@@std@@V12@@std@@PAX@0@IPAU10@@Z 00490400 f i IRScan.obj
 0001:0008f450       ??$_Buynode@ABUpiecewise_construct_t@std@@V?$tuple@$$QAV?$basic_string@DU?$char_traits@D@std@@V?$allocator@D@2@@std@@@2@V?$tuple@$$$V@2@@?$_Tree_buy@U?$pair@$$CBV?$basic_string@DU?$char_traits@D@std@@V?$allocator@D@2@@std@@V12@@std@@V?$allocator@U?$pair@$$CBV?$basic_string@DU?$char_traits@D@std@@V?$allocator@D@2@@std@@V12@@std@@@2@@std@@QAEPAU?$_Tree_node@U?$pair@$$CBV?$basic_string@DU?$char_traits@D@std@@V?$allocator@D@2@@std@@V12@@std@@PAX@1@ABUpiecewise_construct_t@1@$$QAV?$tuple@$$QAV?$basic_string@DU?$char_traits@D@std@@V?$allocator@D@2@@std@@@1@$$QAV?$tuple@$$$V@1@@Z 00490450 f i IRScan.obj
 0001:0008f5b0       ??$_Buynode_if_nil@AAU?$pair@$$CBV?$basic_string@DU?$char_traits@D@std@@V?$allocator@D@2@@std@@V12@@std@@@?$_Tree@V?$_Tmap_traits@V?$basic_string@DU?$char_traits@D@std@@V?$allocator@D@2@@std@@V12@U?$less@V?$basic_string@DU?$char_traits@D@std@@V?$allocator@D@2@@std@@@2@V?$allocator@U?$pair@$$CBV?$basic_string@DU?$char_traits@D@std@@V?$allocator@D@2@@std@@V12@@std@@@2@$0A@@std@@@std@@IAEPAU?$_Tree_node@U?$pair@$$CBV?$basic_string@DU?$char_traits@D@std@@V?$allocator@D@2@@std@@V12@@std@@PAX@1@PAU21@AAU?$pair@$$CBV?$basic_string@DU?$char_traits@D@std@@V?$allocator@D@2@@std@@V12@@1@@Z 004905b0 f i IRScan.obj
 0001:0008f5d0       ??$_DebugHeapDelete@V_Facet_base@std@@@std@@YAXPAV_Facet_base@0@@Z 004905d0 f i IRScan.obj
 0001:0008f600       ??$_Debug_lt_pred@U?$less@V?$basic_string@DU?$char_traits@D@std@@V?$allocator@D@2@@std@@@std@@ABV?$basic_string@DU?$char_traits@D@std@@V?$allocator@D@2@@2@ABV32@@std@@YA_NU?$less@V?$basic_string@DU?$char_traits@D@std@@V?$allocator@D@2@@std@@@0@ABV?$basic_string@DU?$char_traits@D@std@@V?$allocator@D@2@@0@1PB_WI@Z 00490600 f i IRScan.obj
 0001:0008f6a0       ??$_Fgetc@D@std@@YA_NAADPAU_iobuf@@@Z 004906a0 f i IRScan.obj
 0001:0008f6e0       ??$_Fputc@D@std@@YA_NDPAU_iobuf@@@Z 004906e0 f i IRScan.obj
 0001:0008f720       ??$_Insert_at@AAU?$pair@$$CBV?$basic_string@DU?$char_traits@D@std@@V?$allocator@D@2@@std@@V12@@std@@PAU?$_Tree_node@U?$pair@$$CBV?$basic_string@DU?$char_traits@D@std@@V?$allocator@D@2@@std@@V12@@std@@PAX@2@@?$_Tree@V?$_Tmap_traits@V?$basic_string@DU?$char_traits@D@std@@V?$allocator@D@2@@std@@V12@U?$less@V?$basic_string@DU?$char_traits@D@std@@V?$allocator@D@2@@std@@@2@V?$allocator@U?$pair@$$CBV?$basic_string@DU?$char_traits@D@std@@V?$allocator@D@2@@std@@V12@@std@@@2@$0A@@std@@@std@@IAE?AV?$_Tree_iterator@V?$_Tree_val@U?$_Tree_simple_types@U?$pair@$$CBV?$basic_string@DU?$char_traits@D@std@@V?$allocator@D@2@@std@@V12@@std@@@std@@@std@@@1@_NPAU?$_Tree_node@U?$pair@$$CBV?$basic_string@DU?$char_traits@D@std@@V?$allocator@D@2@@std@@V12@@std@@PAX@1@AAU?$pair@$$CBV?$basic_string@DU?$char_traits@D@std@@V?$allocator@D@2@@std@@V12@@1@1@Z 00490720 f i IRScan.obj
 0001:0008fc70       ??$_Insert_hint@AAU?$pair@$$CBV?$basic_string@DU?$char_traits@D@std@@V?$allocator@D@2@@std@@V12@@std@@PAU?$_Tree_node@U?$pair@$$CBV?$basic_string@DU?$char_traits@D@std@@V?$allocator@D@2@@std@@V12@@std@@PAX@2@@?$_Tree@V?$_Tmap_traits@V?$basic_string@DU?$char_traits@D@std@@V?$allocator@D@2@@std@@V12@U?$less@V?$basic_string@DU?$char_traits@D@std@@V?$allocator@D@2@@std@@@2@V?$allocator@U?$pair@$$CBV?$basic_string@DU?$char_traits@D@std@@V?$allocator@D@2@@std@@V12@@std@@@2@$0A@@std@@@std@@IAE?AV?$_Tree_iterator@V?$_Tree_val@U?$_Tree_simple_types@U?$pair@$$CBV?$basic_string@DU?$char_traits@D@std@@V?$allocator@D@2@@std@@V12@@std@@@std@@@std@@@1@V?$_Tree_const_iterator@V?$_Tree_val@U?$_Tree_simple_types@U?$pair@$$CBV?$basic_string@DU?$char_traits@D@std@@V?$allocator@D@2@@std@@V12@@std@@@std@@@std@@@1@AAU?$pair@$$CBV?$basic_string@DU?$char_traits@D@std@@V?$allocator@D@2@@std@@V12@@1@PAU?$_Tree_node@U?$pair@$$CBV?$basic_string@DU?$char_traits@D@std@@V?$allocator@D@2@@std@@V12@@std@@PAX@1@@Z 00490c70 f i IRScan.obj
 0001:00091180       ??$_Insert_nohint@AAU?$pair@$$CBV?$basic_string@DU?$char_traits@D@std@@V?$allocator@D@2@@std@@V12@@std@@PAU?$_Tree_node@U?$pair@$$CBV?$basic_string@DU?$char_traits@D@std@@V?$allocator@D@2@@std@@V12@@std@@PAX@2@@?$_Tree@V?$_Tmap_traits@V?$basic_string@DU?$char_traits@D@std@@V?$allocator@D@2@@std@@V12@U?$less@V?$basic_string@DU?$char_traits@D@std@@V?$allocator@D@2@@std@@@2@V?$allocator@U?$pair@$$CBV?$basic_string@DU?$char_traits@D@std@@V?$allocator@D@2@@std@@V12@@std@@@2@$0A@@std@@@std@@IAE?AU?$pair@V?$_Tree_iterator@V?$_Tree_val@U?$_Tree_simple_types@U?$pair@$$CBV?$basic_string@DU?$char_traits@D@std@@V?$allocator@D@2@@std@@V12@@std@@@std@@@std@@@std@@_N@1@_NAAU?$pair@$$CBV?$basic_string@DU?$char_traits@D@std@@V?$allocator@D@2@@std@@V12@@1@PAU?$_Tree_node@U?$pair@$$CBV?$basic_string@DU?$char_traits@D@std@@V?$allocator@D@2@@std@@V12@@std@@PAX@1@@Z 00492180 f i IRScan.obj
 0001:00091760       ??$_Kfn@$$CBV?$basic_string@DU?$char_traits@D@std@@V?$allocator@D@2@@std@@V12@@?$_Tmap_traits@V?$basic_string@DU?$char_traits@D@std@@V?$allocator@D@2@@std@@V12@U?$less@V?$basic_string@DU?$char_traits@D@std@@V?$allocator@D@2@@std@@@2@V?$allocator@U?$pair@$$CBV?$basic_string@DU?$char_traits@D@std@@V?$allocator@D@2@@std@@V12@@std@@@2@$0A@@std@@SAABV?$basic_string@DU?$char_traits@D@std@@V?$allocator@D@2@@1@ABU?$pair@$$CBV?$basic_string@DU?$char_traits@D@std@@V?$allocator@D@2@@std@@V12@@1@@Z 00492760 f i IRScan.obj
 0001:00091770       ??$_Move@AAD@std@@YA$$QADAAD@Z 00492770 f i IRScan.obj
 0001:00091780       ??$_Move@AAPAUData@QListData@@@std@@YA$$QAPAUData@QListData@@AAPAU12@@Z 00492780 f i IRScan.obj
 0001:00091790       ??$_Ungetc@D@std@@YA_NABDPAU_iobuf@@@Z 00492790 f i IRScan.obj
 0001:000917e0       ??$addressof@PAU?$_Tree_node@U?$pair@$$CBV?$basic_string@DU?$char_traits@D@std@@V?$allocator@D@2@@std@@V12@@std@@PAX@std@@@std@@YAPAPAU?$_Tree_node@U?$pair@$$CBV?$basic_string@DU?$char_traits@D@std@@V?$allocator@D@2@@std@@V12@@std@@PAX@0@AAPAU10@@Z 004927e0 f i IRScan.obj
 0001:000917f0       ??$addressof@U?$pair@$$CBV?$basic_string@DU?$char_traits@D@std@@V?$allocator@D@2@@std@@V12@@std@@@std@@YAPAU?$pair@$$CBV?$basic_string@DU?$char_traits@D@std@@V?$allocator@D@2@@std@@V12@@0@AAU10@@Z 004927f0 f i IRScan.obj
 0001:00091800       ??$addressof@V?$basic_string@DU?$char_traits@D@std@@V?$allocator@D@2@@std@@@std@@YAPAV?$basic_string@DU?$char_traits@D@std@@V?$allocator@D@2@@0@AAV10@@Z 00492800 f i IRScan.obj
 0001:00091810       ??$atomic@H@?$QAtomicOpsBySize@$03@@CAPAJPAH@Z 00492810 f i IRScan.obj
 0001:00091820       ??$call@U?$List@$$$V@QtPrivate@@X@?$FunctionPointer@P8IRScan@@AEXXZ@QtPrivate@@SAXP8IRScan@@AEXXZPAV2@PAPAX@Z 00492820 f i IRScan.obj
 0001:00091850       ??$connect@P8QAction@@AEX_N@ZP8IRScan@@AEXXZ@QObject@@SA?AVConnection@QMetaObject@@PBVQAction@@P83@AEX_N@ZPBVIRScan@@P84@AEXXZW4ConnectionType@Qt@@@Z 00492850 f i IRScan.obj
 0001:00091960       ??$construct@PAU?$_Tree_node@U?$pair@$$CBV?$basic_string@DU?$char_traits@D@std@@V?$allocator@D@2@@std@@V12@@std@@PAX@std@@AAPAU12@@?$_Wrap_alloc@V?$allocator@U?$_Tree_node@U?$pair@$$CBV?$basic_string@DU?$char_traits@D@std@@V?$allocator@D@2@@std@@V12@@std@@PAX@std@@@std@@@std@@QAEXPAPAU?$_Tree_node@U?$pair@$$CBV?$basic_string@DU?$char_traits@D@std@@V?$allocator@D@2@@std@@V12@@std@@PAX@1@AAPAU21@@Z 00492960 f i IRScan.obj
 0001:000919a0       ??$construct@PAU?$_Tree_node@U?$pair@$$CBV?$basic_string@DU?$char_traits@D@std@@V?$allocator@D@2@@std@@V12@@std@@PAX@std@@AAPAU12@@?$allocator@U?$_Tree_node@U?$pair@$$CBV?$basic_string@DU?$char_traits@D@std@@V?$allocator@D@2@@std@@V12@@std@@PAX@std@@@std@@QAEXPAPAU?$_Tree_node@U?$pair@$$CBV?$basic_string@DU?$char_traits@D@std@@V?$allocator@D@2@@std@@V12@@std@@PAX@1@AAPAU21@@Z 004929a0 f i IRScan.obj
 0001:00091a50       ??$construct@PAU?$_Tree_node@U?$pair@$$CBV?$basic_string@DU?$char_traits@D@std@@V?$allocator@D@2@@std@@V12@@std@@PAX@std@@AAPAU12@@?$allocator_traits@V?$allocator@U?$_Tree_node@U?$pair@$$CBV?$basic_string@DU?$char_traits@D@std@@V?$allocator@D@2@@std@@V12@@std@@PAX@std@@@std@@@std@@SAXAAV?$allocator@U?$_Tree_node@U?$pair@$$CBV?$basic_string@DU?$char_traits@D@std@@V?$allocator@D@2@@std@@V12@@std@@PAX@std@@@1@PAPAU?$_Tree_node@U?$pair@$$CBV?$basic_string@DU?$char_traits@D@std@@V?$allocator@D@2@@std@@V12@@std@@PAX@1@AAPAU31@@Z 00492a50 f i IRScan.obj
 0001:00091a80       ??$construct@U?$pair@$$CBV?$basic_string@DU?$char_traits@D@std@@V?$allocator@D@2@@std@@V12@@std@@ABUpiecewise_construct_t@2@V?$tuple@$$QAV?$basic_string@DU?$char_traits@D@std@@V?$allocator@D@2@@std@@@2@V?$tuple@$$$V@2@@?$_Wrap_alloc@V?$allocator@U?$_Tree_node@U?$pair@$$CBV?$basic_string@DU?$char_traits@D@std@@V?$allocator@D@2@@std@@V12@@std@@PAX@std@@@std@@@std@@QAEXPAU?$pair@$$CBV?$basic_string@DU?$char_traits@D@std@@V?$allocator@D@2@@std@@V12@@1@ABUpiecewise_construct_t@1@$$QAV?$tuple@$$QAV?$basic_string@DU?$char_traits@D@std@@V?$allocator@D@2@@std@@@1@$$QAV?$tuple@$$$V@1@@Z 00492a80 f i IRScan.obj
 0001:00091ae0       ??$construct@U?$pair@$$CBV?$basic_string@DU?$char_traits@D@std@@V?$allocator@D@2@@std@@V12@@std@@ABUpiecewise_construct_t@2@V?$tuple@$$QAV?$basic_string@DU?$char_traits@D@std@@V?$allocator@D@2@@std@@@2@V?$tuple@$$$V@2@@?$allocator@U?$_Tree_node@U?$pair@$$CBV?$basic_string@DU?$char_traits@D@std@@V?$allocator@D@2@@std@@V12@@std@@PAX@std@@@std@@QAEXPAU?$pair@$$CBV?$basic_string@DU?$char_traits@D@std@@V?$allocator@D@2@@std@@V12@@1@ABUpiecewise_construct_t@1@$$QAV?$tuple@$$QAV?$basic_string@DU?$char_traits@D@std@@V?$allocator@D@2@@std@@@1@$$QAV?$tuple@$$$V@1@@Z 00492ae0 f i IRScan.obj
 0001:00091bc0       ??$construct@U?$pair@$$CBV?$basic_string@DU?$char_traits@D@std@@V?$allocator@D@2@@std@@V12@@std@@ABUpiecewise_construct_t@2@V?$tuple@$$QAV?$basic_string@DU?$char_traits@D@std@@V?$allocator@D@2@@std@@@2@V?$tuple@$$$V@2@@?$allocator_traits@V?$allocator@U?$_Tree_node@U?$pair@$$CBV?$basic_string@DU?$char_traits@D@std@@V?$allocator@D@2@@std@@V12@@std@@PAX@std@@@std@@@std@@SAXAAV?$allocator@U?$_Tree_node@U?$pair@$$CBV?$basic_string@DU?$char_traits@D@std@@V?$allocator@D@2@@std@@V12@@std@@PAX@std@@@1@PAU?$pair@$$CBV?$basic_string@DU?$char_traits@D@std@@V?$allocator@D@2@@std@@V12@@1@ABUpiecewise_construct_t@1@$$QAV?$tuple@$$QAV?$basic_string@DU?$char_traits@D@std@@V?$allocator@D@2@@std@@@1@$$QAV?$tuple@$$$V@1@@Z 00492bc0 f i IRScan.obj
 0001:00091c10       ??$construct@U_Container_proxy@std@@U12@@?$_Wrap_alloc@V?$allocator@U_Container_proxy@std@@@std@@@std@@QAEXPAU_Container_proxy@1@$$QAU21@@Z 00492c10 f i IRScan.obj
 0001:00091c50       ??$construct@U_Container_proxy@std@@U12@@?$allocator_traits@V?$allocator@U_Container_proxy@std@@@std@@@std@@SAXAAV?$allocator@U_Container_proxy@std@@@1@PAU_Container_proxy@1@$$QAU31@@Z 00492c50 f i IRScan.obj
 0001:00091c80       ??$deref@H@?$QAtomicOpsBySize@$03@@SA_NAAH@Z 00492c80 f i IRScan.obj
 0001:00091cc0       ??$destroy@PAU?$_Tree_node@U?$pair@$$CBV?$basic_string@DU?$char_traits@D@std@@V?$allocator@D@2@@std@@V12@@std@@PAX@std@@@?$_Wrap_alloc@V?$allocator@U?$_Tree_node@U?$pair@$$CBV?$basic_string@DU?$char_traits@D@std@@V?$allocator@D@2@@std@@V12@@std@@PAX@std@@@std@@@std@@QAEXPAPAU?$_Tree_node@U?$pair@$$CBV?$basic_string@DU?$char_traits@D@std@@V?$allocator@D@2@@std@@V12@@std@@PAX@1@@Z 00492cc0 f i IRScan.obj
 0001:00091cf0       ??$destroy@PAU?$_Tree_node@U?$pair@$$CBV?$basic_string@DU?$char_traits@D@std@@V?$allocator@D@2@@std@@V12@@std@@PAX@std@@@?$allocator@U?$_Tree_node@U?$pair@$$CBV?$basic_string@DU?$char_traits@D@std@@V?$allocator@D@2@@std@@V12@@std@@PAX@std@@@std@@QAEXPAPAU?$_Tree_node@U?$pair@$$CBV?$basic_string@DU?$char_traits@D@std@@V?$allocator@D@2@@std@@V12@@std@@PAX@1@@Z 00492cf0 f i IRScan.obj
 0001:00091d00       ??$destroy@PAU?$_Tree_node@U?$pair@$$CBV?$basic_string@DU?$char_traits@D@std@@V?$allocator@D@2@@std@@V12@@std@@PAX@std@@@?$allocator_traits@V?$allocator@U?$_Tree_node@U?$pair@$$CBV?$basic_string@DU?$char_traits@D@std@@V?$allocator@D@2@@std@@V12@@std@@PAX@std@@@std@@@std@@SAXAAV?$allocator@U?$_Tree_node@U?$pair@$$CBV?$basic_string@DU?$char_traits@D@std@@V?$allocator@D@2@@std@@V12@@std@@PAX@std@@@1@PAPAU?$_Tree_node@U?$pair@$$CBV?$basic_string@DU?$char_traits@D@std@@V?$allocator@D@2@@std@@V12@@std@@PAX@1@@Z 00492d00 f i IRScan.obj
 0001:00091d20       ??$destroy@U?$pair@$$CBV?$basic_string@DU?$char_traits@D@std@@V?$allocator@D@2@@std@@V12@@std@@@?$_Wrap_alloc@V?$allocator@U?$_Tree_node@U?$pair@$$CBV?$basic_string@DU?$char_traits@D@std@@V?$allocator@D@2@@std@@V12@@std@@PAX@std@@@std@@@std@@QAEXPAU?$pair@$$CBV?$basic_string@DU?$char_traits@D@std@@V?$allocator@D@2@@std@@V12@@1@@Z 00492d20 f i IRScan.obj
 0001:00091d50       ??$destroy@U?$pair@$$CBV?$basic_string@DU?$char_traits@D@std@@V?$allocator@D@2@@std@@V12@@std@@@?$allocator@U?$_Tree_node@U?$pair@$$CBV?$basic_string@DU?$char_traits@D@std@@V?$allocator@D@2@@std@@V12@@std@@PAX@std@@@std@@QAEXPAU?$pair@$$CBV?$basic_string@DU?$char_traits@D@std@@V?$allocator@D@2@@std@@V12@@1@@Z 00492d50 f i IRScan.obj
 0001:00091d70       ??$destroy@U?$pair@$$CBV?$basic_string@DU?$char_traits@D@std@@V?$allocator@D@2@@std@@V12@@std@@@?$allocator_traits@V?$allocator@U?$_Tree_node@U?$pair@$$CBV?$basic_string@DU?$char_traits@D@std@@V?$allocator@D@2@@std@@V12@@std@@PAX@std@@@std@@@std@@SAXAAV?$allocator@U?$_Tree_node@U?$pair@$$CBV?$basic_string@DU?$char_traits@D@std@@V?$allocator@D@2@@std@@V12@@std@@PAX@std@@@1@PAU?$pair@$$CBV?$basic_string@DU?$char_traits@D@std@@V?$allocator@D@2@@std@@V12@@1@@Z 00492d70 f i IRScan.obj
 0001:00091d90       ??$destroy@U_Container_proxy@std@@@?$_Wrap_alloc@V?$allocator@U_Container_proxy@std@@@std@@@std@@QAEXPAU_Container_proxy@1@@Z 00492d90 f i IRScan.obj
 0001:00091dc0       ??$destroy@U_Container_proxy@std@@@?$allocator_traits@V?$allocator@U_Container_proxy@std@@@std@@@std@@SAXAAV?$allocator@U_Container_proxy@std@@@1@PAU_Container_proxy@1@@Z 00492dc0 f i IRScan.obj
 0001:00091de0       ??$emplace_hint@ABUpiecewise_construct_t@std@@V?$tuple@$$QAV?$basic_string@DU?$char_traits@D@std@@V?$allocator@D@2@@std@@@2@V?$tuple@$$$V@2@@?$_Tree@V?$_Tmap_traits@V?$basic_string@DU?$char_traits@D@std@@V?$allocator@D@2@@std@@V12@U?$less@V?$basic_string@DU?$char_traits@D@std@@V?$allocator@D@2@@std@@@2@V?$allocator@U?$pair@$$CBV?$basic_string@DU?$char_traits@D@std@@V?$allocator@D@2@@std@@V12@@std@@@2@$0A@@std@@@std@@QAE?AV?$_Tree_iterator@V?$_Tree_val@U?$_Tree_simple_types@U?$pair@$$CBV?$basic_string@DU?$char_traits@D@std@@V?$allocator@D@2@@std@@V12@@std@@@std@@@std@@@1@V?$_Tree_const_iterator@V?$_Tree_val@U?$_Tree_simple_types@U?$pair@$$CBV?$basic_string@DU?$char_traits@D@std@@V?$allocator@D@2@@std@@V12@@std@@@std@@@std@@@1@ABUpiecewise_construct_t@1@$$QAV?$tuple@$$QAV?$basic_string@DU?$char_traits@D@std@@V?$allocator@D@2@@std@@@1@$$QAV?$tuple@$$$V@1@@Z 00492de0 f i IRScan.obj
 0001:00091ee0       ??$findChild@PAVQLabel@@@QObject@@QBEPAVQLabel@@ABVQString@@V?$QFlags@W4FindChildOption@Qt@@@@@Z 00492ee0 f i IRScan.obj
 0001:00091f20       ??$forward@$$QAV?$basic_string@DU?$char_traits@D@std@@V?$allocator@D@2@@std@@@std@@YA$$QAV?$basic_string@DU?$char_traits@D@std@@V?$allocator@D@2@@0@AAV10@@Z 00492f20 f i IRScan.obj
 0001:00091f30       ??$forward@AAPAU?$_Tree_node@U?$pair@$$CBV?$basic_string@DU?$char_traits@D@std@@V?$allocator@D@2@@std@@V12@@std@@PAX@std@@@std@@YAAAPAU?$_Tree_node@U?$pair@$$CBV?$basic_string@DU?$char_traits@D@std@@V?$allocator@D@2@@std@@V12@@std@@PAX@0@AAPAU10@@Z 00492f30 f i IRScan.obj
 0001:00091f40       ??$forward@AAU?$pair@$$CBV?$basic_string@DU?$char_traits@D@std@@V?$allocator@D@2@@std@@V12@@std@@@std@@YAAAU?$pair@$$CBV?$basic_string@DU?$char_traits@D@std@@V?$allocator@D@2@@std@@V12@@0@AAU10@@Z 00492f40 f i IRScan.obj
 0001:00091f50       ??$forward@AAV?$_Tree_iterator@V?$_Tree_val@U?$_Tree_simple_types@U?$pair@$$CBV?$basic_string@DU?$char_traits@D@std@@V?$allocator@D@2@@std@@V12@@std@@@std@@@std@@@std@@@std@@YAAAV?$_Tree_iterator@V?$_Tree_val@U?$_Tree_simple_types@U?$pair@$$CBV?$basic_string@DU?$char_traits@D@std@@V?$allocator@D@2@@std@@V12@@std@@@std@@@std@@@0@AAV10@@Z 00492f50 f i IRScan.obj
 0001:00091f60       ??$forward@ABUpiecewise_construct_t@std@@@std@@YAABUpiecewise_construct_t@0@ABU10@@Z 00492f60 f i IRScan.obj
 0001:00091f70       ??$forward@V?$_Tree_iterator@V?$_Tree_val@U?$_Tree_simple_types@U?$pair@$$CBV?$basic_string@DU?$char_traits@D@std@@V?$allocator@D@2@@std@@V12@@std@@@std@@@std@@@std@@@std@@YA$$QAV?$_Tree_iterator@V?$_Tree_val@U?$_Tree_simple_types@U?$pair@$$CBV?$basic_string@DU?$char_traits@D@std@@V?$allocator@D@2@@std@@V12@@std@@@std@@@std@@@0@AAV10@@Z 00492f70 f i IRScan.obj
 0001:00091f80       ??$forward@V?$tuple@$$$V@std@@@std@@YA$$QAV?$tuple@$$$V@0@AAV10@@Z 00492f80 f i IRScan.obj
 0001:00091f90       ??$forward@V?$tuple@$$QAV?$basic_string@DU?$char_traits@D@std@@V?$allocator@D@2@@std@@@std@@@std@@YA$$QAV?$tuple@$$QAV?$basic_string@DU?$char_traits@D@std@@V?$allocator@D@2@@std@@@0@AAV10@@Z 00492f90 f i IRScan.obj
 0001:00091fa0       ??$forward@_N@std@@YA$$QA_NAA_N@Z 00492fa0 f i IRScan.obj
 0001:00091fb0       ??$forward_as_tuple@V?$basic_string@DU?$char_traits@D@std@@V?$allocator@D@2@@std@@@std@@YA?AV?$tuple@$$QAV?$basic_string@DU?$char_traits@D@std@@V?$allocator@D@2@@std@@@0@$$QAV?$basic_string@DU?$char_traits@D@std@@V?$allocator@D@2@@0@@Z 00492fb0 f i IRScan.obj
 0001:00091fe0       ??$get@$0A@$$QAV?$basic_string@DU?$char_traits@D@std@@V?$allocator@D@2@@std@@@std@@YA$$QAV?$basic_string@DU?$char_traits@D@std@@V?$allocator@D@2@@0@$$QAV?$tuple@$$QAV?$basic_string@DU?$char_traits@D@std@@V?$allocator@D@2@@std@@@0@@Z 00492fe0 f i IRScan.obj
 0001:00092000       ??$move@AAV?$QList@VQString@@@@@std@@YA$$QAV?$QList@VQString@@@@AAV1@@Z 00493000 f i IRScan.obj
 0001:00092010       ??$move@AAV?$tuple@$$QAV?$basic_string@DU?$char_traits@D@std@@V?$allocator@D@2@@std@@@std@@@std@@YA$$QAV?$tuple@$$QAV?$basic_string@DU?$char_traits@D@std@@V?$allocator@D@2@@std@@@0@AAV10@@Z 00493010 f i IRScan.obj
 0001:00092020       ??$qSwap@PAUData@QListData@@@@YAXAAPAUData@QListData@@0@Z 00493020 f i IRScan.obj
 0001:00092040       ??$qobject_cast@PAVQLabel@@@@YAPAVQLabel@@PAVQObject@@@Z 00493040 f i IRScan.obj
 0001:00092060       ??$swap@D@std@@YAXAAD0@Z   00493060 f i IRScan.obj
 0001:000920b0       ??$swap@PAUData@QListData@@@std@@YAXAAPAUData@QListData@@0@Z 004930b0 f i IRScan.obj
 0001:00092100       ??$use_facet@V?$codecvt@DDH@std@@@std@@YAABV?$codecvt@DDH@0@ABVlocale@0@@Z 00493100 f i IRScan.obj
 0001:00092240       ??0?$ApplyReturnValue@X@QtPrivate@@QAE@PAX@Z 00493240 f i IRScan.obj
 0001:00092260       ??0?$QAtomicInteger@H@@QAE@H@Z 00493260 f i IRScan.obj
 0001:00092280       ??0?$QFlags@W4AlignmentFlag@Qt@@@@QAE@PQPrivate@0@H@Z 00493280 f i IRScan.obj
 0001:000922a0       ??0?$QFlags@W4AlignmentFlag@Qt@@@@QAE@VQFlag@@@Z 004932a0 f i IRScan.obj
 0001:000922d0       ??0?$QFlags@W4AlignmentFlag@Qt@@@@QAE@W4AlignmentFlag@Qt@@@Z 004932d0 f i IRScan.obj
 0001:000922f0       ??0?$QFlags@W4EditTrigger@QAbstractItemView@@@@QAE@W4EditTrigger@QAbstractItemView@@@Z 004932f0 f i IRScan.obj
 0001:00092310       ??0?$QFlags@W4Filter@QDir@@@@QAE@W4Filter@QDir@@@Z 00493310 f i IRScan.obj
 0001:00092330       ??0?$QFlags@W4FindChildOption@Qt@@@@QAE@W4FindChildOption@Qt@@@Z 00493330 f i IRScan.obj
 0001:00092350       ??0?$QFlags@W4ImageConversionFlag@Qt@@@@QAE@W4ImageConversionFlag@Qt@@@Z 00493350 f i IRScan.obj
 0001:00092370       ??0?$QFlags@W4SectionFlag@QString@@@@QAE@W4SectionFlag@QString@@@Z 00493370 f i IRScan.obj
 0001:00092390       ??0?$QFlags@W4SortFlag@QDir@@@@QAE@W4SortFlag@QDir@@@Z 00493390 f i IRScan.obj
 0001:000923b0       ??0?$QFlags@W4StandardButton@QMessageBox@@@@QAE@W4StandardButton@QMessageBox@@@Z 004933b0 f i IRScan.obj
 0001:000923d0       ??0?$QFlags@W4ToolBarArea@Qt@@@@QAE@W4ToolBarArea@Qt@@@Z 004933d0 f i IRScan.obj
 0001:000923f0       ??0?$QFlags@W4WindowType@Qt@@@@QAE@PQPrivate@0@H@Z 004933f0 f i IRScan.obj
 0001:00092410       ??0?$QFlags@W4WindowType@Qt@@@@QAE@W4WindowType@Qt@@@Z 00493410 f i IRScan.obj
 0001:00092430       ??0?$QList@VQString@@@@QAE@$$QAV0@@Z 00493430 f i IRScan.obj
 0001:00092460       ??0?$QList@VQString@@@@QAE@XZ 00493460 f i IRScan.obj
 0001:00092480       ??0?$QSlotObject@P8IRScan@@AEXXZU?$List@$$$V@QtPrivate@@X@QtPrivate@@QAE@P8IRScan@@AEXXZ@Z 00493480 f i IRScan.obj
 0001:000924c0       ??0?$_Iterator012@Ubidirectional_iterator_tag@std@@U?$pair@$$CBV?$basic_string@DU?$char_traits@D@std@@V?$allocator@D@2@@std@@V12@@2@HPBU32@ABU32@U_Iterator_base12@2@@std@@QAE@ABU01@@Z 004934c0 f i IRScan.obj
 0001:000924f0       ??0?$_Iterator012@Ubidirectional_iterator_tag@std@@U?$pair@$$CBV?$basic_string@DU?$char_traits@D@std@@V?$allocator@D@2@@std@@V12@@2@HPBU32@ABU32@U_Iterator_base12@2@@std@@QAE@XZ 004934f0 f i IRScan.obj
 0001:00092510       ??0?$_Tree@V?$_Tmap_traits@V?$basic_string@DU?$char_traits@D@std@@V?$allocator@D@2@@std@@V12@U?$less@V?$basic_string@DU?$char_traits@D@std@@V?$allocator@D@2@@std@@@2@V?$allocator@U?$pair@$$CBV?$basic_string@DU?$char_traits@D@std@@V?$allocator@D@2@@std@@V12@@std@@@2@$0A@@std@@@std@@QAE@ABU?$less@V?$basic_string@DU?$char_traits@D@std@@V?$allocator@D@2@@std@@@1@ABV?$allocator@U?$pair@$$CBV?$basic_string@DU?$char_traits@D@std@@V?$allocator@D@2@@std@@V12@@std@@@1@@Z 00493510 f i IRScan.obj
 0001:00092540       ??0?$_Tree_alloc@$0A@U?$_Tree_base_types@U?$pair@$$CBV?$basic_string@DU?$char_traits@D@std@@V?$allocator@D@2@@std@@V12@@std@@V?$allocator@U?$pair@$$CBV?$basic_string@DU?$char_traits@D@std@@V?$allocator@D@2@@std@@V12@@std@@@2@@std@@@std@@QAE@ABV?$allocator@U?$pair@$$CBV?$basic_string@DU?$char_traits@D@std@@V?$allocator@D@2@@std@@V12@@std@@@1@@Z 00493540 f i IRScan.obj
 0001:00092610       ??0?$_Tree_buy@U?$pair@$$CBV?$basic_string@DU?$char_traits@D@std@@V?$allocator@D@2@@std@@V12@@std@@V?$allocator@U?$pair@$$CBV?$basic_string@DU?$char_traits@D@std@@V?$allocator@D@2@@std@@V12@@std@@@2@@std@@QAE@ABV?$allocator@U?$pair@$$CBV?$basic_string@DU?$char_traits@D@std@@V?$allocator@D@2@@std@@V12@@std@@@1@@Z 00493610 f i IRScan.obj
 0001:00092640       ??0?$_Tree_comp@$0A@V?$_Tmap_traits@V?$basic_string@DU?$char_traits@D@std@@V?$allocator@D@2@@std@@V12@U?$less@V?$basic_string@DU?$char_traits@D@std@@V?$allocator@D@2@@std@@@2@V?$allocator@U?$pair@$$CBV?$basic_string@DU?$char_traits@D@std@@V?$allocator@D@2@@std@@V12@@std@@@2@$0A@@std@@@std@@QAE@ABU?$less@V?$basic_string@DU?$char_traits@D@std@@V?$allocator@D@2@@std@@@1@ABV?$allocator@U?$pair@$$CBV?$basic_string@DU?$char_traits@D@std@@V?$allocator@D@2@@std@@V12@@std@@@1@@Z 00493640 f i IRScan.obj
 0001:00092670       ??0?$_Tree_const_iterator@V?$_Tree_val@U?$_Tree_simple_types@U?$pair@$$CBV?$basic_string@DU?$char_traits@D@std@@V?$allocator@D@2@@std@@V12@@std@@@std@@@std@@@std@@QAE@ABV01@@Z 00493670 f i IRScan.obj
 0001:000926a0       ??0?$_Tree_const_iterator@V?$_Tree_val@U?$_Tree_simple_types@U?$pair@$$CBV?$basic_string@DU?$char_traits@D@std@@V?$allocator@D@2@@std@@V12@@std@@@std@@@std@@@std@@QAE@PAU?$_Tree_node@U?$pair@$$CBV?$basic_string@DU?$char_traits@D@std@@V?$allocator@D@2@@std@@V12@@std@@PAX@1@PBV?$_Tree_val@U?$_Tree_simple_types@U?$pair@$$CBV?$basic_string@DU?$char_traits@D@std@@V?$allocator@D@2@@std@@V12@@std@@@std@@@1@@Z 004936a0 f i IRScan.obj
 0001:000926d0       ??0?$_Tree_const_iterator@V?$_Tree_val@U?$_Tree_simple_types@U?$pair@$$CBV?$basic_string@DU?$char_traits@D@std@@V?$allocator@D@2@@std@@V12@@std@@@std@@@std@@@std@@QAE@XZ 004936d0 f i IRScan.obj
 0001:000926f0       ??0?$_Tree_iterator@V?$_Tree_val@U?$_Tree_simple_types@U?$pair@$$CBV?$basic_string@DU?$char_traits@D@std@@V?$allocator@D@2@@std@@V12@@std@@@std@@@std@@@std@@QAE@ABV01@@Z 004936f0 f i IRScan.obj
 0001:00092720       ??0?$_Tree_iterator@V?$_Tree_val@U?$_Tree_simple_types@U?$pair@$$CBV?$basic_string@DU?$char_traits@D@std@@V?$allocator@D@2@@std@@V12@@std@@@std@@@std@@@std@@QAE@PAU?$_Tree_node@U?$pair@$$CBV?$basic_string@DU?$char_traits@D@std@@V?$allocator@D@2@@std@@V12@@std@@PAX@1@PBV?$_Tree_val@U?$_Tree_simple_types@U?$pair@$$CBV?$basic_string@DU?$char_traits@D@std@@V?$allocator@D@2@@std@@V12@@std@@@std@@@1@@Z 00493720 f i IRScan.obj
 0001:00092750       ??0?$_Tree_unchecked_const_iterator@V?$_Tree_val@U?$_Tree_simple_types@U?$pair@$$CBV?$basic_string@DU?$char_traits@D@std@@V?$allocator@D@2@@std@@V12@@std@@@std@@@std@@U_Iterator_base12@2@@std@@QAE@ABV01@@Z 00493750 f i IRScan.obj
 0001:00092790       ??0?$_Tree_unchecked_const_iterator@V?$_Tree_val@U?$_Tree_simple_types@U?$pair@$$CBV?$basic_string@DU?$char_traits@D@std@@V?$allocator@D@2@@std@@V12@@std@@@std@@@std@@U_Iterator_base12@2@@std@@QAE@PAU?$_Tree_node@U?$pair@$$CBV?$basic_string@DU?$char_traits@D@std@@V?$allocator@D@2@@std@@V12@@std@@PAX@1@PBV?$_Tree_val@U?$_Tree_simple_types@U?$pair@$$CBV?$basic_string@DU?$char_traits@D@std@@V?$allocator@D@2@@std@@V12@@std@@@std@@@1@@Z 00493790 f i IRScan.obj
 0001:00092810       ??0?$_Tree_unchecked_const_iterator@V?$_Tree_val@U?$_Tree_simple_types@U?$pair@$$CBV?$basic_string@DU?$char_traits@D@std@@V?$allocator@D@2@@std@@V12@@std@@@std@@@std@@U_Iterator_base12@2@@std@@QAE@XZ 00493810 f i IRScan.obj
 0001:00092840       ??0?$_Tree_val@U?$_Tree_simple_types@U?$pair@$$CBV?$basic_string@DU?$char_traits@D@std@@V?$allocator@D@2@@std@@V12@@std@@@std@@@std@@QAE@XZ 00493840 f i IRScan.obj
 0001:00092880       ??0?$_Vector_alloc@$0A@U?$_Vec_base_types@V?$basic_string@DU?$char_traits@D@std@@V?$allocator@D@2@@std@@V?$allocator@V?$basic_string@DU?$char_traits@D@std@@V?$allocator@D@2@@std@@@2@@std@@@std@@QAE@ABV?$allocator@V?$basic_string@DU?$char_traits@D@std@@V?$allocator@D@2@@std@@@1@@Z 00493880 f i IRScan.obj
 0001:000928f0       ??0?$_Vector_val@U?$_Simple_types@V?$basic_string@DU?$char_traits@D@std@@V?$allocator@D@2@@std@@@std@@@std@@QAE@XZ 004938f0 f i IRScan.obj
[...]
 0004:00001104       __imp_?item@QTableWidget@@QBEPAVQTableWidgetItem@@HH@Z 006e5104     Qt5Widgetsd:Qt5Widgetsd.dll
 0004:00001108       __imp_?columnCount@QTableWidget@@QBEHXZ 006e5108     Qt5Widgetsd:Qt5Widgetsd.dll
 0004:0000110c       __imp_?setColumnCount@QTableWidget@@QAEXH@Z 006e510c     Qt5Widgetsd:Qt5Widgetsd.dll
 0004:00001110       __imp_?rowCount@QTableWidget@@QBEHXZ 006e5110     Qt5Widgetsd:Qt5Widgetsd.dll
 0004:00001114       __imp_?setRowCount@QTableWidget@@QAEXH@Z 006e5114     Qt5Widgetsd:Qt5Widgetsd.dll
 0004:00001118       __imp_??1QTableWidget@@UAE@XZ 006e5118     Qt5Widgetsd:Qt5Widgetsd.dll
 0004:0000111c       __imp_??0QTableWidget@@QAE@PAVQWidget@@@Z 006e511c     Qt5Widgetsd:Qt5Widgetsd.dll
 0004:00001120       __imp_?setBackground@QTableWidgetItem@@QAEXABVQBrush@@@Z 006e5120     Qt5Widgetsd:Qt5Widgetsd.dll
 0004:00001124       __imp_?setText@QTableWidgetItem@@QAEXABVQString@@@Z 006e5124     Qt5Widgetsd:Qt5Widgetsd.dll
 0004:00001128       __imp_?text@QTableWidgetItem@@QBE?AVQString@@XZ 006e5128     Qt5Widgetsd:Qt5Widgetsd.dll
 0004:0000112c       __imp_??1QTableWidgetItem@@UAE@XZ 006e512c     Qt5Widgetsd:Qt5Widgetsd.dll
 0004:00001130       __imp_??0QTableWidgetItem@@QAE@ABVQString@@H@Z 006e5130     Qt5Widgetsd:Qt5Widgetsd.dll
 0004:00001134       __imp_??0QTableWidgetItem@@QAE@H@Z 006e5134     Qt5Widgetsd:Qt5Widgetsd.dll
 0004:00001138       __imp_?selectRow@QTableView@@QAEXH@Z 006e5138     Qt5Widgetsd:Qt5Widgetsd.dll
 0004:0000113c       __imp_?verticalHeader@QTableView@@QBEPAVQHeaderView@@XZ 006e513c     Qt5Widgetsd:Qt5Widgetsd.dll
 0004:00001140       __imp_?horizontalHeader@QTableView@@QBEPAVQHeaderView@@XZ 006e5140     Qt5Widgetsd:Qt5Widgetsd.dll
 0004:00001144       __imp_?addPermanentWidget@QStatusBar@@QAEXPAVQWidget@@H@Z 006e5144     Qt5Widgetsd:Qt5Widgetsd.dll
 0004:00001148       __imp_??1QStatusBar@@UAE@XZ 006e5148     Qt5Widgetsd:Qt5Widgetsd.dll
 0004:0000114c       __imp_??0QStatusBar@@QAE@PAVQWidget@@@Z 006e514c     Qt5Widgetsd:Qt5Widgetsd.dll
 0004:00001150       __imp_?setCurrentWidget@QStackedWidget@@QAEXPAVQWidget@@@Z 006e5150     Qt5Widgetsd:Qt5Widgetsd.dll
 0004:00001154       __imp_?addWidget@QStackedWidget@@QAEHPAVQWidget@@@Z 006e5154     Qt5Widgetsd:Qt5Widgetsd.dll
 0004:00001158       __imp_??1QStackedWidget@@UAE@XZ 006e5158     Qt5Widgetsd:Qt5Widgetsd.dll
 0004:0000115c       __imp_??0QStackedWidget@@QAE@PAVQWidget@@@Z 006e515c     Qt5Widgetsd:Qt5Widgetsd.dll
 0004:00001160       __imp_??1QMenuBar@@UAE@XZ  006e5160     Qt5Widgetsd:Qt5Widgetsd.dll
 0004:00001164       __imp_??0QMenuBar@@QAE@PAVQWidget@@@Z 006e5164     Qt5Widgetsd:Qt5Widgetsd.dll
 0004:00001168       __imp_?setText@QLineEdit@@QAEXABVQString@@@Z 006e5168     Qt5Widgetsd:Qt5Widgetsd.dll
 0004:0000116c       __imp_?text@QLineEdit@@QBE?AVQString@@XZ 006e516c     Qt5Widgetsd:Qt5Widgetsd.dll
 0004:00001170       __imp_??1QLineEdit@@UAE@XZ 006e5170     Qt5Widgetsd:Qt5Widgetsd.dll
 0004:00001174       __imp_??0QLineEdit@@QAE@PAVQWidget@@@Z 006e5174     Qt5Widgetsd:Qt5Widgetsd.dll
 0004:00001178       __imp_?clear@QLabel@@QAEXXZ 006e5178     Qt5Widgetsd:Qt5Widgetsd.dll
 0004:0000117c       __imp_?setPixmap@QLabel@@QAEXABVQPixmap@@@Z 006e517c     Qt5Widgetsd:Qt5Widgetsd.dll
 0004:00001180       __imp_?setText@QLabel@@QAEXABVQString@@@Z 006e5180     Qt5Widgetsd:Qt5Widgetsd.dll
 0004:00001184       __imp_?setAlignment@QLabel@@QAEXV?$QFlags@W4AlignmentFlag@Qt@@@@@Z 006e5184     Qt5Widgetsd:Qt5Widgetsd.dll
 0004:00001188       __imp_??1QLabel@@UAE@XZ    006e5188     Qt5Widgetsd:Qt5Widgetsd.dll
 0004:0000118c       __imp_??0QLabel@@QAE@PAVQWidget@@V?$QFlags@W4WindowType@Qt@@@@@Z 006e518c     Qt5Widgetsd:Qt5Widgetsd.dll
 0004:00001190       __imp_?setMinimumSectionSize@QHeaderView@@QAEXH@Z 006e5190     Qt5Widgetsd:Qt5Widgetsd.dll
 0004:00001194       __imp_?setDefaultSectionSize@QHeaderView@@QAEXH@Z 006e5194     Qt5Widgetsd:Qt5Widgetsd.dll
 0004:00001198       __imp_?setCascadingSectionResizes@QHeaderView@@QAEX_N@Z 006e5198     Qt5Widgetsd:Qt5Widgetsd.dll
 0004:0000119c       __imp_?setStretchLastSection@QHeaderView@@QAEX_N@Z 006e519c     Qt5Widgetsd:Qt5Widgetsd.dll
 0004:000011a0       __imp_?setSectionResizeMode@QHeaderView@@QAEXW4ResizeMode@1@@Z 006e51a0     Qt5Widgetsd:Qt5Widgetsd.dll
 0004:000011a4       __imp_?setHighlightSections@QHeaderView@@QAEX_N@Z 006e51a4     Qt5Widgetsd:Qt5Widgetsd.dll
 0004:000011a8       __imp_?setSectionsClickable@QHeaderView@@QAEX_N@Z 006e51a8     Qt5Widgetsd:Qt5Widgetsd.dll
 0004:000011ac       __imp_?setAlternatingRowColors@QAbstractItemView@@QAEX_N@Z 006e51ac     Qt5Widgetsd:Qt5Widgetsd.dll
 0004:000011b0       __imp_?setDragDropOverwriteMode@QAbstractItemView@@QAEX_N@Z 006e51b0     Qt5Widgetsd:Qt5Widgetsd.dll
 0004:000011b4       __imp_?setTabKeyNavigation@QAbstractItemView@@QAEX_N@Z 006e51b4     Qt5Widgetsd:Qt5Widgetsd.dll
 0004:000011b8       __imp_?setAutoScrollMargin@QAbstractItemView@@QAEXH@Z 006e51b8     Qt5Widgetsd:Qt5Widgetsd.dll
 0004:000011bc       __imp_?setEditTriggers@QAbstractItemView@@QAEXV?$QFlags@W4EditTrigger@QAbstractItemView@@@@@Z 006e51bc     Qt5Widgetsd:Qt5Widgetsd.dll
 0004:000011c0       __imp_?currentIndex@QAbstractItemView@@QBE?AVQModelIndex@@XZ 006e51c0     Qt5Widgetsd:Qt5Widgetsd.dll
 0004:000011c4       __imp_?setSelectionBehavior@QAbstractItemView@@QAEXW4SelectionBehavior@1@@Z 006e51c4     Qt5Widgetsd:Qt5Widgetsd.dll
 0004:000011c8       __imp_?setSelectionMode@QAbstractItemView@@QAEXW4SelectionMode@1@@Z 006e51c8     Qt5Widgetsd:Qt5Widgetsd.dll
 0004:000011cc       __imp_?setSizeAdjustPolicy@QAbstractScrollArea@@QAEXW4SizeAdjustPolicy@1@@Z 006e51cc     Qt5Widgetsd:Qt5Widgetsd.dll
 0004:000011d0       __imp_?setTitle@QGroupBox@@QAEXABVQString@@@Z 006e51d0     Qt5Widgetsd:Qt5Widgetsd.dll
 0004:000011d4       __imp_??1QGroupBox@@UAE@XZ 006e51d4     Qt5Widgetsd:Qt5Widgetsd.dll
 0004:000011d8       __imp_??0QGroupBox@@QAE@PAVQWidget@@@Z 006e51d8     Qt5Widgetsd:Qt5Widgetsd.dll
 0004:000011dc       __imp_?setFrameShape@QFrame@@QAEXW4Shape@1@@Z 006e51dc     Qt5Widgetsd:Qt5Widgetsd.dll
 0004:000011e0       __imp_?addItem@QGridLayout@@QAEXPAVQLayoutItem@@HHHHV?$QFlags@W4AlignmentFlag@Qt@@@@@Z 006e51e0     Qt5Widgetsd:Qt5Widgetsd.dll
 0004:000011e4       __imp_?addLayout@QGridLayout@@QAEXPAVQLayout@@HHHHV?$QFlags@W4AlignmentFlag@Qt@@@@@Z 006e51e4     Qt5Widgetsd:Qt5Widgetsd.dll
 0004:000011e8       __imp_?addWidget@QGridLayout@@QAEXPAVQWidget@@HHHHV?$QFlags@W4AlignmentFlag@Qt@@@@@Z 006e51e8     Qt5Widgetsd:Qt5Widgetsd.dll
 0004:000011ec       __imp_?addWidget@QGridLayout@@QAEXPAVQWidget@@HHV?$QFlags@W4AlignmentFlag@Qt@@@@@Z 006e51ec     Qt5Widgetsd:Qt5Widgetsd.dll
 0004:000011f0       __imp_?setSpacing@QGridLayout@@QAEXH@Z 006e51f0     Qt5Widgetsd:Qt5Widgetsd.dll
 0004:000011f4       __imp_??1QGridLayout@@UAE@XZ 006e51f4     Qt5Widgetsd:Qt5Widgetsd.dll
 0004:000011f8       __imp_??0QGridLayout@@QAE@XZ 006e51f8     Qt5Widgetsd:Qt5Widgetsd.dll
 0004:000011fc       __imp_??0QGridLayout@@QAE@PAVQWidget@@@Z 006e51fc     Qt5Widgetsd:Qt5Widgetsd.dll
 0004:00001200       __imp_??1QVBoxLayout@@UAE@XZ 006e5200     Qt5Widgetsd:Qt5Widgetsd.dll
 0004:00001204       __imp_??0QVBoxLayout@@QAE@PAVQWidget@@@Z 006e5204     Qt5Widgetsd:Qt5Widgetsd.dll
 0004:00001208       __imp_??1QHBoxLayout@@UAE@XZ 006e5208     Qt5Widgetsd:Qt5Widgetsd.dll
 0004:0000120c       __imp_??0QHBoxLayout@@QAE@PAVQWidget@@@Z 006e520c     Qt5Widgetsd:Qt5Widgetsd.dll
 0004:00001210       __imp_?setSpacing@QBoxLayout@@QAEXH@Z 006e5210     Qt5Widgetsd:Qt5Widgetsd.dll
 0004:00001214       __imp_?addWidget@QBoxLayout@@QAEXPAVQWidget@@HV?$QFlags@W4AlignmentFlag@Qt@@@@@Z 006e5214     Qt5Widgetsd:Qt5Widgetsd.dll
 0004:00001218       __imp_?setContentsMargins@QLayout@@QAEXHHHH@Z 006e5218     Qt5Widgetsd:Qt5Widgetsd.dll
 0004:0000121c       __imp_??1QSpacerItem@@UAE@XZ 006e521c     Qt5Widgetsd:Qt5Widgetsd.dll
 0004:00001220       __imp_??0QSpacerItem@@QAE@HHW4Policy@QSizePolicy@@0@Z 006e5220     Qt5Widgetsd:Qt5Widgetsd.dll
 0004:00001224       __imp_??1QDateEdit@@UAE@XZ 006e5224     Qt5Widgetsd:Qt5Widgetsd.dll
 0004:00001228       __imp_??0QDateEdit@@QAE@PAVQWidget@@@Z 006e5228     Qt5Widgetsd:Qt5Widgetsd.dll
 0004:0000122c       __imp_?setDateTime@QDateTimeEdit@@QAEXABVQDateTime@@@Z 006e522c     Qt5Widgetsd:Qt5Widgetsd.dll
 0004:00001230       __imp_?setDisplayFormat@QDateTimeEdit@@QAEXABVQString@@@Z 006e5230     Qt5Widgetsd:Qt5Widgetsd.dll
 0004:00001234       __imp_?text@QAbstractSpinBox@@QBE?AVQString@@XZ 006e5234     Qt5Widgetsd:Qt5Widgetsd.dll
 0004:00001238       __imp_??1QCheckBox@@UAE@XZ 006e5238     Qt5Widgetsd:Qt5Widgetsd.dll
 0004:0000123c       __imp_??0QCheckBox@@QAE@PAVQWidget@@@Z 006e523c     Qt5Widgetsd:Qt5Widgetsd.dll
 0004:00001240       __imp_?setChecked@QAbstractButton@@QAEX_N@Z 006e5240     Qt5Widgetsd:Qt5Widgetsd.dll
 0004:00001244       __imp_?setIconSize@QAbstractButton@@QAEXABVQSize@@@Z 006e5244     Qt5Widgetsd:Qt5Widgetsd.dll
 0004:00001248       __imp_?isChecked@QAbstractButton@@QBE_NXZ 006e5248     Qt5Widgetsd:Qt5Widgetsd.dll
 0004:0000124c       __imp_?setShortcut@QAbstractButton@@QAEXABVQKeySequence@@@Z 006e524c     Qt5Widgetsd:Qt5Widgetsd.dll
 0004:00001250       __imp_?setIcon@QAbstractButton@@QAEXABVQIcon@@@Z 006e5250     Qt5Widgetsd:Qt5Widgetsd.dll
 0004:00001254       __imp_?text@QAbstractButton@@QBE?AVQString@@XZ 006e5254     Qt5Widgetsd:Qt5Widgetsd.dll
 0004:00001258       __imp_?setText@QAbstractButton@@QAEXABVQString@@@Z 006e5258     Qt5Widgetsd:Qt5Widgetsd.dll
 0004:0000125c       __imp_?triggered@QAction@@QAEX_N@Z 006e525c     Qt5Widgetsd:Qt5Widgetsd.dll
 0004:00001260       __imp_?setStatusTip@QAction@@QAEXABVQString@@@Z 006e5260     Qt5Widgetsd:Qt5Widgetsd.dll
 0004:00001264       __imp_?setToolTip@QAction@@QAEXABVQString@@@Z 006e5264     Qt5Widgetsd:Qt5Widgetsd.dll
 0004:00001268       __imp_?setText@QAction@@QAEXABVQString@@@Z 006e5268     Qt5Widgetsd:Qt5Widgetsd.dll
 0004:0000126c       __imp_?setIcon@QAction@@QAEXABVQIcon@@@Z 006e526c     Qt5Widgetsd:Qt5Widgetsd.dll
 0004:00001270       __imp_??1QAction@@UAE@XZ   006e5270     Qt5Widgetsd:Qt5Widgetsd.dll
 0004:00001274       __imp_??0QAction@@QAE@PAVQObject@@@Z 006e5274     Qt5Widgetsd:Qt5Widgetsd.dll
 0004:00001278       __imp_?addToolBar@QMainWindow@@QAEXW4ToolBarArea@Qt@@PAVQToolBar@@@Z 006e5278     Qt5Widgetsd:Qt5Widgetsd.dll
 0004:0000127c       __imp_?setCentralWidget@QMainWindow@@QAEXPAVQWidget@@@Z 006e527c     Qt5Widgetsd:Qt5Widgetsd.dll
 0004:00001280       __imp_?setStatusBar@QMainWindow@@QAEXPAVQStatusBar@@@Z 006e5280     Qt5Widgetsd:Qt5Widgetsd.dll
 0004:00001284       __imp_?statusBar@QMainWindow@@QBEPAVQStatusBar@@XZ 006e5284     Qt5Widgetsd:Qt5Widgetsd.dll
 0004:00001288       __imp_?setMenuBar@QMainWindow@@QAEXPAVQMenuBar@@@Z 006e5288     Qt5Widgetsd:Qt5Widgetsd.dll
 0004:0000128c       __imp_??1QMainWindow@@UAE@XZ 006e528c     Qt5Widgetsd:Qt5Widgetsd.dll
 0004:00001290       __imp_??0QMainWindow@@QAE@PAVQWidget@@V?$QFlags@W4WindowType@Qt@@@@@Z 006e5290     Qt5Widgetsd:Qt5Widgetsd.dll
 0004:00001294       __imp_?setWindowFlags@QWidget@@QAEXV?$QFlags@W4WindowType@Qt@@@@@Z 006e5294     Qt5Widgetsd:Qt5Widgetsd.dll
 0004:00001298       __imp_?addAction@QWidget@@QAEXPAVQAction@@@Z 006e5298     Qt5Widgetsd:Qt5Widgetsd.dll
 0004:0000129c       __imp_?setSizePolicy@QWidget@@QAEXW4Policy@QSizePolicy@@0@Z 006e529c     Qt5Widgetsd:Qt5Widgetsd.dll
 0004:000012a0       __imp_?setSizePolicy@QWidget@@QAEXVQSizePolicy@@@Z 006e52a0     Qt5Widgetsd:Qt5Widgetsd.dll
 0004:000012a4       __imp_?sizePolicy@QWidget@@QBE?AVQSizePolicy@@XZ 006e52a4     Qt5Widgetsd:Qt5Widgetsd.dll
 0004:000012a8       __imp_?setGeometry@QWidget@@QAEXABVQRect@@@Z 006e52a8     Qt5Widgetsd:Qt5Widgetsd.dll
 0004:000012ac       __imp_?resize@QWidget@@QAEXHH@Z 006e52ac     Qt5Widgetsd:Qt5Widgetsd.dll
 0004:000012b0       __imp_?hide@QWidget@@QAEXXZ 006e52b0     Qt5Widgetsd:Qt5Widgetsd.dll
 0004:000012b4       __imp_?show@QWidget@@QAEXXZ 006e52b4     Qt5Widgetsd:Qt5Widgetsd.dll
 0004:000012b8       __imp_?update@QWidget@@QAEXXZ 006e52b8     Qt5Widgetsd:Qt5Widgetsd.dll
 0004:000012bc       __imp_?setToolTip@QWidget@@QAEXABVQString@@@Z 006e52bc     Qt5Widgetsd:Qt5Widgetsd.dll
 0004:000012c0       __imp_?setWindowIcon@QWidget@@QAEXABVQIcon@@@Z 006e52c0     Qt5Widgetsd:Qt5Widgetsd.dll
 0004:000012c4       __imp_?setStyleSheet@QWidget@@QAEXABVQString@@@Z 006e52c4     Qt5Widgetsd:Qt5Widgetsd.dll
 0004:000012c8       __imp_?setWindowTitle@QWidget@@QAEXABVQString@@@Z 006e52c8     Qt5Widgetsd:Qt5Widgetsd.dll
 0004:000012cc       __imp_?setMaximumSize@QWidget@@QAEXABVQSize@@@Z 006e52cc     Qt5Widgetsd:Qt5Widgetsd.dll
 0004:000012d0       __imp_?setMinimumSize@QWidget@@QAEXABVQSize@@@Z 006e52d0     Qt5Widgetsd:Qt5Widgetsd.dll
 0004:000012d4       __imp_?height@QWidget@@QBEHXZ 006e52d4     Qt5Widgetsd:Qt5Widgetsd.dll
 0004:000012d8       __imp_?width@QWidget@@QBEHXZ 006e52d8     Qt5Widgetsd:Qt5Widgetsd.dll
 0004:000012dc       __imp_?setDisabled@QWidget@@QAEX_N@Z 006e52dc     Qt5Widgetsd:Qt5Widgetsd.dll
 0004:000012e0       __imp_?setWindowModality@QWidget@@QAEXW4WindowModality@Qt@@@Z 006e52e0     Qt5Widgetsd:Qt5Widgetsd.dll
 0004:000012e4       __imp_??1QWidget@@UAE@XZ   006e52e4     Qt5Widgetsd:Qt5Widgetsd.dll
 0004:000012e8       __imp_??0QWidget@@QAE@PAV0@V?$QFlags@W4WindowType@Qt@@@@@Z 006e52e8     Qt5Widgetsd:Qt5Widgetsd.dll
 0004:000012ec       __imp_?setVerticalStretch@QSizePolicy@@QAEXH@Z 006e52ec     Qt5Widgetsd:Qt5Widgetsd.dll
 0004:000012f0       __imp_?setHorizontalStretch@QSizePolicy@@QAEXH@Z 006e52f0     Qt5Widgetsd:Qt5Widgetsd.dll
 0004:000012f4       __imp_?hasHeightForWidth@QSizePolicy@@QBE_NXZ 006e52f4     Qt5Widgetsd:Qt5Widgetsd.dll
 0004:000012f8       __imp_?setHeightForWidth@QSizePolicy@@QAEX_N@Z 006e52f8     Qt5Widgetsd:Qt5Widgetsd.dll
 0004:000012fc       __imp_??0QSizePolicy@@QAE@W4Policy@0@0W4ControlType@0@@Z 006e52fc     Qt5Widgetsd:Qt5Widgetsd.dll
 0004:00001300       __imp_?staticMetaObject@QLabel@@2UQMetaObject@@B 006e5300     Qt5Widgetsd:Qt5Widgetsd.dll
 0004:00001304       __imp_?qt_metacall@QLabel@@UAEHW4Call@QMetaObject@@HPAPAX@Z 006e5304     Qt5Widgetsd:Qt5Widgetsd.dll
 0004:00001308       __imp_?qt_metacast@QLabel@@UAEPAXPBD@Z 006e5308     Qt5Widgetsd:Qt5Widgetsd.dll
 0004:0000130c       __imp_?staticMetaObject@QWidget@@2UQMetaObject@@B 006e530c     Qt5Widgetsd:Qt5Widgetsd.dll
 0004:00001310       __imp_?qt_metacall@QWidget@@UAEHW4Call@QMetaObject@@HPAPAX@Z 006e5310     Qt5Widgetsd:Qt5Widgetsd.dll
 0004:00001314       __imp_?qt_metacast@QWidget@@UAEPAXPBD@Z 006e5314     Qt5Widgetsd:Qt5Widgetsd.dll
 0004:00001318       __imp_?staticMetaObject@QMainWindow@@2UQMetaObject@@B 006e5318     Qt5Widgetsd:Qt5Widgetsd.dll
 0004:0000131c       __imp_?qt_metacall@QMainWindow@@UAEHW4Call@QMetaObject@@HPAPAX@Z 006e531c     Qt5Widgetsd:Qt5Widgetsd.dll
 0004:00001320       __imp_?qt_metacast@QMainWindow@@UAEPAXPBD@Z 006e5320     Qt5Widgetsd:Qt5Widgetsd.dll
 0004:00001324       __imp_?paintEvent@QMenuBar@@MAEXPAVQPaintEvent@@@Z 006e5324     Qt5Widgetsd:Qt5Widgetsd.dll
 0004:00001328       __imp_?isEmpty@QLayout@@UBE_NXZ 006e5328     Qt5Widgetsd:Qt5Widgetsd.dll
 0004:0000132c       __imp_?layout@QLayout@@UAEPAV1@XZ 006e532c     Qt5Widgetsd:Qt5Widgetsd.dll
 0004:00001330       \177Qt5Widgetsd_NULL_THUNK_DATA 006e5330     Qt5Widgetsd:Qt5Widgetsd.dll
 0004:0000155c       __imp__CommandLineToArgvW@8 006e555c     Shell32:SHELL32.dll
 0004:00001560       \177SHELL32_NULL_THUNK_DATA 006e5560     Shell32:SHELL32.dll
 0004:0000158c       __imp__WSAGetLastError@0   006e558c     ws2_32:WS2_32.dll
 0004:00001590       __imp__WSACleanup@0        006e5590     ws2_32:WS2_32.dll
 0004:00001594       __imp__socket@12           006e5594     ws2_32:WS2_32.dll
 0004:00001598       __imp__shutdown@8          006e5598     ws2_32:WS2_32.dll
 0004:0000159c       __imp__setsockopt@20       006e559c     ws2_32:WS2_32.dll
 0004:000015a0       __imp__send@16             006e55a0     ws2_32:WS2_32.dll
 0004:000015a4       __imp__select@20           006e55a4     ws2_32:WS2_32.dll
 0004:000015a8       __imp__recv@16             006e55a8     ws2_32:WS2_32.dll
 0004:000015ac       __imp__htons@4             006e55ac     ws2_32:WS2_32.dll
 0004:000015b0       __imp__getsockopt@20       006e55b0     ws2_32:WS2_32.dll
 0004:000015b4       __imp__ioctlsocket@12      006e55b4     ws2_32:WS2_32.dll
 0004:000015b8       __imp__connect@12          006e55b8     ws2_32:WS2_32.dll
 0004:000015bc       __imp__closesocket@4       006e55bc     ws2_32:WS2_32.dll
 0004:000015c0       __imp__WSAStartup@8        006e55c0     ws2_32:WS2_32.dll
 0004:000015c4       __imp__gethostname@8       006e55c4     ws2_32:WS2_32.dll
 0004:000015c8       __imp__gethostbyname@4     006e55c8     ws2_32:WS2_32.dll
 0004:000015cc       __imp__inet_ntoa@4         006e55cc     ws2_32:WS2_32.dll
 0004:000015d0       \177WS2_32_NULL_THUNK_DATA 006e55d0     ws2_32:WS2_32.dll
 0004:00001608       __imp__MiniDumpWriteDump@28 006e5608     Dbghelp:dbghelp.dll
 0004:0000160c       \177dbghelp_NULL_THUNK_DATA 006e560c     Dbghelp:dbghelp.dll
 0004:00001638       __imp_?data2Img@@YAXPAGAAVMat@cv@@HHHHHM@Z 006e5638     imgProcDll:imgProcDll.dll
 0004:0000163c       \177imgProcDll_NULL_THUNK_DATA 006e563c     imgProcDll:imgProcDll.dll
 0004:00001668       __imp_?line@cv@@YAXAAVMat@1@V?$Point_@H@1@1ABV?$Scalar_@N@1@HHH@Z 006e5668     opencv_core249d:opencv_core249d.dll
 0004:0000166c       __imp_?copyTo@Mat@cv@@QBEXABV_OutputArray@2@@Z 006e566c     opencv_core249d:opencv_core249d.dll
 0004:00001670       __imp_?fastFree@cv@@YAXPAX@Z 006e5670     opencv_core249d:opencv_core249d.dll
 0004:00001674       __imp_??0_InputArray@cv@@QAE@ABVMat@1@@Z 006e5674     opencv_core249d:opencv_core249d.dll
 0004:00001678       __imp_?_interlockedExchangeAdd@cv@@YAHPAHH@Z 006e5678     opencv_core249d:opencv_core249d.dll
 0004:0000167c       __imp_?deallocate@Mat@cv@@QAEXXZ 006e567c     opencv_core249d:opencv_core249d.dll
 0004:00001680       __imp_?create@Mat@cv@@QAEXHPBHH@Z 006e5680     opencv_core249d:opencv_core249d.dll
 0004:00001684       __imp_??0_OutputArray@cv@@QAE@AAVMat@1@@Z 006e5684     opencv_core249d:opencv_core249d.dll
 0004:00001688       \177opencv_core249d_NULL_THUNK_DATA 006e5688     opencv_core249d:opencv_core249d.dll
 0004:000016b8       __imp_?resize@cv@@YAXABV_InputArray@1@ABV_OutputArray@1@V?$Size_@H@1@NNH@Z 006e56b8     opencv_imgproc249d:opencv_imgproc249d.dll
 0004:000016bc       \177opencv_imgproc249d_NULL_THUNK_DATA 006e56bc     opencv_imgproc249d:opencv_imgproc249d.dll
 0004:000016e8       __IMPORT_DESCRIPTOR_imgProcDll 006e56e8     imgProcDll:imgProcDll.dll
 0004:000016fc       __IMPORT_DESCRIPTOR_IRSDKlib_Win32 006e56fc     IRSDKlib_Win32:IRSDKlib_Win32.dll
 0004:00001710       __IMPORT_DESCRIPTOR_Qt5Cored 006e5710     Qt5Cored:Qt5Cored.dll
 0004:00001724       __IMPORT_DESCRIPTOR_Qt5Guid 006e5724     Qt5Guid:Qt5Guid.dll
 0004:00001738       __IMPORT_DESCRIPTOR_Qt5Widgetsd 006e5738     Qt5Widgetsd:Qt5Widgetsd.dll
 0004:0000174c       __IMPORT_DESCRIPTOR_opencv_core249d 006e574c     opencv_core249d:opencv_core249d.dll
 0004:00001760       __IMPORT_DESCRIPTOR_opencv_imgproc249d 006e5760     opencv_imgproc249d:opencv_imgproc249d.dll
 0004:00001774       __IMPORT_DESCRIPTOR_KERNEL32 006e5774     kernel32:KERNEL32.dll
 0004:00001788       __IMPORT_DESCRIPTOR_MSVCP120D 006e5788     msvcprtd:MSVCP120D.dll
 0004:0000179c       __IMPORT_DESCRIPTOR_WS2_32 006e579c     ws2_32:WS2_32.dll
 0004:000017b0       __IMPORT_DESCRIPTOR_MSVCR120D 006e57b0     MSVCRTD:MSVCR120D.dll
 0004:000017c4       __IMPORT_DESCRIPTOR_dbghelp 006e57c4     Dbghelp:dbghelp.dll
 0004:000017d8       __IMPORT_DESCRIPTOR_IPHLPAPI 006e57d8     Iphlpapi:IPHLPAPI.DLL
 0004:000017ec       __IMPORT_DESCRIPTOR_SHELL32 006e57ec     Shell32:SHELL32.dll
 0004:00001800       __NULL_IMPORT_DESCRIPTOR   006e5800     imgProcDll:imgProcDll.dll

 entry point at        0001:0012c8a0

