 IRScan

 Timestamp is 5e2820a4 (Wed Jan 22 18:15:00 2020)

 Preferred load address is 00400000

 Start         Length     Name                   Class
 0001:00000000 00005bd4H .text$di                CODE
 0001:00005be0 001349b9H .text$mn                CODE
 0001:0013a5a0 00050f77H .text$x                 CODE
 0001:0018b520 00001e98H .text$yd                CODE
 0002:00000000 00000104H .CRT$XCA                DATA
 0002:00000104 00000104H .CRT$XCAA               DATA
 0002:00000208 00000109H .CRT$XCL                DATA
 0002:00000314 000003f6H .CRT$XCU                DATA
 0002:0000070c 00000104H .CRT$XCZ                DATA
 0002:00000810 00000104H .CRT$XIA                DATA
 0002:00000914 00000104H .CRT$XIAA               DATA
 0002:00000a18 00000104H .CRT$XIC                DATA
 0002:00000b1c 00000104H .CRT$XIY                DATA
 0002:00000c20 00000104H .CRT$XIZ                DATA
 0002:00000d30 00057c36H .rdata                  DATA
 0002:00058968 00000178H .rdata$debug            DATA
 0002:00058ae0 00001eebH .rdata$r                DATA
 0002:0005a9d0 00005ff3H .rdata$sxdata           DATA
 0002:000609c4 00000104H .rtc$IAA                DATA
 0002:00060ac8 00000104H .rtc$IZZ                DATA
 0002:00060bcc 00000104H .rtc$TAA                DATA
 0002:00060cd0 00000104H .rtc$TZZ                DATA
 0002:00060dd8 00044d5cH .xdata$x                DATA
 0002:000a5b34 00000104H ATL$__a                 DATA
 0002:000a5c38 00000104H ATL$__z                 DATA
 0002:000a5d3c 00000000H .edata                  DATA
 0003:00000000 00000175H .data                   DATA
 0003:00000178 00000c7fH .data$r                 DATA
 0003:00000df8 000c32ecH .bss                    DATA
 0004:00000000 00001774H .idata$5                DATA
 0004:00001774 0000012cH .idata$2                DATA
 0004:000018a0 00000014H .idata$3                DATA
 0004:000018b4 00001774H .idata$4                DATA
 0004:00003028 0000d4a7H .idata$6                DATA
 0005:00000000 00000169H .rsrc$01                DATA
 0005:00000170 000002ccH .rsrc$02                DATA

  Address         Publics by Value              Rva+Base       Lib:Object

 0000:00000000       ___guard_fids_count        00000000     <absolute>
 0000:00000000       ___guard_flags             00000000     <absolute>
 0000:00000000       ___guard_fids_table        00000000     <absolute>
 0000:00000000       __except_list              00000000     <absolute>
 0000:000013c8       ___safe_se_handler_count   000013c8     <absolute>
 0000:00009876       __fltused                  00009876     <absolute>
 0000:00009876       __ldused                   00009876     <absolute>
 0000:00000000       ___ImageBase               00400000     <linker-defined>
 0001:00007070       ??0ActiveDlg@@QAE@PAVQWidget@@@Z 00408070 f   ActiveDlg.obj
 0001:00007290       ??1ActiveDlg@@UAE@XZ       00408290 f   ActiveDlg.obj
 0001:00007310       ?btn_active@ActiveDlg@@IAEXXZ 00408310 f   ActiveDlg.obj
 0001:00007640       ?btn_cancel@ActiveDlg@@IAEXXZ 00408640 f   ActiveDlg.obj
 0001:00007d00       ??$?6U?$char_traits@D@std@@@std@@YAAAV?$basic_ostream@DU?$char_traits@D@std@@@0@AAV10@PBD@Z 00408d00 f i ActiveDlg.obj
 0001:00008100       ??$AtlAdd@H@ATL@@YAJPAHHH@Z 00409100 f i ActiveDlg.obj
 0001:00008140       ??$AtlAdd@I@ATL@@YAJPAIII@Z 00409140 f i ActiveDlg.obj
 0001:00008180       ??$AtlAdd@K@ATL@@YAJPAKKK@Z 00409180 f i ActiveDlg.obj
 0001:000081c0       ??$AtlAlignUp@H@ATL@@YGHHK@Z 004091c0 f i ActiveDlg.obj
 0001:000081f0       ??$AtlMultiply@I@ATL@@YAJPAIII@Z 004091f0 f i ActiveDlg.obj
 0001:00008240       ??$AtlMultiply@K@ATL@@YAJPAKKK@Z 00409240 f i ActiveDlg.obj
 0001:00008290       ??$_Allocate@D@std@@YAPADIPAD@Z 00409290 f i ActiveDlg.obj
 0001:000082e0       ??$_Allocate@U_Container_proxy@std@@@std@@YAPAU_Container_proxy@0@IPAU10@@Z 004092e0 f i ActiveDlg.obj
 0001:00008340       ??$_DebugHeapDelete@V_Facet_base@std@@@std@@YAXPAV_Facet_base@0@@Z 00409340 f i ActiveDlg.obj
 0001:00008370       ??$_Debug_pointer@D@std@@YAXPBDPB_WI@Z 00409370 f i ActiveDlg.obj
 0001:000083a0       ??$_Fgetc@D@std@@YA_NAADPAU_iobuf@@@Z 004093a0 f i ActiveDlg.obj
 0001:000083e0       ??$_Fputc@D@std@@YA_NDPAU_iobuf@@@Z 004093e0 f i ActiveDlg.obj
 0001:00008420       ??$_Ungetc@D@std@@YA_NABDPAU_iobuf@@@Z 00409420 f i ActiveDlg.obj
 0001:00008470       ??$addressof@D@std@@YAPADAAD@Z 00409470 f i ActiveDlg.obj
 0001:00008480       ??$construct@PADAAPAD@?$_Wrap_alloc@V?$allocator@D@std@@@std@@QAEXPAPADAAPAD@Z 00409480 f i ActiveDlg.obj
 0001:000084c0       ??$construct@PADAAPAD@?$allocator@D@std@@QAEXPAPADAAPAD@Z 004094c0 f i ActiveDlg.obj
 0001:00008570       ??$construct@PADAAPAD@?$allocator_traits@V?$allocator@D@std@@@std@@SAXAAV?$allocator@D@1@PAPADAAPAD@Z 00409570 f i ActiveDlg.obj
 0001:000085a0       ??$construct@U_Container_proxy@std@@U12@@?$allocator@U_Container_proxy@std@@@std@@QAEXPAU_Container_proxy@1@$$QAU21@@Z 004095a0 f i ActiveDlg.obj
 0001:00008650       ??$destroy@PAD@?$_Wrap_alloc@V?$allocator@D@std@@@std@@QAEXPAPAD@Z 00409650 f i ActiveDlg.obj
 0001:00008680       ??$destroy@PAD@?$allocator@D@std@@QAEXPAPAD@Z 00409680 f i ActiveDlg.obj
 0001:00008690       ??$destroy@PAD@?$allocator_traits@V?$allocator@D@std@@@std@@SAXAAV?$allocator@D@1@PAPAD@Z 00409690 f i ActiveDlg.obj
 0001:000086b0       ??$destroy@U_Container_proxy@std@@@?$allocator@U_Container_proxy@std@@@std@@QAEXPAU_Container_proxy@1@@Z 004096b0 f i ActiveDlg.obj
 0001:000086c0       ??$forward@AAPAD@std@@YAAAPADAAPAD@Z 004096c0 f i ActiveDlg.obj
 0001:000086d0       ??$forward@U_Container_proxy@std@@@std@@YA$$QAU_Container_proxy@0@AAU10@@Z 004096d0 f i ActiveDlg.obj
 0001:000086e0       ??$load@H@?$QGenericAtomicOps@U?$QAtomicOpsBySize@$03@@@@SAHABH@Z 004096e0 f i ActiveDlg.obj
 0001:000086f0       ??$use_facet@V?$codecvt@DDH@std@@@std@@YAABV?$codecvt@DDH@0@ABVlocale@0@@Z 004096f0 f i ActiveDlg.obj
 0001:00008830       ??0?$CSimpleArray@GV?$CSimpleArrayEqualHelper@G@ATL@@@ATL@@QAE@XZ 00409830 f i ActiveDlg.obj
 0001:00008870       ??0?$CTraceCategoryEx@$00$0A@@ATL@@QAE@PBD@Z 00409870 f i ActiveDlg.obj
 0001:000088a0       ??0?$CTraceCategoryEx@$01$0A@@ATL@@QAE@PBD@Z 004098a0 f i ActiveDlg.obj
 0001:000088d0       ??0?$CTraceCategoryEx@$03$0A@@ATL@@QAE@PBD@Z 004098d0 f i ActiveDlg.obj
 0001:00008900       ??0?$CTraceCategoryEx@$07$0A@@ATL@@QAE@PBD@Z 00409900 f i ActiveDlg.obj
 0001:00008930       ??0?$CTraceCategoryEx@$0BA@$0A@@ATL@@QAE@PBD@Z 00409930 f i ActiveDlg.obj
 0001:00008960       ??0?$CTraceCategoryEx@$0BAA@$0A@@ATL@@QAE@PBD@Z 00409960 f i ActiveDlg.obj
 0001:00008990       ??0?$CTraceCategoryEx@$0BAAA@$0A@@ATL@@QAE@PBD@Z 00409990 f i ActiveDlg.obj
 0001:000089c0       ??0?$CTraceCategoryEx@$0BAAAA@$0A@@ATL@@QAE@PBD@Z 004099c0 f i ActiveDlg.obj
 0001:000089f0       ??0?$CTraceCategoryEx@$0BAAAAA@$0A@@ATL@@QAE@PBD@Z 004099f0 f i ActiveDlg.obj
 0001:00008a20       ??0?$CTraceCategoryEx@$0CA@$0A@@ATL@@QAE@PBD@Z 00409a20 f i ActiveDlg.obj
 0001:00008a50       ??0?$CTraceCategoryEx@$0CAA@$0A@@ATL@@QAE@PBD@Z 00409a50 f i ActiveDlg.obj
 0001:00008a80       ??0?$CTraceCategoryEx@$0CAAA@$0A@@ATL@@QAE@PBD@Z 00409a80 f i ActiveDlg.obj
 0001:00008ab0       ??0?$CTraceCategoryEx@$0CAAAA@$0A@@ATL@@QAE@PBD@Z 00409ab0 f i ActiveDlg.obj
 0001:00008ae0       ??0?$CTraceCategoryEx@$0CAAAAA@$0A@@ATL@@QAE@PBD@Z 00409ae0 f i ActiveDlg.obj
 0001:00008b10       ??0?$CTraceCategoryEx@$0EA@$0A@@ATL@@QAE@PBD@Z 00409b10 f i ActiveDlg.obj
 0001:00008b40       ??0?$CTraceCategoryEx@$0EAA@$0A@@ATL@@QAE@PBD@Z 00409b40 f i ActiveDlg.obj
 0001:00008b70       ??0?$CTraceCategoryEx@$0EAAA@$0A@@ATL@@QAE@PBD@Z 00409b70 f i ActiveDlg.obj
 0001:00008ba0       ??0?$CTraceCategoryEx@$0EAAAA@$0A@@ATL@@QAE@PBD@Z 00409ba0 f i ActiveDlg.obj
 0001:00008bd0       ??0?$CTraceCategoryEx@$0EAAAAA@$0A@@ATL@@QAE@PBD@Z 00409bd0 f i ActiveDlg.obj
 0001:00008c00       ??0?$CTraceCategoryEx@$0IA@$0A@@ATL@@QAE@PBD@Z 00409c00 f i ActiveDlg.obj
 0001:00008c30       ??0?$CTraceCategoryEx@$0IAA@$0A@@ATL@@QAE@PBD@Z 00409c30 f i ActiveDlg.obj
 0001:00008c60       ??0?$CTraceCategoryEx@$0IAAA@$0A@@ATL@@QAE@PBD@Z 00409c60 f i ActiveDlg.obj
 0001:00008c90       ??0?$CTraceCategoryEx@$0IAAAA@$0A@@ATL@@QAE@PBD@Z 00409c90 f i ActiveDlg.obj
 0001:00008cc0       ??0?$QFlags@W4StandardButton@QMessageBox@@@@QAE@W4StandardButton@QMessageBox@@@Z 00409cc0 f i ActiveDlg.obj
 0001:00008ce0       ??0?$QFlags@W4WindowType@Qt@@@@QAE@PQPrivate@0@H@Z 00409ce0 f i ActiveDlg.obj
 0001:00008d00       ??0?$_Iterator012@Urandom_access_iterator_tag@std@@DHPBDABDU_Iterator_base12@2@@std@@QAE@XZ 00409d00 f i ActiveDlg.obj
 0001:00008d20       ??0?$_String_alloc@$0A@U?$_String_base_types@DV?$allocator@D@std@@@std@@@std@@QAE@ABV?$allocator@D@1@@Z 00409d20 f i ActiveDlg.obj
 0001:00008d90       ??0?$_String_const_iterator@V?$_String_val@U?$_Simple_types@D@std@@@std@@@std@@QAE@PBDPBU_Container_base12@1@@Z 00409d90 f i ActiveDlg.obj
 0001:00008e10       ??0?$_String_iterator@V?$_String_val@U?$_Simple_types@D@std@@@std@@@std@@QAE@PADPBU_Container_base12@1@@Z 00409e10 f i ActiveDlg.obj
 0001:00008e40       ??0?$_String_val@U?$_Simple_types@D@std@@@std@@QAE@XZ 00409e40 f i ActiveDlg.obj
 0001:00008e80       ??0?$_Wrap_alloc@V?$allocator@D@std@@@std@@QAE@XZ 00409e80 f i ActiveDlg.obj
 0001:00008ea0       ??0?$allocator@D@std@@QAE@XZ 00409ea0 f i ActiveDlg.obj
 0001:00008ec0       ??0?$allocator@U_Container_proxy@std@@@std@@QAE@XZ 00409ec0 f i ActiveDlg.obj
 0001:00008ee0       ??0?$basic_filebuf@DU?$char_traits@D@std@@@std@@QAE@PAU_iobuf@@@Z 00409ee0 f i ActiveDlg.obj
 0001:00008f70       ??0?$basic_ofstream@DU?$char_traits@D@std@@@std@@QAE@PBDHH@Z 00409f70 f i ActiveDlg.obj
 0001:000090c0       ??0?$basic_string@DU?$char_traits@D@std@@V?$allocator@D@2@@std@@QAE@ID@Z 0040a0c0 f i ActiveDlg.obj
 0001:00009160       ??0?$basic_string@DU?$char_traits@D@std@@V?$allocator@D@2@@std@@QAE@PBD@Z 0040a160 f i ActiveDlg.obj
 0001:000091f0       ??0?$basic_string@DU?$char_traits@D@std@@V?$allocator@D@2@@std@@QAE@XZ 0040a1f0 f i ActiveDlg.obj
 0001:00009270       ??0?$fpos@H@std@@QAE@H_J@Z 0040a270 f i ActiveDlg.obj
 0001:000092c0       ??0?$fpos@H@std@@QAE@_J@Z  0040a2c0 f i ActiveDlg.obj
 0001:00009310       ??0CAtlComModule@ATL@@QAE@XZ 0040a310 f i ActiveDlg.obj
 0001:00009400       ??0CAtlStringMgr@ATL@@QAE@PAUIAtlMemMgr@1@@Z 0040a400 f i ActiveDlg.obj
 0001:00009450       ??0CAtlWinModule@ATL@@QAE@XZ 0040a450 f i ActiveDlg.obj
 0001:000094e0       ??0CComCriticalSection@ATL@@QAE@XZ 0040a4e0 f i ActiveDlg.obj
 0001:00009510       ??0CNilStringData@ATL@@QAE@XZ 0040a510 f i ActiveDlg.obj
 0001:00009580       ??0CTraceFileAndLineInfo@ATL@@QAE@PBDH@Z 0040a580 f i ActiveDlg.obj
 0001:000095b0       ??0CWin32Heap@ATL@@QAE@PAX@Z 0040a5b0 f i ActiveDlg.obj
 0001:00009620       ??0QLatin1String@@QAE@PBD@Z 0040a620 f i ActiveDlg.obj
 0001:00009680       ??0_ATL_COM_MODULE70@ATL@@QAE@XZ 0040a680 f i ActiveDlg.obj
 0001:000096a0       ??0_ATL_WIN_MODULE70@ATL@@QAE@XZ 0040a6a0 f i ActiveDlg.obj
 0001:00009720       ??0_Container_proxy@std@@QAE@XZ 0040a720 f i ActiveDlg.obj
 0001:00009750       ??0_Generic_error_category@std@@QAE@XZ 0040a750 f i ActiveDlg.obj
 0001:00009780       ??0_Ignore@std@@QAE@XZ     0040a780 f i ActiveDlg.obj
 0001:000097a0       ??0_Iostream_error_category@std@@QAE@XZ 0040a7a0 f i ActiveDlg.obj
 0001:000097d0       ??0_Iterator_base12@std@@QAE@XZ 0040a7d0 f i ActiveDlg.obj
 0001:00009800       ??0_Sentry_base@?$basic_ostream@DU?$char_traits@D@std@@@std@@QAE@AAV12@@Z 0040a800 f i ActiveDlg.obj
 0001:00009880       ??0_System_error_category@std@@QAE@XZ 0040a880 f i ActiveDlg.obj
 0001:000098b0       ??0error_category@std@@QAE@XZ 0040a8b0 f i ActiveDlg.obj
 0001:000098d0       ??0error_condition@std@@QAE@HABVerror_category@1@@Z 0040a8d0 f i ActiveDlg.obj
 0001:00009900       ??0sentry@?$basic_ostream@DU?$char_traits@D@std@@@std@@QAE@AAV12@@Z 0040a900 f i ActiveDlg.obj
 0001:00009a00       ??1?$CSimpleArray@GV?$CSimpleArrayEqualHelper@G@ATL@@@ATL@@QAE@XZ 0040aa00 f i ActiveDlg.obj
 0001:00009a20       ??1?$_Iterator012@Urandom_access_iterator_tag@std@@DHPBDABDU_Iterator_base12@2@@std@@QAE@XZ 0040aa20 f i ActiveDlg.obj
 0001:00009a40       ??1?$_String_alloc@$0A@U?$_String_base_types@DV?$allocator@D@std@@@std@@@std@@QAE@XZ 0040aa40 f i ActiveDlg.obj
 0001:00009a70       ??1?$_String_const_iterator@V?$_String_val@U?$_Simple_types@D@std@@@std@@@std@@QAE@XZ 0040aa70 f i ActiveDlg.obj
 0001:00009a90       ??1?$_String_iterator@V?$_String_val@U?$_Simple_types@D@std@@@std@@@std@@QAE@XZ 0040aa90 f i ActiveDlg.obj
 0001:00009ab0       ??1?$_String_val@U?$_Simple_types@D@std@@@std@@QAE@XZ 0040aab0 f i ActiveDlg.obj
 0001:00009ad0       ??1?$basic_filebuf@DU?$char_traits@D@std@@@std@@UAE@XZ 0040aad0 f i ActiveDlg.obj
 0001:00009b30       ??1?$basic_ofstream@DU?$char_traits@D@std@@@std@@UAE@XZ 0040ab30 f i ActiveDlg.obj
 0001:00009ba0       ??1?$basic_string@DU?$char_traits@D@std@@V?$allocator@D@2@@std@@QAE@XZ 0040aba0 f i ActiveDlg.obj
 0001:00009bd0       ??1CAtlComModule@ATL@@QAE@XZ 0040abd0 f i ActiveDlg.obj
 0001:00009c40       ??1CAtlStringMgr@ATL@@UAE@XZ 0040ac40 f i ActiveDlg.obj
 0001:00009c70       ??1CAtlWinModule@ATL@@QAE@XZ 0040ac70 f i ActiveDlg.obj
 0001:00009ce0       ??1CComCriticalSection@ATL@@QAE@XZ 0040ace0 f i ActiveDlg.obj
 0001:00009cf0       ??1CWin32Heap@ATL@@UAE@XZ  0040acf0 f i ActiveDlg.obj
 0001:00009d70       ??1_ATL_COM_MODULE70@ATL@@QAE@XZ 0040ad70 f i ActiveDlg.obj
 0001:00009d90       ??1_ATL_WIN_MODULE70@ATL@@QAE@XZ 0040ad90 f i ActiveDlg.obj
 0001:00009e00       ??1_Generic_error_category@std@@UAE@XZ 0040ae00 f i ActiveDlg.obj
 0001:00009e20       ??1_Iostream_error_category@std@@UAE@XZ 0040ae20 f i ActiveDlg.obj
 0001:00009e40       ??1_Iterator_base12@std@@QAE@XZ 0040ae40 f i ActiveDlg.obj
 0001:00009e80       ??1_Sentry_base@?$basic_ostream@DU?$char_traits@D@std@@@std@@QAE@XZ 0040ae80 f i ActiveDlg.obj
 0001:00009ef0       ??1_System_error_category@std@@UAE@XZ 0040aef0 f i ActiveDlg.obj
 0001:00009f10       ??1error_category@std@@UAE@XZ 0040af10 f i ActiveDlg.obj
 0001:00009f30       ??1locale@std@@QAE@XZ      0040af30 f i ActiveDlg.obj
 0001:00009f70       ??1sentry@?$basic_ostream@DU?$char_traits@D@std@@@std@@QAE@XZ 0040af70 f i ActiveDlg.obj
 0001:00009fb0       ??2@YAPAXIPAX@Z            0040afb0 f i ActiveDlg.obj
 0001:00009fc0       ??3@YAXPAX0@Z              0040afc0 f i ActiveDlg.obj
 0001:00009fd0       ??8error_category@std@@QBE_NABV01@@Z 0040afd0 f i ActiveDlg.obj
 0001:0000a010       ??8error_condition@std@@QBE_NABV01@@Z 0040b010 f i ActiveDlg.obj
 0001:0000a080       ??A?$CSimpleArray@GV?$CSimpleArrayEqualHelper@G@ATL@@@ATL@@QAEAAGH@Z 0040b080 f i ActiveDlg.obj
 0001:0000a110       ??B?$CTraceCategoryEx@$01$0A@@ATL@@QAEIXZ 0040b110 f i ActiveDlg.obj
 0001:0000a130       ??B?$CTraceCategoryEx@$0CA@$0A@@ATL@@QAEIXZ 0040b130 f i ActiveDlg.obj
 0001:0000a150       ??B?$fpos@H@std@@QBE_JXZ   0040b150 f i ActiveDlg.obj
 0001:0000a180       ??Bsentry@?$basic_ostream@DU?$char_traits@D@std@@@std@@QBE_NXZ 0040b180 f i ActiveDlg.obj
 0001:0000a1a0       ??D?$_String_const_iterator@V?$_String_val@U?$_Simple_types@D@std@@@std@@@std@@QBEABDXZ 0040b1a0 f i ActiveDlg.obj
 0001:0000a2a0       ??D?$_String_iterator@V?$_String_val@U?$_Simple_types@D@std@@@std@@@std@@QBEAADXZ 0040b2a0 f i ActiveDlg.obj
 0001:0000a2c0       ??RCTraceFileAndLineInfo@ATL@@QBAXHIPBDZZ 0040b2c0 f i ActiveDlg.obj
 0001:0000a310       ??_D?$basic_ofstream@DU?$char_traits@D@std@@@std@@QAEXXZ 0040b310 f i ActiveDlg.obj
 0001:0000a33a       ??_E?$basic_ofstream@DU?$char_traits@D@std@@@std@@$4PPPPPPPM@A@AEPAXI@Z 0040b33a f i ActiveDlg.obj
 0001:0000a344       ??_EActiveDlg@@W7AEPAXI@Z  0040b344 f i ActiveDlg.obj
 0001:0000a34e       ??_EQLabel@@W7AEPAXI@Z     0040b34e f i ActiveDlg.obj
 0001:0000a358       ??_EQLineEdit@@W7AEPAXI@Z  0040b358 f i ActiveDlg.obj
 0001:0000a362       ??_EQPushButton@@W7AEPAXI@Z 0040b362 f i ActiveDlg.obj
 0001:0000a370       ??_E?$basic_filebuf@DU?$char_traits@D@std@@@std@@UAEPAXI@Z 0040b370 f i ActiveDlg.obj
 0001:0000a370       ??_G?$basic_filebuf@DU?$char_traits@D@std@@@std@@UAEPAXI@Z 0040b370 f i ActiveDlg.obj
 0001:0000a3b0       ??_G?$basic_ofstream@DU?$char_traits@D@std@@@std@@UAEPAXI@Z 0040b3b0 f i ActiveDlg.obj
 0001:0000a3b0       ??_E?$basic_ofstream@DU?$char_traits@D@std@@@std@@UAEPAXI@Z 0040b3b0 f i ActiveDlg.obj
 0001:0000a400       ??_GActiveDlg@@UAEPAXI@Z   0040b400 f i ActiveDlg.obj
 0001:0000a400       ??_EActiveDlg@@UAEPAXI@Z   0040b400 f i ActiveDlg.obj
 0001:0000a440       ??_GCAtlStringMgr@ATL@@UAEPAXI@Z 0040b440 f i ActiveDlg.obj
 0001:0000a440       ??_ECAtlStringMgr@ATL@@UAEPAXI@Z 0040b440 f i ActiveDlg.obj
 0001:0000a480       ??_ECWin32Heap@ATL@@UAEPAXI@Z 0040b480 f i ActiveDlg.obj
 0001:0000a480       ??_GCWin32Heap@ATL@@UAEPAXI@Z 0040b480 f i ActiveDlg.obj
 0001:0000a4c0       ??_GQLabel@@UAEPAXI@Z      0040b4c0 f i ActiveDlg.obj
 0001:0000a4c0       ??_EQLabel@@UAEPAXI@Z      0040b4c0 f i ActiveDlg.obj
 0001:0000a500       ??_EQLineEdit@@UAEPAXI@Z   0040b500 f i ActiveDlg.obj
 0001:0000a500       ??_GQLineEdit@@UAEPAXI@Z   0040b500 f i ActiveDlg.obj
 0001:0000a540       ??_EQPushButton@@UAEPAXI@Z 0040b540 f i ActiveDlg.obj
 0001:0000a540       ??_GQPushButton@@UAEPAXI@Z 0040b540 f i ActiveDlg.obj
 0001:0000a580       ??_E_Generic_error_category@std@@UAEPAXI@Z 0040b580 f i ActiveDlg.obj
 0001:0000a580       ??_G_Generic_error_category@std@@UAEPAXI@Z 0040b580 f i ActiveDlg.obj
 0001:0000a5c0       ??_G_Iostream_error_category@std@@UAEPAXI@Z 0040b5c0 f i ActiveDlg.obj
 0001:0000a5c0       ??_E_Iostream_error_category@std@@UAEPAXI@Z 0040b5c0 f i ActiveDlg.obj
 0001:0000a600       ??_E_System_error_category@std@@UAEPAXI@Z 0040b600 f i ActiveDlg.obj
 0001:0000a600       ??_G_System_error_category@std@@UAEPAXI@Z 0040b600 f i ActiveDlg.obj
 0001:0000a640       ??_Gerror_category@std@@UAEPAXI@Z 0040b640 f i ActiveDlg.obj
 0001:0000a640       ??_Eerror_category@std@@UAEPAXI@Z 0040b640 f i ActiveDlg.obj
 0001:0000a680       ?AddRef@CStringData@ATL@@QAEXXZ 0040b680 f i ActiveDlg.obj
 0001:0000a6e0       ?Allocate@CAtlStringMgr@ATL@@UAEPAUCStringData@2@HH@Z 0040b6e0 f i ActiveDlg.obj
 0001:0000a8b0       ?Allocate@CWin32Heap@ATL@@UAEPAXI@Z 0040b8b0 f i ActiveDlg.obj
 0001:0000a8e0       ?AtlWinModuleInit@ATL@@YGJPAU_ATL_WIN_MODULE70@1@@Z 0040b8e0 f i ActiveDlg.obj
 0001:0000a9b0       ?AtlWinModuleTerm@ATL@@YGJPAU_ATL_WIN_MODULE70@1@PAUHINSTANCE__@@@Z 0040b9b0 f i ActiveDlg.obj
 0001:0000aa70       ?Clone@CAtlStringMgr@ATL@@UAEPAUIAtlStringMgr@2@XZ 0040ba70 f i ActiveDlg.obj
 0001:0000aa90       ?Free@CAtlStringMgr@ATL@@UAEXPAUCStringData@2@@Z 0040ba90 f i ActiveDlg.obj
 0001:0000ab30       ?Free@CWin32Heap@ATL@@UAEXPAX@Z 0040bb30 f i ActiveDlg.obj
 0001:0000aba0       ?GetCategoryName@CTrace@ATL@@CAPA_WI@Z 0040bba0 f i ActiveDlg.obj
 0001:0000ac00       ?GetInstance@CAtlStringMgr@ATL@@SAPAUIAtlStringMgr@2@XZ 0040bc00 f i ActiveDlg.obj
 0001:0000aca0       ?GetModuleInstance@CAtlBaseModule@ATL@@QAEPAUHINSTANCE__@@XZ 0040bca0 f i ActiveDlg.obj
 0001:0000acc0       ?GetNilString@CAtlStringMgr@ATL@@UAEPAUCStringData@2@XZ 0040bcc0 f i ActiveDlg.obj
 0001:0000acf0       ?GetSize@?$CSimpleArray@GV?$CSimpleArrayEqualHelper@G@ATL@@@ATL@@QBEHXZ 0040bcf0 f i ActiveDlg.obj
 0001:0000ad10       ?GetSize@CWin32Heap@ATL@@UAEIPAX@Z 0040bd10 f i ActiveDlg.obj
 0001:0000ad40       ?Init@CComCriticalSection@ATL@@QAEJXZ 0040bd40 f i ActiveDlg.obj
 0001:0000ad90       ?Reallocate@CAtlStringMgr@ATL@@UAEPAUCStringData@2@PAU32@HH@Z 0040bd90 f i ActiveDlg.obj
 0001:0000af70       ?Reallocate@CWin32Heap@ATL@@UAEPAXPAXI@Z 0040bf70 f i ActiveDlg.obj
 0001:0000afe0       ?RegisterCategory@CTrace@ATL@@SAXPBDI@Z 0040bfe0 f i ActiveDlg.obj
 0001:0000b100       ?RemoveAll@?$CSimpleArray@GV?$CSimpleArrayEqualHelper@G@ATL@@@ATL@@QAEXXZ 0040c100 f i ActiveDlg.obj
 0001:0000b180       ?SetManager@CNilStringData@ATL@@QAEXPAUIAtlStringMgr@2@@Z 0040c180 f i ActiveDlg.obj
 0001:0000b1e0       ?StaticInitialize@CAtlStringMgr@ATL@@CA_NXZ 0040c1e0 f i ActiveDlg.obj
 0001:0000b1f0       ?Term@CAtlComModule@ATL@@QAEXXZ 0040c1f0 f i ActiveDlg.obj
 0001:0000b2a0       ?Term@CAtlWinModule@ATL@@QAEXXZ 0040c2a0 f i ActiveDlg.obj
 0001:0000b2d0       ?Term@CComCriticalSection@ATL@@QAEJXZ 0040c2d0 f i ActiveDlg.obj
 0001:0000b2f0       ?TraceV@CTrace@ATL@@CAXPBDHIIPB_W@Z 0040c2f0 f i ActiveDlg.obj
 0001:0000b4f0       ?TraceV@CTrace@ATL@@SAXPBDHII0PAD@Z 0040c4f0 f i ActiveDlg.obj
 0001:0000b5f0       ?_Adopt@_Iterator_base12@std@@QAEXPBU_Container_base12@2@@Z 0040c5f0 f i ActiveDlg.obj
 0001:0000b6f0       ?_Alloc_proxy@?$_String_alloc@$0A@U?$_String_base_types@DV?$allocator@D@std@@@std@@@std@@QAEXXZ 0040c6f0 f i ActiveDlg.obj
 0001:0000b750       ?_AtlInitializeCriticalSectionEx@ATL@@YAHPAU_RTL_CRITICAL_SECTION@@KK@Z 0040c750 f i ActiveDlg.obj
 0001:0000b770       ?_AtlRaiseException@ATL@@YAXKK@Z 0040c770 f i ActiveDlg.obj
 0001:0000b790       ?_Chassign@?$basic_string@DU?$char_traits@D@std@@V?$allocator@D@2@@std@@QAEXIID@Z 0040c790 f i ActiveDlg.obj
 0001:0000b7f0       ?_Copy@?$basic_string@DU?$char_traits@D@std@@V?$allocator@D@2@@std@@QAEXII@Z 0040c7f0 f i ActiveDlg.obj
 0001:0000ba20       ?_Endwrite@?$basic_filebuf@DU?$char_traits@D@std@@@std@@IAE_NXZ 0040ca20 f i ActiveDlg.obj
 0001:0000bdb0       ?_Eos@?$basic_string@DU?$char_traits@D@std@@V?$allocator@D@2@@std@@QAEXI@Z 0040cdb0 f i ActiveDlg.obj
 0001:0000be00       ?_Free_proxy@?$_String_alloc@$0A@U?$_String_base_types@DV?$allocator@D@std@@@std@@@std@@QAEXXZ 0040ce00 f i ActiveDlg.obj
 0001:0000be60       ?_Getal@?$_String_alloc@$0A@U?$_String_base_types@DV?$allocator@D@std@@@std@@@std@@QBE?AU?$_Wrap_alloc@V?$allocator@D@std@@@2@XZ 0040ce60 f i ActiveDlg.obj
 0001:0000be80       ?_Getcont@_Iterator_base12@std@@QBEPBU_Container_base12@2@XZ 0040ce80 f i ActiveDlg.obj
 0001:0000bec0       ?_Getfacet@locale@std@@QBEPBVfacet@12@I@Z 0040cec0 f i ActiveDlg.obj
 0001:0000bf70       ?_Grow@?$basic_string@DU?$char_traits@D@std@@V?$allocator@D@2@@std@@QAE_NI_N@Z 0040cf70 f i ActiveDlg.obj
 0001:0000c040       ?_Init@?$basic_filebuf@DU?$char_traits@D@std@@@std@@IAEXPAU_iobuf@@W4_Initfl@12@@Z 0040d040 f i ActiveDlg.obj
 0001:0000c120       ?_Initcvt@?$basic_filebuf@DU?$char_traits@D@std@@@std@@IAEXPBV?$codecvt@DDH@2@@Z 0040d120 f i ActiveDlg.obj
 0001:0000c170       ?_Inside@?$basic_string@DU?$char_traits@D@std@@V?$allocator@D@2@@std@@QAE_NPBD@Z 0040d170 f i ActiveDlg.obj
 0001:0000c1c0       ?_Lock@?$basic_filebuf@DU?$char_traits@D@std@@@std@@UAEXXZ 0040d1c0 f i ActiveDlg.obj
 0001:0000c1f0       ?_Myptr@?$_String_val@U?$_Simple_types@D@std@@@std@@QAEPADXZ 0040d1f0 f i ActiveDlg.obj
 0001:0000c240       ?_Myptr@?$_String_val@U?$_Simple_types@D@std@@@std@@QBEPBDXZ 0040d240 f i ActiveDlg.obj
 0001:0000c290       ?_Orphan_me@_Iterator_base12@std@@QAEXXZ 0040d290 f i ActiveDlg.obj
 0001:0000c320       ?_Reset_back@?$basic_filebuf@DU?$char_traits@D@std@@@std@@AAEXXZ 0040d320 f i ActiveDlg.obj
 0001:0000c370       ?_Set_back@?$basic_filebuf@DU?$char_traits@D@std@@@std@@AAEXXZ 0040d370 f i ActiveDlg.obj
 0001:0000c3e0       ?_Tidy@?$basic_string@DU?$char_traits@D@std@@V?$allocator@D@2@@std@@QAEX_NI@Z 0040d3e0 f i ActiveDlg.obj
 0001:0000c4b0       ?_Unlock@?$basic_filebuf@DU?$char_traits@D@std@@@std@@UAEXXZ 0040d4b0 f i ActiveDlg.obj
 0001:0000c4e0       ?_Xlen@?$basic_string@DU?$char_traits@D@std@@V?$allocator@D@2@@std@@QBEXXZ 0040d4e0 f i ActiveDlg.obj
 0001:0000c500       ?_Xran@?$basic_string@DU?$char_traits@D@std@@V?$allocator@D@2@@std@@QBEXXZ 0040d500 f i ActiveDlg.obj
 0001:0000c520       ?allocate@?$_Wrap_alloc@V?$allocator@D@std@@@std@@QAEPADI@Z 0040d520 f i ActiveDlg.obj
 0001:0000c540       ?allocate@?$allocator@D@std@@QAEPADI@Z 0040d540 f i ActiveDlg.obj
 0001:0000c570       ?allocate@?$allocator@U_Container_proxy@std@@@std@@QAEPAU_Container_proxy@2@I@Z 0040d570 f i ActiveDlg.obj
 0001:0000c5a0       ?append@?$basic_string@DU?$char_traits@D@std@@V?$allocator@D@2@@std@@QAEAAV12@ID@Z 0040d5a0 f i ActiveDlg.obj
 0001:0000c640       ?assign@?$basic_string@DU?$char_traits@D@std@@V?$allocator@D@2@@std@@QAEAAV12@ABV12@II@Z 0040d640 f i ActiveDlg.obj
 0001:0000c720       ?assign@?$basic_string@DU?$char_traits@D@std@@V?$allocator@D@2@@std@@QAEAAV12@ID@Z 0040d720 f i ActiveDlg.obj
 0001:0000c790       ?assign@?$basic_string@DU?$char_traits@D@std@@V?$allocator@D@2@@std@@QAEAAV12@PBD@Z 0040d790 f i ActiveDlg.obj
 0001:0000c7e0       ?assign@?$basic_string@DU?$char_traits@D@std@@V?$allocator@D@2@@std@@QAEAAV12@PBDI@Z 0040d7e0 f i ActiveDlg.obj
 0001:0000c8a0       ?assign@?$char_traits@D@std@@SAPADPADID@Z 0040d8a0 f i ActiveDlg.obj
 0001:0000c8c0       ?assign@?$char_traits@D@std@@SAXAADABD@Z 0040d8c0 f i ActiveDlg.obj
 0001:0000c8e0       ?begin@?$basic_string@DU?$char_traits@D@std@@V?$allocator@D@2@@std@@QAE?AV?$_String_iterator@V?$_String_val@U?$_Simple_types@D@std@@@std@@@2@XZ 0040d8e0 f i ActiveDlg.obj
 0001:0000c910       ?category@error_code@std@@QBEABVerror_category@2@XZ 0040d910 f i ActiveDlg.obj
 0001:0000c930       ?category@error_condition@std@@QBEABVerror_category@2@XZ 0040d930 f i ActiveDlg.obj
 0001:0000c950       ?close@?$basic_filebuf@DU?$char_traits@D@std@@@std@@QAEPAV12@XZ 0040d950 f i ActiveDlg.obj
 0001:0000c9d0       ?copy@?$char_traits@D@std@@SAPADPADPBDI@Z 0040d9d0 f i ActiveDlg.obj
 0001:0000ca10       ?data_ptr@?$QStaticStringData@$04@@QBEPAU?$QTypedArrayData@G@@XZ 0040da10 f i ActiveDlg.obj
 0001:0000ca70       ?data_ptr@?$QStaticStringData@$06@@QBEPAU?$QTypedArrayData@G@@XZ 0040da70 f i ActiveDlg.obj
 0001:0000cad0       ?data_ptr@?$QStaticStringData@$08@@QBEPAU?$QTypedArrayData@G@@XZ 0040dad0 f i ActiveDlg.obj
 0001:0000cb30       ?data_ptr@?$QStaticStringData@$0BB@@@QBEPAU?$QTypedArrayData@G@@XZ 0040db30 f i ActiveDlg.obj
 0001:0000cb90       ?data_ptr@?$QStaticStringData@$0L@@@QBEPAU?$QTypedArrayData@G@@XZ 0040db90 f i ActiveDlg.obj
 0001:0000cbf0       ?data_ptr@?$QStaticStringData@$0M@@@QBEPAU?$QTypedArrayData@G@@XZ 0040dbf0 f i ActiveDlg.obj
 0001:0000cc50       ?deallocate@?$_Wrap_alloc@V?$allocator@D@std@@@std@@QAEXPADI@Z 0040dc50 f i ActiveDlg.obj
 0001:0000cc80       ?deallocate@?$allocator@D@std@@QAEXPADI@Z 0040dc80 f i ActiveDlg.obj
 0001:0000cca0       ?deallocate@?$allocator@U_Container_proxy@std@@@std@@QAEXPAU_Container_proxy@2@I@Z 0040dca0 f i ActiveDlg.obj
 0001:0000ccc0       ?default_error_condition@_System_error_category@std@@UBE?AVerror_condition@2@H@Z 0040dcc0 f i ActiveDlg.obj
 0001:0000cd20       ?default_error_condition@error_category@std@@UBE?AVerror_condition@2@H@Z 0040dd20 f i ActiveDlg.obj
 0001:0000cd50       ?eof@?$char_traits@D@std@@SAHXZ 0040dd50 f i ActiveDlg.obj
 0001:0000cd60       ?eq_int_type@?$char_traits@D@std@@SA_NABH0@Z 0040dd60 f i ActiveDlg.obj
 0001:0000cd90       ?equivalent@error_category@std@@UBE_NABVerror_code@2@H@Z 0040dd90 f i ActiveDlg.obj
 0001:0000cdf0       ?equivalent@error_category@std@@UBE_NHABVerror_condition@2@@Z 0040ddf0 f i ActiveDlg.obj
 0001:0000ce30       ?erase@?$basic_string@DU?$char_traits@D@std@@V?$allocator@D@2@@std@@QAEAAV12@I@Z 0040de30 f i ActiveDlg.obj
 0001:0000ce70       ?erase@?$basic_string@DU?$char_traits@D@std@@V?$allocator@D@2@@std@@QAEAAV12@II@Z 0040de70 f i ActiveDlg.obj
 0001:0000cf20       ?generic_category@std@@YAABVerror_category@1@XZ 0040df20 f i ActiveDlg.obj
 0001:0000cf30       ?imbue@?$basic_filebuf@DU?$char_traits@D@std@@@std@@MAEXABVlocale@2@@Z 0040df30 f i ActiveDlg.obj
 0001:0000cf60       ?isStatic@RefCount@QtPrivate@@QBE_NXZ 0040df60 f i ActiveDlg.obj
 0001:0000cfa0       ?length@?$char_traits@D@std@@SAIPBD@Z 0040dfa0 f i ActiveDlg.obj
 0001:0000cfe0       ?load@?$QBasicAtomicInteger@H@@QBEHXZ 0040dfe0 f i ActiveDlg.obj
 0001:0000d000       ?max_size@?$_Wrap_alloc@V?$allocator@D@std@@@std@@QBEIXZ 0040e000 f i ActiveDlg.obj
 0001:0000d020       ?max_size@?$allocator@D@std@@QBEIXZ 0040e020 f i ActiveDlg.obj
 0001:0000d040       ?max_size@?$allocator_traits@V?$allocator@D@std@@@std@@SAIABV?$allocator@D@2@@Z 0040e040 f i ActiveDlg.obj
 0001:0000d050       ?max_size@?$basic_string@DU?$char_traits@D@std@@V?$allocator@D@2@@std@@QBEIXZ 0040e050 f i ActiveDlg.obj
 0001:0000d0a0       ?message@_Generic_error_category@std@@UBE?AV?$basic_string@DU?$char_traits@D@std@@V?$allocator@D@2@@2@H@Z 0040e0a0 f i ActiveDlg.obj
 0001:0000d110       ?message@_Iostream_error_category@std@@UBE?AV?$basic_string@DU?$char_traits@D@std@@V?$allocator@D@2@@2@H@Z 0040e110 f i ActiveDlg.obj
 0001:0000d180       ?message@_System_error_category@std@@UBE?AV?$basic_string@DU?$char_traits@D@std@@V?$allocator@D@2@@2@H@Z 0040e180 f i ActiveDlg.obj
 0001:0000d1f0       ?move@?$char_traits@D@std@@SAPADPADPBDI@Z 0040e1f0 f i ActiveDlg.obj
 0001:0000d230       ?name@_Generic_error_category@std@@UBEPBDXZ 0040e230 f i ActiveDlg.obj
 0001:0000d250       ?name@_Iostream_error_category@std@@UBEPBDXZ 0040e250 f i ActiveDlg.obj
 0001:0000d270       ?name@_System_error_category@std@@UBEPBDXZ 0040e270 f i ActiveDlg.obj
 0001:0000d290       ?not_eof@?$char_traits@D@std@@SAHABH@Z 0040e290 f i ActiveDlg.obj
 0001:0000d2f0       ?open@?$basic_filebuf@DU?$char_traits@D@std@@@std@@QAEPAV12@PBDHH@Z 0040e2f0 f i ActiveDlg.obj
 0001:0000d3e0       ?overflow@?$basic_filebuf@DU?$char_traits@D@std@@@std@@MAEHH@Z 0040e3e0 f i ActiveDlg.obj
 0001:0000d8e0       ?pbackfail@?$basic_filebuf@DU?$char_traits@D@std@@@std@@MAEHH@Z 0040e8e0 f i ActiveDlg.obj
 0001:0000da90       ?qt_noop@@YAXXZ            0040ea90 f i ActiveDlg.obj
 0001:0000daa0       ?retranslateUi@Ui_ActiveDlg@@QAEXPAVQWidget@@@Z 0040eaa0 f i ActiveDlg.obj
 0001:0000dcc0       ?seekoff@?$basic_filebuf@DU?$char_traits@D@std@@@std@@MAE?AV?$fpos@H@2@_JHH@Z 0040ecc0 f i ActiveDlg.obj
 0001:0000dde0       ?seekpos@?$basic_filebuf@DU?$char_traits@D@std@@@std@@MAE?AV?$fpos@H@2@V32@H@Z 0040ede0 f i ActiveDlg.obj
 0001:0000df10       ?seekpos@?$fpos@H@std@@QBE_JXZ 0040ef10 f i ActiveDlg.obj
 0001:0000df30       ?setbuf@?$basic_filebuf@DU?$char_traits@D@std@@@std@@MAEPAV?$basic_streambuf@DU?$char_traits@D@std@@@2@PAD_J@Z 0040ef30 f i ActiveDlg.obj
 0001:0000dfc0       ?setupUi@Ui_ActiveDlg@@QAEXPAVQWidget@@@Z 0040efc0 f i ActiveDlg.obj
 0001:0000e810       ?size@?$basic_string@DU?$char_traits@D@std@@V?$allocator@D@2@@std@@QBEIXZ 0040f810 f i ActiveDlg.obj
 0001:0000e830       ?state@?$fpos@H@std@@QBEHXZ 0040f830 f i ActiveDlg.obj
 0001:0000e850       ?sync@?$basic_filebuf@DU?$char_traits@D@std@@@std@@MAEHXZ 0040f850 f i ActiveDlg.obj
 0001:0000e8e0       ?system_category@std@@YAABVerror_category@1@XZ 0040f8e0 f i ActiveDlg.obj
 0001:0000e8f0       ?to_char_type@?$char_traits@D@std@@SADABH@Z 0040f8f0 f i ActiveDlg.obj
 0001:0000e900       ?to_int_type@?$char_traits@D@std@@SAHABD@Z 0040f900 f i ActiveDlg.obj
 0001:0000e910       ?uflow@?$basic_filebuf@DU?$char_traits@D@std@@@std@@MAEHXZ 0040f910 f i ActiveDlg.obj
 0001:0000eda0       ?underflow@?$basic_filebuf@DU?$char_traits@D@std@@@std@@MAEHXZ 0040fda0 f i ActiveDlg.obj
 0001:0000ee60       ?value@error_code@std@@QBEHXZ 0040fe60 f i ActiveDlg.obj
 0001:0000ee80       ?value@error_condition@std@@QBEHXZ 0040fe80 f i ActiveDlg.obj
 0001:0000eea0       _HRESULT_FROM_WIN32        0040fea0 f i ActiveDlg.obj
 0001:0000eee0       _hypot                     0040fee0 f i ActiveDlg.obj
 0001:0000ef20       ?getMac@@YAXPAD@Z          0040ff20 f   checksn.obj
 0001:0000f080       ?CheckSN@@YAHPAD0@Z        00410080 f   checksn.obj
 0001:0000f1b0       ?CheckTime@@YAHPAD@Z       004101b0 f   checksn.obj
 0001:0000f5a0       ??0CAtlException@ATL@@QAE@J@Z 004105a0 f i checksn.obj
 0001:0000f5c0       ??0CTime@ATL@@QAE@XZ       004105c0 f i checksn.obj
 0001:0000f5f0       ??0CTime@ATL@@QAE@_J@Z     004105f0 f i checksn.obj
 0001:0000f620       ??B?$CTraceCategoryEx@$0CAAA@$0A@@ATL@@QAEIXZ 00410620 f i checksn.obj
 0001:0000f640       ?AtlThrowImpl@ATL@@YGXJ@Z  00410640 f i checksn.obj
 0001:0000f6b0       ?GetDay@CTime@ATL@@QBEHXZ  004106b0 f i checksn.obj
 0001:0000f710       ?GetLocalTm@CTime@ATL@@QBEPAUtm@@PAU3@@Z 00410710 f i checksn.obj
 0001:0000f800       ?GetMonth@CTime@ATL@@QBEHXZ 00410800 f i checksn.obj
 0001:0000f870       ?GetTickCount@CTime@ATL@@SG?AV12@XZ 00410870 f i checksn.obj
 0001:0000f8a0       ?GetYear@CTime@ATL@@QBEHXZ 004108a0 f i checksn.obj
 0001:0000f910       ?strstr@@YAPADPADPBD@Z     00410910 f i checksn.obj
 0001:0000f930       ?init@_client_t@@QAE_NABV?$basic_string@DU?$char_traits@D@std@@V?$allocator@D@2@@std@@F@Z 00410930 f   client.obj
 0001:0000f9f0       ?login_auth@_client_t@@QAEHV?$basic_string@DU?$char_traits@D@std@@V?$allocator@D@2@@std@@0AAV23@H@Z 004109f0 f   client.obj
 0001:000105c0       ?check_auth@_client_t@@QAEHH@Z 004115c0 f   client.obj
 0001:00010bb0       ?set_cardid@_client_t@@QAEHAAV?$map@V?$basic_string@DU?$char_traits@D@std@@V?$allocator@D@2@@std@@V12@U?$less@V?$basic_string@DU?$char_traits@D@std@@V?$allocator@D@2@@std@@@2@V?$allocator@U?$pair@$$CBV?$basic_string@DU?$char_traits@D@std@@V?$allocator@D@2@@std@@V12@@std@@@2@@std@@ABV?$basic_string@DU?$char_traits@D@std@@V?$allocator@D@2@@3@@Z 00411bb0 f   client.obj
 0001:00010fd0       ?set_scanid@_client_t@@QAEHABV?$basic_string@DU?$char_traits@D@std@@V?$allocator@D@2@@std@@AAV23@0@Z 00411fd0 f   client.obj
 0001:00011440       ?get_scanid@_client_t@@QAEHABV?$basic_string@DU?$char_traits@D@std@@V?$allocator@D@2@@std@@AAV23@AAV?$map@V?$basic_string@DU?$char_traits@D@std@@V?$allocator@D@2@@std@@V12@U?$less@V?$basic_string@DU?$char_traits@D@std@@V?$allocator@D@2@@std@@@2@V?$allocator@U?$pair@$$CBV?$basic_string@DU?$char_traits@D@std@@V?$allocator@D@2@@std@@V12@@std@@@2@@3@@Z 00412440 f   client.obj
 0001:00011890       ?send_png@_client_t@@QAE_NABV?$basic_string@DU?$char_traits@D@std@@V?$allocator@D@2@@std@@PAGHAAV?$vector@V?$basic_string@DU?$char_traits@D@std@@V?$allocator@D@2@@std@@V?$allocator@V?$basic_string@DU?$char_traits@D@std@@V?$allocator@D@2@@std@@@2@@3@@Z 00412890 f   client.obj
 0001:00011c80       ?send_info@_client_t@@QAE_NAAV?$map@V?$basic_string@DU?$char_traits@D@std@@V?$allocator@D@2@@std@@V12@U?$less@V?$basic_string@DU?$char_traits@D@std@@V?$allocator@D@2@@std@@@2@V?$allocator@U?$pair@$$CBV?$basic_string@DU?$char_traits@D@std@@V?$allocator@D@2@@std@@V12@@std@@@2@@std@@@Z 00412c80 f   client.obj
 0001:00012010       ?get_info@_client_t@@QAEHABV?$basic_string@DU?$char_traits@D@std@@V?$allocator@D@2@@std@@AAV?$map@V?$basic_string@DU?$char_traits@D@std@@V?$allocator@D@2@@std@@V12@U?$less@V?$basic_string@DU?$char_traits@D@std@@V?$allocator@D@2@@std@@@2@V?$allocator@U?$pair@$$CBV?$basic_string@DU?$char_traits@D@std@@V?$allocator@D@2@@std@@V12@@std@@@2@@3@@Z 00413010 f   client.obj
 0001:000123d0       ?get_png_id@_client_t@@QAEHABV?$basic_string@DU?$char_traits@D@std@@V?$allocator@D@2@@std@@AAV?$map@V?$basic_string@DU?$char_traits@D@std@@V?$allocator@D@2@@std@@V12@U?$less@V?$basic_string@DU?$char_traits@D@std@@V?$allocator@D@2@@std@@@2@V?$allocator@U?$pair@$$CBV?$basic_string@DU?$char_traits@D@std@@V?$allocator@D@2@@std@@V12@@std@@@2@@3@@Z 004133d0 f   client.obj
 0001:00012790       ?get_png@_client_t@@QAE_NABV?$basic_string@DU?$char_traits@D@std@@V?$allocator@D@2@@std@@0PAGH@Z 00413790 f   client.obj
 0001:00012ae0       ?send_result_dat@_client_t@@QAE_NABV?$basic_string@DU?$char_traits@D@std@@V?$allocator@D@2@@std@@PAGH00@Z 00413ae0 f   client.obj
 0001:00012fc0       ?send_result_bmp@_client_t@@QAE_NABV?$basic_string@DU?$char_traits@D@std@@V?$allocator@D@2@@std@@AAV23@00@Z 00413fc0 f   client.obj
 0001:00013500       ?get_result_list@_client_t@@QAEHABV?$basic_string@DU?$char_traits@D@std@@V?$allocator@D@2@@std@@AAV23@@Z 00414500 f   client.obj
 0001:00013830       ?get_result@_client_t@@QAE_NABV?$basic_string@DU?$char_traits@D@std@@V?$allocator@D@2@@std@@AAV23@PAGH11@Z 00414830 f   client.obj
 0001:00013f20       ?get_users@_client_t@@QAE_NAAV?$basic_string@DU?$char_traits@D@std@@V?$allocator@D@2@@std@@0AAV?$map@V?$basic_string@DU?$char_traits@D@std@@V?$allocator@D@2@@std@@V12@U?$less@V?$basic_string@DU?$char_traits@D@std@@V?$allocator@D@2@@std@@@2@V?$allocator@U?$pair@$$CBV?$basic_string@DU?$char_traits@D@std@@V?$allocator@D@2@@std@@V12@@std@@@2@@3@AAH@Z 00414f20 f   client.obj
 0001:000143d0       ?new_user@_client_t@@QAE_NAAV?$basic_string@DU?$char_traits@D@std@@V?$allocator@D@2@@std@@0AAH100@Z 004153d0 f   client.obj
 0001:00014c00       ?del_user@_client_t@@QAE_NAAV?$basic_string@DU?$char_traits@D@std@@V?$allocator@D@2@@std@@00@Z 00415c00 f   client.obj
 0001:000150f0       ?update_user@_client_t@@QAE_NAAV?$basic_string@DU?$char_traits@D@std@@V?$allocator@D@2@@std@@0AAH00@Z 004160f0 f   client.obj
 0001:00015810       ?get_listdata@_client_t@@QAEHAAV?$basic_string@DU?$char_traits@D@std@@V?$allocator@D@2@@std@@0@Z 00416810 f   client.obj
 0001:00015b70       ?del_scanid@_client_t@@QAEHABV?$basic_string@DU?$char_traits@D@std@@V?$allocator@D@2@@std@@@Z 00416b70 f   client.obj
 0001:00015ec0       ?set_req_head@_client_t@@AAEXAAU_req_head@@ABH@Z 00416ec0 f   client.obj
 0001:00015f00       ?recv_data@_client_t@@AAE_NPADH@Z 00416f00 f   client.obj
 0001:00015f80       ?recv_resp@_client_t@@AAEHPAD@Z 00416f80 f   client.obj
 0001:00016110       ?get_local_auth@_client_t@@AAE?AV?$basic_string@DU?$char_traits@D@std@@V?$allocator@D@2@@std@@AAV23@00@Z 00417110 f   client.obj
 0001:00017d20       ??$?8DD@std@@YA_NABV?$allocator@D@0@0@Z 00418d20 f i client.obj
 0001:00017d30       ??$?8DU?$char_traits@D@std@@V?$allocator@D@1@@std@@YA_NABV?$basic_string@DU?$char_traits@D@std@@V?$allocator@D@2@@0@0@Z 00418d30 f i client.obj
 0001:00017d70       ??$?8DU?$char_traits@D@std@@V?$allocator@D@1@@std@@YA_NPBDABV?$basic_string@DU?$char_traits@D@std@@V?$allocator@D@2@@0@@Z 00418d70 f i client.obj
 0001:00017db0       ??$?8V?$allocator@D@std@@V01@@std@@YA_NABU?$_Wrap_alloc@V?$allocator@D@std@@@0@0@Z 00418db0 f i client.obj
 0001:00017df0       ??$?9DU?$char_traits@D@std@@V?$allocator@D@1@@std@@YA_NABV?$basic_string@DU?$char_traits@D@std@@V?$allocator@D@2@@0@0@Z 00418df0 f i client.obj
 0001:00017e30       ??$?9V?$allocator@D@std@@V01@@std@@YA_NABU?$_Wrap_alloc@V?$allocator@D@std@@@0@0@Z 00418e30 f i client.obj
 0001:00017e70       ??$?HDU?$char_traits@D@std@@V?$allocator@D@1@@std@@YA?AV?$basic_string@DU?$char_traits@D@std@@V?$allocator@D@2@@0@$$QAV10@ABV10@@Z 00418e70 f i client.obj
 0001:00017ec0       ??$?HDU?$char_traits@D@std@@V?$allocator@D@1@@std@@YA?AV?$basic_string@DU?$char_traits@D@std@@V?$allocator@D@2@@0@ABV10@PBD@Z 00418ec0 f i client.obj
 0001:00017fb0       ??$?HDU?$char_traits@D@std@@V?$allocator@D@1@@std@@YA?AV?$basic_string@DU?$char_traits@D@std@@V?$allocator@D@2@@0@PBDABV10@@Z 00418fb0 f i client.obj
 0001:000180a0       ??$_Allocate@V?$basic_string@DU?$char_traits@D@std@@V?$allocator@D@2@@std@@@std@@YAPAV?$basic_string@DU?$char_traits@D@std@@V?$allocator@D@2@@0@IPAV10@@Z 004190a0 f i client.obj
 0001:000180f0       ??$_Debug_pointer@V?$basic_string@DU?$char_traits@D@std@@V?$allocator@D@2@@std@@@std@@YAXPAV?$basic_string@DU?$char_traits@D@std@@V?$allocator@D@2@@0@PB_WI@Z 004190f0 f i client.obj
 0001:00018120       ??$_Debug_range2@PAV?$basic_string@DU?$char_traits@D@std@@V?$allocator@D@2@@std@@@std@@YAXPAV?$basic_string@DU?$char_traits@D@std@@V?$allocator@D@2@@0@0PB_WIUrandom_access_iterator_tag@0@@Z 00419120 f i client.obj
 0001:00018190       ??$_Debug_range@PAV?$basic_string@DU?$char_traits@D@std@@V?$allocator@D@2@@std@@@std@@YAXPAV?$basic_string@DU?$char_traits@D@std@@V?$allocator@D@2@@0@0PB_WI@Z 00419190 f i client.obj
 0001:000181e0       ??$_Destroy_range@U?$_Wrap_alloc@V?$allocator@V?$basic_string@DU?$char_traits@D@std@@V?$allocator@D@2@@std@@@std@@@std@@@std@@YAXPAV?$basic_string@DU?$char_traits@D@std@@V?$allocator@D@2@@0@0AAU?$_Wrap_alloc@V?$allocator@V?$basic_string@DU?$char_traits@D@std@@V?$allocator@D@2@@std@@@std@@@0@@Z 004191e0 f i client.obj
 0001:00018230       ??$_Destroy_range@U?$_Wrap_alloc@V?$allocator@V?$basic_string@DU?$char_traits@D@std@@V?$allocator@D@2@@std@@@std@@@std@@@std@@YAXPAV?$basic_string@DU?$char_traits@D@std@@V?$allocator@D@2@@0@0AAU?$_Wrap_alloc@V?$allocator@V?$basic_string@DU?$char_traits@D@std@@V?$allocator@D@2@@std@@@std@@@0@U_Nonscalar_ptr_iterator_tag@0@@Z 00419230 f i client.obj
 0001:00018260       ??$_Iter_cat@PAV?$basic_string@DU?$char_traits@D@std@@V?$allocator@D@2@@std@@@std@@YA?AUrandom_access_iterator_tag@0@ABQAV?$basic_string@DU?$char_traits@D@std@@V?$allocator@D@2@@0@@Z 00419260 f i client.obj
 0001:00018280       ??$_Ptr_cat@V?$basic_string@DU?$char_traits@D@std@@V?$allocator@D@2@@std@@V12@@std@@YA?AU_Nonscalar_ptr_iterator_tag@0@PAV?$basic_string@DU?$char_traits@D@std@@V?$allocator@D@2@@0@0@Z 00419280 f i client.obj
 0001:00018290       ??$_Rechecked@PAV?$basic_string@DU?$char_traits@D@std@@V?$allocator@D@2@@std@@PAV12@@std@@YAAAPAV?$basic_string@DU?$char_traits@D@std@@V?$allocator@D@2@@0@AAPAV10@PAV10@@Z 00419290 f i client.obj
 0001:000182b0       ??$_Umove@PAV?$basic_string@DU?$char_traits@D@std@@V?$allocator@D@2@@std@@@?$vector@V?$basic_string@DU?$char_traits@D@std@@V?$allocator@D@2@@std@@V?$allocator@V?$basic_string@DU?$char_traits@D@std@@V?$allocator@D@2@@std@@@2@@std@@IAEPAV?$basic_string@DU?$char_traits@D@std@@V?$allocator@D@2@@1@PAV21@00@Z 004192b0 f i client.obj
 0001:000182f0       ??$_Unchecked@PAV?$basic_string@DU?$char_traits@D@std@@V?$allocator@D@2@@std@@@std@@YAPAV?$basic_string@DU?$char_traits@D@std@@V?$allocator@D@2@@0@PAV10@@Z 004192f0 f i client.obj
 0001:00018300       ??$_Uninit_move@PAV?$basic_string@DU?$char_traits@D@std@@V?$allocator@D@2@@std@@PAV12@U?$_Wrap_alloc@V?$allocator@V?$basic_string@DU?$char_traits@D@std@@V?$allocator@D@2@@std@@@std@@@2@@std@@YAPAV?$basic_string@DU?$char_traits@D@std@@V?$allocator@D@2@@0@PAV10@00AAU?$_Wrap_alloc@V?$allocator@V?$basic_string@DU?$char_traits@D@std@@V?$allocator@D@2@@std@@@std@@@0@@Z 00419300 f i client.obj
 0001:00018360       ??$_Uninit_move@PAV?$basic_string@DU?$char_traits@D@std@@V?$allocator@D@2@@std@@PAV12@V?$allocator@V?$basic_string@DU?$char_traits@D@std@@V?$allocator@D@2@@std@@@2@V12@@std@@YAPAV?$basic_string@DU?$char_traits@D@std@@V?$allocator@D@2@@0@PAV10@00AAU?$_Wrap_alloc@V?$allocator@V?$basic_string@DU?$char_traits@D@std@@V?$allocator@D@2@@std@@@std@@@0@0U_Nonscalar_ptr_iterator_tag@0@@Z 00419360 f i client.obj
 0001:00018490       ??$_Uninitialized_move@PAV?$basic_string@DU?$char_traits@D@std@@V?$allocator@D@2@@std@@PAV12@U?$_Wrap_alloc@V?$allocator@V?$basic_string@DU?$char_traits@D@std@@V?$allocator@D@2@@std@@@std@@@2@@std@@YAPAV?$basic_string@DU?$char_traits@D@std@@V?$allocator@D@2@@0@PAV10@00AAU?$_Wrap_alloc@V?$allocator@V?$basic_string@DU?$char_traits@D@std@@V?$allocator@D@2@@std@@@std@@@0@@Z 00419490 f i client.obj
 0001:000184f0       ??$_Val_type@PAV?$basic_string@DU?$char_traits@D@std@@V?$allocator@D@2@@std@@@std@@YAPAV?$basic_string@DU?$char_traits@D@std@@V?$allocator@D@2@@0@PAV10@@Z 004194f0 f i client.obj
 0001:00018500       ??$addressof@$$CBV?$basic_string@DU?$char_traits@D@std@@V?$allocator@D@2@@std@@@std@@YAPBV?$basic_string@DU?$char_traits@D@std@@V?$allocator@D@2@@0@ABV10@@Z 00419500 f i client.obj
 0001:00018510       ??$assign@V?$_String_iterator@V?$_String_val@U?$_Simple_types@D@std@@@std@@@std@@@?$basic_string@DU?$char_traits@D@std@@V?$allocator@D@2@@std@@QAEAAV01@V?$_String_iterator@V?$_String_val@U?$_Simple_types@D@std@@@std@@@1@0@Z 00419510 f i client.obj
 0001:00018690       ??$construct@V?$basic_string@DU?$char_traits@D@std@@V?$allocator@D@2@@std@@AAV12@@?$_Wrap_alloc@V?$allocator@V?$basic_string@DU?$char_traits@D@std@@V?$allocator@D@2@@std@@@std@@@std@@QAEXPAV?$basic_string@DU?$char_traits@D@std@@V?$allocator@D@2@@1@AAV21@@Z 00419690 f i client.obj
 0001:000186d0       ??$construct@V?$basic_string@DU?$char_traits@D@std@@V?$allocator@D@2@@std@@AAV12@@?$allocator@V?$basic_string@DU?$char_traits@D@std@@V?$allocator@D@2@@std@@@std@@QAEXPAV?$basic_string@DU?$char_traits@D@std@@V?$allocator@D@2@@1@AAV21@@Z 004196d0 f i client.obj
 0001:00018780       ??$construct@V?$basic_string@DU?$char_traits@D@std@@V?$allocator@D@2@@std@@AAV12@@?$allocator_traits@V?$allocator@V?$basic_string@DU?$char_traits@D@std@@V?$allocator@D@2@@std@@@std@@@std@@SAXAAV?$allocator@V?$basic_string@DU?$char_traits@D@std@@V?$allocator@D@2@@std@@@1@PAV?$basic_string@DU?$char_traits@D@std@@V?$allocator@D@2@@1@AAV31@@Z 00419780 f i client.obj
 0001:000187b0       ??$construct@V?$basic_string@DU?$char_traits@D@std@@V?$allocator@D@2@@std@@ABV12@@?$_Wrap_alloc@V?$allocator@V?$basic_string@DU?$char_traits@D@std@@V?$allocator@D@2@@std@@@std@@@std@@QAEXPAV?$basic_string@DU?$char_traits@D@std@@V?$allocator@D@2@@1@ABV21@@Z 004197b0 f i client.obj
 0001:000187f0       ??$construct@V?$basic_string@DU?$char_traits@D@std@@V?$allocator@D@2@@std@@ABV12@@?$allocator_traits@V?$allocator@V?$basic_string@DU?$char_traits@D@std@@V?$allocator@D@2@@std@@@std@@@std@@SAXAAV?$allocator@V?$basic_string@DU?$char_traits@D@std@@V?$allocator@D@2@@std@@@1@PAV?$basic_string@DU?$char_traits@D@std@@V?$allocator@D@2@@1@ABV31@@Z 004197f0 f i client.obj
 0001:00018820       ??$construct@V?$basic_string@DU?$char_traits@D@std@@V?$allocator@D@2@@std@@V12@@?$_Wrap_alloc@V?$allocator@V?$basic_string@DU?$char_traits@D@std@@V?$allocator@D@2@@std@@@std@@@std@@QAEXPAV?$basic_string@DU?$char_traits@D@std@@V?$allocator@D@2@@1@$$QAV21@@Z 00419820 f i client.obj
 0001:00018860       ??$construct@V?$basic_string@DU?$char_traits@D@std@@V?$allocator@D@2@@std@@V12@@?$allocator@V?$basic_string@DU?$char_traits@D@std@@V?$allocator@D@2@@std@@@std@@QAEXPAV?$basic_string@DU?$char_traits@D@std@@V?$allocator@D@2@@1@$$QAV21@@Z 00419860 f i client.obj
 0001:00018910       ??$construct@V?$basic_string@DU?$char_traits@D@std@@V?$allocator@D@2@@std@@V12@@?$allocator_traits@V?$allocator@V?$basic_string@DU?$char_traits@D@std@@V?$allocator@D@2@@std@@@std@@@std@@SAXAAV?$allocator@V?$basic_string@DU?$char_traits@D@std@@V?$allocator@D@2@@std@@@1@PAV?$basic_string@DU?$char_traits@D@std@@V?$allocator@D@2@@1@$$QAV31@@Z 00419910 f i client.obj
 0001:00018940       ??$destroy@V?$basic_string@DU?$char_traits@D@std@@V?$allocator@D@2@@std@@@?$_Wrap_alloc@V?$allocator@V?$basic_string@DU?$char_traits@D@std@@V?$allocator@D@2@@std@@@std@@@std@@QAEXPAV?$basic_string@DU?$char_traits@D@std@@V?$allocator@D@2@@1@@Z 00419940 f i client.obj
 0001:00018970       ??$destroy@V?$basic_string@DU?$char_traits@D@std@@V?$allocator@D@2@@std@@@?$allocator@V?$basic_string@DU?$char_traits@D@std@@V?$allocator@D@2@@std@@@std@@QAEXPAV?$basic_string@DU?$char_traits@D@std@@V?$allocator@D@2@@1@@Z 00419970 f i client.obj
 0001:00018990       ??$destroy@V?$basic_string@DU?$char_traits@D@std@@V?$allocator@D@2@@std@@@?$allocator_traits@V?$allocator@V?$basic_string@DU?$char_traits@D@std@@V?$allocator@D@2@@std@@@std@@@std@@SAXAAV?$allocator@V?$basic_string@DU?$char_traits@D@std@@V?$allocator@D@2@@std@@@1@PAV?$basic_string@DU?$char_traits@D@std@@V?$allocator@D@2@@1@@Z 00419990 f i client.obj
 0001:000189b0       ??$forward@AAV?$basic_string@DU?$char_traits@D@std@@V?$allocator@D@2@@std@@@std@@YAAAV?$basic_string@DU?$char_traits@D@std@@V?$allocator@D@2@@0@AAV10@@Z 004199b0 f i client.obj
 0001:000189c0       ??$forward@ABV?$basic_string@DU?$char_traits@D@std@@V?$allocator@D@2@@std@@@std@@YAABV?$basic_string@DU?$char_traits@D@std@@V?$allocator@D@2@@0@ABV10@@Z 004199c0 f i client.obj
 0001:000189d0       ??$forward@V?$basic_string@DU?$char_traits@D@std@@V?$allocator@D@2@@std@@@std@@YA$$QAV?$basic_string@DU?$char_traits@D@std@@V?$allocator@D@2@@0@AAV10@@Z 004199d0 f i client.obj
 0001:000189e0       ??$move@AAV?$basic_string@DU?$char_traits@D@std@@V?$allocator@D@2@@std@@@std@@YA$$QAV?$basic_string@DU?$char_traits@D@std@@V?$allocator@D@2@@0@AAV10@@Z 004199e0 f i client.obj
 0001:000189f0       ??$sprintf_s@$0IA@@@YAHAAY0IA@DPBDZZ 004199f0 f i client.obj
 0001:00018a30       ??0?$_Iterator012@Urandom_access_iterator_tag@std@@DHPBDABDU_Iterator_base12@2@@std@@QAE@ABU01@@Z 00419a30 f i client.obj
 0001:00018a60       ??0?$_String_const_iterator@V?$_String_val@U?$_Simple_types@D@std@@@std@@@std@@QAE@ABV01@@Z 00419a60 f i client.obj
 0001:00018aa0       ??0?$_String_iterator@V?$_String_val@U?$_Simple_types@D@std@@@std@@@std@@QAE@ABV01@@Z 00419aa0 f i client.obj
 0001:00018ad0       ??0?$_Wrap_alloc@V?$allocator@D@std@@@std@@QAE@ABV?$allocator@D@1@@Z 00419ad0 f i client.obj
 0001:00018b00       ??0?$_Wrap_alloc@V?$allocator@V?$basic_string@DU?$char_traits@D@std@@V?$allocator@D@2@@std@@@std@@@std@@QAE@XZ 00419b00 f i client.obj
 0001:00018b20       ??0?$allocator@D@std@@QAE@ABV01@@Z 00419b20 f i client.obj
 0001:00018b40       ??0?$allocator@V?$basic_string@DU?$char_traits@D@std@@V?$allocator@D@2@@std@@@std@@QAE@XZ 00419b40 f i client.obj
 0001:00018b60       ??0?$basic_string@DU?$char_traits@D@std@@V?$allocator@D@2@@std@@QAE@$$QAV01@@Z 00419b60 f i client.obj
 0001:00018bc0       ??0?$basic_string@DU?$char_traits@D@std@@V?$allocator@D@2@@std@@QAE@ABV01@@Z 00419bc0 f i client.obj
 0001:00018c70       ??0?$basic_string@DU?$char_traits@D@std@@V?$allocator@D@2@@std@@QAE@PBDI@Z 00419c70 f i client.obj
 0001:00018d10       ??0_Iterator_base12@std@@QAE@ABU01@@Z 00419d10 f i client.obj
 0001:00018d50       ??4?$basic_string@DU?$char_traits@D@std@@V?$allocator@D@2@@std@@QAEAAV01@$$QAV01@@Z 00419d50 f i client.obj
 0001:00018e30       ??4?$basic_string@DU?$char_traits@D@std@@V?$allocator@D@2@@std@@QAEAAV01@ABV01@@Z 00419e30 f i client.obj
 0001:00018ed0       ??4?$basic_string@DU?$char_traits@D@std@@V?$allocator@D@2@@std@@QAEAAV01@PBD@Z 00419ed0 f i client.obj
 0001:00018ef0       ??4_Iterator_base12@std@@QAEAAU01@ABU01@@Z 00419ef0 f i client.obj
 0001:00018fb0       ??8?$_String_const_iterator@V?$_String_val@U?$_Simple_types@D@std@@@std@@@std@@QBE_NABV01@@Z 00419fb0 f i client.obj
 0001:00019000       ??A?$basic_string@DU?$char_traits@D@std@@V?$allocator@D@2@@std@@QAEAADI@Z 0041a000 f i client.obj
 0001:00019050       ??G?$_String_const_iterator@V?$_String_val@U?$_Simple_types@D@std@@@std@@@std@@QBEHABV01@@Z 0041a050 f i client.obj
 0001:00019080       ??G?$_String_iterator@V?$_String_val@U?$_Simple_types@D@std@@@std@@@std@@QBEHABV?$_String_const_iterator@V?$_String_val@U?$_Simple_types@D@std@@@std@@@1@@Z 0041a080 f i client.obj
 0001:00019120       ??Y?$basic_string@DU?$char_traits@D@std@@V?$allocator@D@2@@std@@QAEAAV01@ABV01@@Z 0041a120 f i client.obj
 0001:00019140       ??Y?$basic_string@DU?$char_traits@D@std@@V?$allocator@D@2@@std@@QAEAAV01@PBD@Z 0041a140 f i client.obj
 0001:00019160       ??_G?$basic_string@DU?$char_traits@D@std@@V?$allocator@D@2@@std@@QAEPAXI@Z 0041a160 f i client.obj
 0001:000191a0       ?_Assign_rv@?$basic_string@DU?$char_traits@D@std@@V?$allocator@D@2@@std@@QAEX$$QAV12@@Z 0041a1a0 f i client.obj
 0001:00019250       ?_Change_alloc@?$_String_alloc@$0A@U?$_String_base_types@DV?$allocator@D@std@@@std@@@std@@QAEXABU?$_Wrap_alloc@V?$allocator@D@std@@@2@@Z 0041a250 f i client.obj
 0001:00019260       ?_Clrcont@_Iterator_base12@std@@QAEXXZ 0041a260 f i client.obj
 0001:00019280       ?_Compat@?$_String_const_iterator@V?$_String_val@U?$_Simple_types@D@std@@@std@@@std@@QBEXABV12@@Z 0041a280 f i client.obj
 0001:00019350       ?_Destroy@?$vector@V?$basic_string@DU?$char_traits@D@std@@V?$allocator@D@2@@std@@V?$allocator@V?$basic_string@DU?$char_traits@D@std@@V?$allocator@D@2@@std@@@2@@std@@IAEXPAV?$basic_string@DU?$char_traits@D@std@@V?$allocator@D@2@@2@0@Z 0041a350 f i client.obj
 0001:00019390       ?_Getal@?$_Vector_alloc@$0A@U?$_Vec_base_types@V?$basic_string@DU?$char_traits@D@std@@V?$allocator@D@2@@std@@V?$allocator@V?$basic_string@DU?$char_traits@D@std@@V?$allocator@D@2@@std@@@2@@std@@@std@@QBE?AU?$_Wrap_alloc@V?$allocator@V?$basic_string@DU?$char_traits@D@std@@V?$allocator@D@2@@std@@@std@@@2@XZ 0041a390 f i client.obj
 0001:000193b0       ?_Getpnext@_Iterator_base12@std@@QAEPAPAU12@XZ 0041a3b0 f i client.obj
 0001:000193d0       ?_Grow_to@?$vector@V?$basic_string@DU?$char_traits@D@std@@V?$allocator@D@2@@std@@V?$allocator@V?$basic_string@DU?$char_traits@D@std@@V?$allocator@D@2@@std@@@2@@std@@IBEII@Z 0041a3d0 f i client.obj
 0001:00019440       ?_Inside@?$vector@V?$basic_string@DU?$char_traits@D@std@@V?$allocator@D@2@@std@@V?$allocator@V?$basic_string@DU?$char_traits@D@std@@V?$allocator@D@2@@std@@@2@@std@@IBE_NPBV?$basic_string@DU?$char_traits@D@std@@V?$allocator@D@2@@2@@Z 0041a440 f i client.obj
 0001:00019490       ?_Orphan_range@?$vector@V?$basic_string@DU?$char_traits@D@std@@V?$allocator@D@2@@std@@V?$allocator@V?$basic_string@DU?$char_traits@D@std@@V?$allocator@D@2@@std@@@2@@std@@IBEXPAV?$basic_string@DU?$char_traits@D@std@@V?$allocator@D@2@@2@0@Z 0041a490 f i client.obj
 0001:00019580       ?_Pdif@?$basic_string@DU?$char_traits@D@std@@V?$allocator@D@2@@std@@SAIV?$_String_const_iterator@V?$_String_val@U?$_Simple_types@D@std@@@std@@@2@0@Z 0041a580 f i client.obj
 0001:00019620       ?_Reallocate@?$vector@V?$basic_string@DU?$char_traits@D@std@@V?$allocator@D@2@@std@@V?$allocator@V?$basic_string@DU?$char_traits@D@std@@V?$allocator@D@2@@std@@@2@@std@@IAEXI@Z 0041a620 f i client.obj
 0001:000197b0       ?_Reserve@?$vector@V?$basic_string@DU?$char_traits@D@std@@V?$allocator@D@2@@std@@V?$allocator@V?$basic_string@DU?$char_traits@D@std@@V?$allocator@D@2@@std@@@2@@std@@IAEXI@Z 0041a7b0 f i client.obj
 0001:00019820       ?_Unused_capacity@?$vector@V?$basic_string@DU?$char_traits@D@std@@V?$allocator@D@2@@std@@V?$allocator@V?$basic_string@DU?$char_traits@D@std@@V?$allocator@D@2@@std@@@2@@std@@QBEIXZ 0041a820 f i client.obj
 0001:00019850       ?_Xlen@?$vector@V?$basic_string@DU?$char_traits@D@std@@V?$allocator@D@2@@std@@V?$allocator@V?$basic_string@DU?$char_traits@D@std@@V?$allocator@D@2@@std@@@2@@std@@IBEXXZ 0041a850 f i client.obj
 0001:00019870       ?allocate@?$_Wrap_alloc@V?$allocator@V?$basic_string@DU?$char_traits@D@std@@V?$allocator@D@2@@std@@@std@@@std@@QAEPAV?$basic_string@DU?$char_traits@D@std@@V?$allocator@D@2@@2@I@Z 0041a870 f i client.obj
 0001:00019890       ?allocate@?$allocator@V?$basic_string@DU?$char_traits@D@std@@V?$allocator@D@2@@std@@@std@@QAEPAV?$basic_string@DU?$char_traits@D@std@@V?$allocator@D@2@@2@I@Z 0041a890 f i client.obj
 0001:000198c0       ?append@?$basic_string@DU?$char_traits@D@std@@V?$allocator@D@2@@std@@QAEAAV12@ABV12@@Z 0041a8c0 f i client.obj
 0001:000198f0       ?append@?$basic_string@DU?$char_traits@D@std@@V?$allocator@D@2@@std@@QAEAAV12@ABV12@II@Z 0041a8f0 f i client.obj
 0001:000199e0       ?append@?$basic_string@DU?$char_traits@D@std@@V?$allocator@D@2@@std@@QAEAAV12@PBD@Z 0041a9e0 f i client.obj
 0001:00019a30       ?append@?$basic_string@DU?$char_traits@D@std@@V?$allocator@D@2@@std@@QAEAAV12@PBDI@Z 0041aa30 f i client.obj
 0001:00019b30       ?assign@?$basic_string@DU?$char_traits@D@std@@V?$allocator@D@2@@std@@QAEAAV12@ABV12@@Z 0041ab30 f i client.obj
 0001:00019b60       ?c_str@?$basic_string@DU?$char_traits@D@std@@V?$allocator@D@2@@std@@QBEPBDXZ 0041ab60 f i client.obj
 0001:00019b80       ?capacity@?$vector@V?$basic_string@DU?$char_traits@D@std@@V?$allocator@D@2@@std@@V?$allocator@V?$basic_string@DU?$char_traits@D@std@@V?$allocator@D@2@@std@@@2@@std@@QBEIXZ 0041ab80 f i client.obj
 0001:00019bb0       ?compare@?$basic_string@DU?$char_traits@D@std@@V?$allocator@D@2@@std@@QBEHABV12@@Z 0041abb0 f i client.obj
 0001:00019bf0       ?compare@?$basic_string@DU?$char_traits@D@std@@V?$allocator@D@2@@std@@QBEHIIPBDI@Z 0041abf0 f i client.obj
 0001:00019d00       ?compare@?$basic_string@DU?$char_traits@D@std@@V?$allocator@D@2@@std@@QBEHPBD@Z 0041ad00 f i client.obj
 0001:00019d60       ?compare@?$char_traits@D@std@@SAHPBD0I@Z 0041ad60 f i client.obj
 0001:00019da0       ?construct@?$allocator@V?$basic_string@DU?$char_traits@D@std@@V?$allocator@D@2@@std@@@std@@QAEXPAV?$basic_string@DU?$char_traits@D@std@@V?$allocator@D@2@@2@ABV32@@Z 0041ada0 f i client.obj
 0001:00019e40       ?deallocate@?$_Wrap_alloc@V?$allocator@V?$basic_string@DU?$char_traits@D@std@@V?$allocator@D@2@@std@@@std@@@std@@QAEXPAV?$basic_string@DU?$char_traits@D@std@@V?$allocator@D@2@@2@I@Z 0041ae40 f i client.obj
 0001:00019e70       ?deallocate@?$allocator@V?$basic_string@DU?$char_traits@D@std@@V?$allocator@D@2@@std@@@std@@QAEXPAV?$basic_string@DU?$char_traits@D@std@@V?$allocator@D@2@@2@I@Z 0041ae70 f i client.obj
 0001:00019e90       ?end@?$basic_string@DU?$char_traits@D@std@@V?$allocator@D@2@@std@@QAE?AV?$_String_iterator@V?$_String_val@U?$_Simple_types@D@std@@@std@@@2@XZ 0041ae90 f i client.obj
 0001:00019ed0       ?insert@?$basic_string@DU?$char_traits@D@std@@V?$allocator@D@2@@std@@QAEAAV12@IABV12@II@Z 0041aed0 f i client.obj
 0001:0001a060       ?insert@?$basic_string@DU?$char_traits@D@std@@V?$allocator@D@2@@std@@QAEAAV12@IPBD@Z 0041b060 f i client.obj
 0001:0001a0b0       ?insert@?$basic_string@DU?$char_traits@D@std@@V?$allocator@D@2@@std@@QAEAAV12@IPBDI@Z 0041b0b0 f i client.obj
 0001:0001a210       ?length@?$basic_string@DU?$char_traits@D@std@@V?$allocator@D@2@@std@@QBEIXZ 0041b210 f i client.obj
 0001:0001a230       ?max_size@?$_Wrap_alloc@V?$allocator@V?$basic_string@DU?$char_traits@D@std@@V?$allocator@D@2@@std@@@std@@@std@@QBEIXZ 0041b230 f i client.obj
 0001:0001a250       ?max_size@?$allocator@V?$basic_string@DU?$char_traits@D@std@@V?$allocator@D@2@@std@@@std@@QBEIXZ 0041b250 f i client.obj
 0001:0001a270       ?max_size@?$allocator_traits@V?$allocator@V?$basic_string@DU?$char_traits@D@std@@V?$allocator@D@2@@std@@@std@@@std@@SAIABV?$allocator@V?$basic_string@DU?$char_traits@D@std@@V?$allocator@D@2@@std@@@2@@Z 0041b270 f i client.obj
 0001:0001a280       ?max_size@?$vector@V?$basic_string@DU?$char_traits@D@std@@V?$allocator@D@2@@std@@V?$allocator@V?$basic_string@DU?$char_traits@D@std@@V?$allocator@D@2@@std@@@2@@std@@QBEIXZ 0041b280 f i client.obj
 0001:0001a2b0       ?push_back@?$vector@V?$basic_string@DU?$char_traits@D@std@@V?$allocator@D@2@@std@@V?$allocator@V?$basic_string@DU?$char_traits@D@std@@V?$allocator@D@2@@std@@@2@@std@@QAEXABV?$basic_string@DU?$char_traits@D@std@@V?$allocator@D@2@@2@@Z 0041b2b0 f i client.obj
 0001:0001a400       ?replace@?$basic_string@DU?$char_traits@D@std@@V?$allocator@D@2@@std@@QAEAAV12@IIABV12@II@Z 0041b400 f i client.obj
 0001:0001a770       ?replace@?$basic_string@DU?$char_traits@D@std@@V?$allocator@D@2@@std@@QAEAAV12@IIPBD@Z 0041b770 f i client.obj
 0001:0001a7d0       ?replace@?$basic_string@DU?$char_traits@D@std@@V?$allocator@D@2@@std@@QAEAAV12@IIPBDI@Z 0041b7d0 f i client.obj
 0001:0001a9c0       ?replace@?$basic_string@DU?$char_traits@D@std@@V?$allocator@D@2@@std@@QAEAAV12@V?$_String_const_iterator@V?$_String_val@U?$_Simple_types@D@std@@@std@@@2@0V?$_String_iterator@V?$_String_val@U?$_Simple_types@D@std@@@std@@@2@1@Z 0041b9c0 f i client.obj
 0001:0001ac80       ?reserve@?$basic_string@DU?$char_traits@D@std@@V?$allocator@D@2@@std@@QAEXI@Z 0041bc80 f i client.obj
 0001:0001acf0       ?select_on_container_copy_construction@?$_Wrap_alloc@V?$allocator@D@std@@@std@@QBE?AU12@XZ 0041bcf0 f i client.obj
 0001:0001ad30       ?select_on_container_copy_construction@?$allocator@D@std@@QBE?AV12@XZ 0041bd30 f i client.obj
 0001:0001ad60       ?select_on_container_copy_construction@?$allocator_traits@V?$allocator@D@std@@@std@@SA?AV?$allocator@D@2@ABV32@@Z 0041bd60 f i client.obj
 0001:0001ad80       ?size@?$vector@V?$basic_string@DU?$char_traits@D@std@@V?$allocator@D@2@@std@@V?$allocator@V?$basic_string@DU?$char_traits@D@std@@V?$allocator@D@2@@std@@@2@@std@@QBEIXZ 0041bd80 f i client.obj
 0001:0001adb0       ?to_string@std@@YA?AV?$basic_string@DU?$char_traits@D@std@@V?$allocator@D@2@@1@H@Z 0041bdb0 f i client.obj
 0001:0001c2b0       ?metaObject@ActiveDlg@@UBEPBUQMetaObject@@XZ 0041d2b0 f   moc_ActiveDlg.obj
 0001:0001c2f0       ?qt_metacast@ActiveDlg@@UAEPAXPBD@Z 0041d2f0 f   moc_ActiveDlg.obj
 0001:0001c330       ?qt_metacall@ActiveDlg@@UAEHW4Call@QMetaObject@@HPAPAX@Z 0041d330 f   moc_ActiveDlg.obj
 0001:0001c3c0       ?qt_static_metacall@ActiveDlg@@CAXPAVQObject@@W4Call@QMetaObject@@HPAPAX@Z 0041d3c0 f   moc_ActiveDlg.obj
 0001:0001c980       ??C?$QScopedPointer@VQObjectData@@U?$QScopedPointerDeleter@VQObjectData@@@@@@QBEPAVQObjectData@@XZ 0041d980 f i moc_ActiveDlg.obj
 0001:00042fd0       ?metaObject@IRScan@@UBEPBUQMetaObject@@XZ 00443fd0 f   moc_IRScan.obj
 0001:00043010       ?qt_metacast@IRScan@@UAEPAXPBD@Z 00444010 f   moc_IRScan.obj
 0001:00043050       ?qt_metacall@IRScan@@UAEHW4Call@QMetaObject@@HPAPAX@Z 00444050 f   moc_IRScan.obj
 0001:000430e0       ?qt_static_metacall@IRScan@@CAXPAVQObject@@W4Call@QMetaObject@@HPAPAX@Z 004440e0 f   moc_IRScan.obj
 0001:0004ccd0       ?data_ptr@?$QStaticStringData@$05@@QBEPAU?$QTypedArrayData@G@@XZ 0044dcd0 f i moc_IRScan.obj
 0001:0004cd30       ?data_ptr@?$QStaticStringData@$07@@QBEPAU?$QTypedArrayData@G@@XZ 0044dd30 f i moc_IRScan.obj
 0001:0004cd90       ?data_ptr@?$QStaticStringData@$09@@QBEPAU?$QTypedArrayData@G@@XZ 0044dd90 f i moc_IRScan.obj
 0001:0004cdf0       ?data_ptr@?$QStaticStringData@$0A@@@QBEPAU?$QTypedArrayData@G@@XZ 0044ddf0 f i moc_IRScan.obj
 0001:0004ce50       ?data_ptr@?$QStaticStringData@$0BA@@@QBEPAU?$QTypedArrayData@G@@XZ 0044de50 f i moc_IRScan.obj
 0001:0004ceb0       ?data_ptr@?$QStaticStringData@$0BC@@@QBEPAU?$QTypedArrayData@G@@XZ 0044deb0 f i moc_IRScan.obj
 0001:0004cf10       ?data_ptr@?$QStaticStringData@$0BD@@@QBEPAU?$QTypedArrayData@G@@XZ 0044df10 f i moc_IRScan.obj
 0001:0004cf70       ?data_ptr@?$QStaticStringData@$0BE@@@QBEPAU?$QTypedArrayData@G@@XZ 0044df70 f i moc_IRScan.obj
 0001:0004cfd0       ?data_ptr@?$QStaticStringData@$0BF@@@QBEPAU?$QTypedArrayData@G@@XZ 0044dfd0 f i moc_IRScan.obj
 0001:0004d030       ?data_ptr@?$QStaticStringData@$0BH@@@QBEPAU?$QTypedArrayData@G@@XZ 0044e030 f i moc_IRScan.obj
 0001:0004d090       ?data_ptr@?$QStaticStringData@$0CF@@@QBEPAU?$QTypedArrayData@G@@XZ 0044e090 f i moc_IRScan.obj
 0001:0004d0f0       ?data_ptr@?$QStaticStringData@$0N@@@QBEPAU?$QTypedArrayData@G@@XZ 0044e0f0 f i moc_IRScan.obj
 0001:0004d150       ?data_ptr@?$QStaticStringData@$0O@@@QBEPAU?$QTypedArrayData@G@@XZ 0044e150 f i moc_IRScan.obj
 0001:0004d1b0       ?data_ptr@?$QStaticStringData@$0P@@@QBEPAU?$QTypedArrayData@G@@XZ 0044e1b0 f i moc_IRScan.obj
 0001:0004e3b0       ?metaObject@LogDlg@@UBEPBUQMetaObject@@XZ 0044f3b0 f   moc_LogDlg.obj
 0001:0004e3f0       ?qt_metacast@LogDlg@@UAEPAXPBD@Z 0044f3f0 f   moc_LogDlg.obj
 0001:0004e430       ?qt_metacall@LogDlg@@UAEHW4Call@QMetaObject@@HPAPAX@Z 0044f430 f   moc_LogDlg.obj
 0001:0004e4c0       ?qt_static_metacall@LogDlg@@CAXPAVQObject@@W4Call@QMetaObject@@HPAPAX@Z 0044f4c0 f   moc_LogDlg.obj
 0001:000512d0       ?metaObject@RegDlg@@UBEPBUQMetaObject@@XZ 004522d0 f   moc_RegDlg.obj
 0001:00051310       ?qt_metacast@RegDlg@@UAEPAXPBD@Z 00452310 f   moc_RegDlg.obj
 0001:00051350       ?qt_metacall@RegDlg@@UAEHW4Call@QMetaObject@@HPAPAX@Z 00452350 f   moc_RegDlg.obj
 0001:000513e0       ?qt_static_metacall@RegDlg@@CAXPAVQObject@@W4Call@QMetaObject@@HPAPAX@Z 004523e0 f   moc_RegDlg.obj
 0001:000556a0       ?metaObject@SetAuthDlg@@UBEPBUQMetaObject@@XZ 004566a0 f   moc_SetAuthDlg.obj
 0001:000556e0       ?qt_metacast@SetAuthDlg@@UAEPAXPBD@Z 004566e0 f   moc_SetAuthDlg.obj
 0001:00055720       ?qt_metacall@SetAuthDlg@@UAEHW4Call@QMetaObject@@HPAPAX@Z 00456720 f   moc_SetAuthDlg.obj
 0001:000557b0       ?qt_static_metacall@SetAuthDlg@@CAXPAVQObject@@W4Call@QMetaObject@@HPAPAX@Z 004567b0 f   moc_SetAuthDlg.obj
 0001:000592d0       ?metaObject@SettingDlg@@UBEPBUQMetaObject@@XZ 0045a2d0 f   moc_SettingDlg.obj
 0001:00059310       ?qt_metacast@SettingDlg@@UAEPAXPBD@Z 0045a310 f   moc_SettingDlg.obj
 0001:00059350       ?qt_metacall@SettingDlg@@UAEHW4Call@QMetaObject@@HPAPAX@Z 0045a350 f   moc_SettingDlg.obj
 0001:000593e0       ?qt_static_metacall@SettingDlg@@CAXPAVQObject@@W4Call@QMetaObject@@HPAPAX@Z 0045a3e0 f   moc_SettingDlg.obj
 0001:00059f60       ?metaObject@ShowLabel@@UBEPBUQMetaObject@@XZ 0045af60 f   moc_ShowLabel.obj
 0001:00059fa0       ?qt_metacast@ShowLabel@@UAEPAXPBD@Z 0045afa0 f   moc_ShowLabel.obj
 0001:00059fe0       ?qt_metacall@ShowLabel@@UAEHW4Call@QMetaObject@@HPAPAX@Z 0045afe0 f   moc_ShowLabel.obj
 0001:0005a070       ?qt_static_metacall@ShowLabel@@CAXPAVQObject@@W4Call@QMetaObject@@HPAPAX@Z 0045b070 f   moc_ShowLabel.obj
 0001:0005a190       ?sigPaint@ShowLabel@@QAEXXZ 0045b190 f   moc_ShowLabel.obj
 0001:0005a250       ?metaObject@ThumLabel@@UBEPBUQMetaObject@@XZ 0045b250 f   moc_ThumLabel.obj
 0001:0005a290       ?qt_metacast@ThumLabel@@UAEPAXPBD@Z 0045b290 f   moc_ThumLabel.obj
 0001:0005a2d0       ?qt_metacall@ThumLabel@@UAEHW4Call@QMetaObject@@HPAPAX@Z 0045b2d0 f   moc_ThumLabel.obj
 0001:0005a310       ?qt_static_metacall@ThumLabel@@CAXPAVQObject@@W4Call@QMetaObject@@HPAPAX@Z 0045b310 f   moc_ThumLabel.obj
 0001:0005a350       ?qInitResources_IRScan@@YAHXZ 0045b350 f   qrc_IRScan.obj
 0001:0005a380       ?qCleanupResources_IRScan@@YAHXZ 0045b380 f   qrc_IRScan.obj
 0001:0005a3c0       ??0initializer@?A0x2d286883@@QAE@XZ 0045b3c0 f i qrc_IRScan.obj
 0001:0005a3e0       ??1initializer@?A0x2d286883@@QAE@XZ 0045b3e0 f i qrc_IRScan.obj
 0001:0005a400       ?FrameProc@@YAJJJ@Z        0045b400 f   IRScan.obj
 0001:00080a20       ??0IRScan@@QAE@PAVQWidget@@@Z 00481a20 f   IRScan.obj
 0001:00081c30       ?closeEvent@IRScan@@UAEXPAVQCloseEvent@@@Z 00482c30 f   IRScan.obj
 0001:00081c60       ?eventFilter@IRScan@@MAE_NPAVQObject@@PAVQEvent@@@Z 00482c60 f   IRScan.obj
 0001:00082340       ?imgScan@IRScan@@AAEXXZ    00483340 f   IRScan.obj
 0001:00082470       ?sysSetting@IRScan@@AAEXXZ 00483470 f   IRScan.obj
 0001:000825a0       ?conDataBase@IRScan@@AAEXXZ 004835a0 f   IRScan.obj
 0001:00082c70       ?updateData@IRScan@@AAEXXZ 00483c70 f   IRScan.obj
 0001:00084710       ?addData@IRScan@@AAEXHVQString@@00@Z 00485710 f   IRScan.obj
 0001:00085580       ?btn_scan_Clicked@IRScan@@AAEXXZ 00486580 f   IRScan.obj
 0001:00085d40       ?btn_focusFar@IRScan@@AAEXXZ 00486d40 f   IRScan.obj
 0001:00085d60       ?btn_sysPar@IRScan@@AAEXXZ 00486d60 f   IRScan.obj
 0001:00085df0       ?btn_setAuth@IRScan@@AAEXXZ 00486df0 f   IRScan.obj
 0001:00085e90       ?btn_show_func@IRScan@@AAEXXZ 00486e90 f   IRScan.obj
 0001:00085ef0       ?btn_clockWise@IRScan@@AAEXXZ 00486ef0 f   IRScan.obj
 0001:00085fb0       ?btn_antiClock@IRScan@@AAEXXZ 00486fb0 f   IRScan.obj
 0001:00086070       ?btn_camUp@IRScan@@AAEXXZ  00487070 f   IRScan.obj
 0001:00086130       ?btn_camDown@IRScan@@AAEXXZ 00487130 f   IRScan.obj
 0001:000861f0       ?btn_camLeft@IRScan@@AAEXXZ 004871f0 f   IRScan.obj
 0001:000862b0       ?btn_camRight@IRScan@@AAEXXZ 004872b0 f   IRScan.obj
 0001:00086370       ?btn_reg@IRScan@@AAEXXZ    00487370 f   IRScan.obj
 0001:00087580       ?btn_del@IRScan@@AAEXXZ    00488580 f   IRScan.obj
 0001:000878b0       ?btn_change@IRScan@@AAEXXZ 004888b0 f   IRScan.obj
 0001:000886f0       ?btn_pre@IRScan@@AAEXXZ    004896f0 f   IRScan.obj
 0001:000887a0       ?btn_next@IRScan@@AAEXXZ   004897a0 f   IRScan.obj
 0001:00088850       ?btn_start@IRScan@@AAEXXZ  00489850 f   IRScan.obj
 0001:00088930       ?btn_end@IRScan@@AAEXXZ    00489930 f   IRScan.obj
 0001:000889d0       ?btn_dateSel@IRScan@@AAEXXZ 004899d0 f   IRScan.obj
 0001:00089410       ?btn_nameSel@IRScan@@AAEXXZ 0048a410 f   IRScan.obj
 0001:0008a4b0       ?btn_showAll@IRScan@@AAEXXZ 0048b4b0 f   IRScan.obj
 0001:0008abd0       ?btn_sendData@IRScan@@AAEXXZ 0048bbd0 f   IRScan.obj
 0001:0008b9a0       ?time_update@IRScan@@AAEXXZ 0048c9a0 f   IRScan.obj
 0001:0008bab0       ?customize@IRScan@@AAEXXZ  0048cab0 f   IRScan.obj
 0001:0008c0e0       ?Monitor@IRScan@@AAEXXZ    0048d0e0 f   IRScan.obj
 0001:00099710       ??$?0$$QAV?$basic_string@DU?$char_traits@D@std@@V?$allocator@D@2@@std@@$$$V@?$pair@$$CBV?$basic_string@DU?$char_traits@D@std@@V?$allocator@D@2@@std@@V12@@std@@QAE@Upiecewise_construct_t@1@V?$tuple@$$QAV?$basic_string@DU?$char_traits@D@std@@V?$allocator@D@2@@std@@@1@V?$tuple@$$$V@1@@Z 0049a710 f i IRScan.obj
 0001:00099760       ??$?0$$QAV?$basic_string@DU?$char_traits@D@std@@V?$allocator@D@2@@std@@PAPAX@?$tuple@$$QAV?$basic_string@DU?$char_traits@D@std@@V?$allocator@D@2@@std@@@std@@QAE@$$QAV01@@Z 0049a760 f i IRScan.obj
 0001:000997c0       ??$?0AAV?$_Tree_iterator@V?$_Tree_val@U?$_Tree_simple_types@U?$pair@$$CBV?$basic_string@DU?$char_traits@D@std@@V?$allocator@D@2@@std@@V12@@std@@@std@@@std@@@std@@_NX@?$pair@V?$_Tree_iterator@V?$_Tree_val@U?$_Tree_simple_types@U?$pair@$$CBV?$basic_string@DU?$char_traits@D@std@@V?$allocator@D@2@@std@@V12@@std@@@std@@@std@@@std@@_N@std@@QAE@AAV?$_Tree_iterator@V?$_Tree_val@U?$_Tree_simple_types@U?$pair@$$CBV?$basic_string@DU?$char_traits@D@std@@V?$allocator@D@2@@std@@V12@@std@@@std@@@std@@@1@$$QA_N@Z 0049a7c0 f i IRScan.obj
 0001:00099850       ??$?0U?$_Tree_node@U?$pair@$$CBV?$basic_string@DU?$char_traits@D@std@@V?$allocator@D@2@@std@@V12@@std@@PAX@std@@@?$allocator@U_Container_proxy@std@@@std@@QAE@ABV?$allocator@U?$_Tree_node@U?$pair@$$CBV?$basic_string@DU?$char_traits@D@std@@V?$allocator@D@2@@std@@V12@@std@@PAX@std@@@1@@Z 0049a850 f i IRScan.obj
 0001:00099870       ??$?0U?$_Wrap_alloc@V?$allocator@U?$_Tree_node@U?$pair@$$CBV?$basic_string@DU?$char_traits@D@std@@V?$allocator@D@2@@std@@V12@@std@@PAX@std@@@std@@@std@@@?$_Wrap_alloc@V?$allocator@U_Container_proxy@std@@@std@@@std@@QAE@ABU?$_Wrap_alloc@V?$allocator@U?$_Tree_node@U?$pair@$$CBV?$basic_string@DU?$char_traits@D@std@@V?$allocator@D@2@@std@@V12@@std@@PAX@std@@@std@@@1@@Z 0049a870 f i IRScan.obj
 0001:000998a0       ??$?0V?$_Tree_iterator@V?$_Tree_val@U?$_Tree_simple_types@U?$pair@$$CBV?$basic_string@DU?$char_traits@D@std@@V?$allocator@D@2@@std@@V12@@std@@@std@@@std@@@std@@_NX@?$pair@V?$_Tree_iterator@V?$_Tree_val@U?$_Tree_simple_types@U?$pair@$$CBV?$basic_string@DU?$char_traits@D@std@@V?$allocator@D@2@@std@@V12@@std@@@std@@@std@@@std@@_N@std@@QAE@$$QAV?$_Tree_iterator@V?$_Tree_val@U?$_Tree_simple_types@U?$pair@$$CBV?$basic_string@DU?$char_traits@D@std@@V?$allocator@D@2@@std@@V12@@std@@@std@@@std@@@1@$$QA_N@Z 0049a8a0 f i IRScan.obj
 0001:00099930       ??$?0V?$basic_string@DU?$char_traits@D@std@@V?$allocator@D@2@@std@@$$$VPAPAX@?$tuple@$$QAV?$basic_string@DU?$char_traits@D@std@@V?$allocator@D@2@@std@@@std@@QAE@$$QAV?$basic_string@DU?$char_traits@D@std@@V?$allocator@D@2@@1@@Z 0049a930 f i IRScan.obj
 0001:00099970       ??$?0V?$basic_string@DU?$char_traits@D@std@@V?$allocator@D@2@@std@@@?$_Tuple_val@$$QAV?$basic_string@DU?$char_traits@D@std@@V?$allocator@D@2@@std@@@std@@QAE@$$QAV?$basic_string@DU?$char_traits@D@std@@V?$allocator@D@2@@1@@Z 0049a970 f i IRScan.obj
 0001:000999a0       ??$?0V?$tuple@$$QAV?$basic_string@DU?$char_traits@D@std@@V?$allocator@D@2@@std@@@std@@V?$tuple@$$$V@1@$0A@$S@?$pair@$$CBV?$basic_string@DU?$char_traits@D@std@@V?$allocator@D@2@@std@@V12@@std@@QAE@AAV?$tuple@$$QAV?$basic_string@DU?$char_traits@D@std@@V?$allocator@D@2@@std@@@1@AAV?$tuple@$$$V@1@U?$_Arg_idx@$0A@@1@U?$_Arg_idx@$S@1@@Z 0049a9a0 f i IRScan.obj
 0001:00099a30       ??$?6DU?$char_traits@D@std@@V?$allocator@D@1@@std@@YAAAV?$basic_ostream@DU?$char_traits@D@std@@@0@AAV10@ABV?$basic_string@DU?$char_traits@D@std@@V?$allocator@D@2@@0@@Z 0049aa30 f i IRScan.obj
 0001:00099dc0       ??$?6U?$char_traits@D@std@@@std@@YAAAV?$basic_ostream@DU?$char_traits@D@std@@@0@AAV10@D@Z 0049adc0 f i IRScan.obj
 0001:0009a170       ??$?MDU?$char_traits@D@std@@V?$allocator@D@1@@std@@YA_NABV?$basic_string@DU?$char_traits@D@std@@V?$allocator@D@2@@0@0@Z 0049b170 f i IRScan.obj
 0001:0009a1b0       ??$_Allocate@U?$_Tree_node@U?$pair@$$CBV?$basic_string@DU?$char_traits@D@std@@V?$allocator@D@2@@std@@V12@@std@@PAX@std@@@std@@YAPAU?$_Tree_node@U?$pair@$$CBV?$basic_string@DU?$char_traits@D@std@@V?$allocator@D@2@@std@@V12@@std@@PAX@0@IPAU10@@Z 0049b1b0 f i IRScan.obj
 0001:0009a200       ??$_Buynode@ABUpiecewise_construct_t@std@@V?$tuple@$$QAV?$basic_string@DU?$char_traits@D@std@@V?$allocator@D@2@@std@@@2@V?$tuple@$$$V@2@@?$_Tree_buy@U?$pair@$$CBV?$basic_string@DU?$char_traits@D@std@@V?$allocator@D@2@@std@@V12@@std@@V?$allocator@U?$pair@$$CBV?$basic_string@DU?$char_traits@D@std@@V?$allocator@D@2@@std@@V12@@std@@@2@@std@@QAEPAU?$_Tree_node@U?$pair@$$CBV?$basic_string@DU?$char_traits@D@std@@V?$allocator@D@2@@std@@V12@@std@@PAX@1@ABUpiecewise_construct_t@1@$$QAV?$tuple@$$QAV?$basic_string@DU?$char_traits@D@std@@V?$allocator@D@2@@std@@@1@$$QAV?$tuple@$$$V@1@@Z 0049b200 f i IRScan.obj
 0001:0009a360       ??$_Buynode_if_nil@AAU?$pair@$$CBV?$basic_string@DU?$char_traits@D@std@@V?$allocator@D@2@@std@@V12@@std@@@?$_Tree@V?$_Tmap_traits@V?$basic_string@DU?$char_traits@D@std@@V?$allocator@D@2@@std@@V12@U?$less@V?$basic_string@DU?$char_traits@D@std@@V?$allocator@D@2@@std@@@2@V?$allocator@U?$pair@$$CBV?$basic_string@DU?$char_traits@D@std@@V?$allocator@D@2@@std@@V12@@std@@@2@$0A@@std@@@std@@IAEPAU?$_Tree_node@U?$pair@$$CBV?$basic_string@DU?$char_traits@D@std@@V?$allocator@D@2@@std@@V12@@std@@PAX@1@PAU21@AAU?$pair@$$CBV?$basic_string@DU?$char_traits@D@std@@V?$allocator@D@2@@std@@V12@@1@@Z 0049b360 f i IRScan.obj
 0001:0009a380       ??$_Debug_lt_pred@U?$less@V?$basic_string@DU?$char_traits@D@std@@V?$allocator@D@2@@std@@@std@@ABV?$basic_string@DU?$char_traits@D@std@@V?$allocator@D@2@@2@ABV32@@std@@YA_NU?$less@V?$basic_string@DU?$char_traits@D@std@@V?$allocator@D@2@@std@@@0@ABV?$basic_string@DU?$char_traits@D@std@@V?$allocator@D@2@@0@1PB_WI@Z 0049b380 f i IRScan.obj
 0001:0009a420       ??$_Insert_at@AAU?$pair@$$CBV?$basic_string@DU?$char_traits@D@std@@V?$allocator@D@2@@std@@V12@@std@@PAU?$_Tree_node@U?$pair@$$CBV?$basic_string@DU?$char_traits@D@std@@V?$allocator@D@2@@std@@V12@@std@@PAX@2@@?$_Tree@V?$_Tmap_traits@V?$basic_string@DU?$char_traits@D@std@@V?$allocator@D@2@@std@@V12@U?$less@V?$basic_string@DU?$char_traits@D@std@@V?$allocator@D@2@@std@@@2@V?$allocator@U?$pair@$$CBV?$basic_string@DU?$char_traits@D@std@@V?$allocator@D@2@@std@@V12@@std@@@2@$0A@@std@@@std@@IAE?AV?$_Tree_iterator@V?$_Tree_val@U?$_Tree_simple_types@U?$pair@$$CBV?$basic_string@DU?$char_traits@D@std@@V?$allocator@D@2@@std@@V12@@std@@@std@@@std@@@1@_NPAU?$_Tree_node@U?$pair@$$CBV?$basic_string@DU?$char_traits@D@std@@V?$allocator@D@2@@std@@V12@@std@@PAX@1@AAU?$pair@$$CBV?$basic_string@DU?$char_traits@D@std@@V?$allocator@D@2@@std@@V12@@1@1@Z 0049b420 f i IRScan.obj
 0001:0009a970       ??$_Insert_hint@AAU?$pair@$$CBV?$basic_string@DU?$char_traits@D@std@@V?$allocator@D@2@@std@@V12@@std@@PAU?$_Tree_node@U?$pair@$$CBV?$basic_string@DU?$char_traits@D@std@@V?$allocator@D@2@@std@@V12@@std@@PAX@2@@?$_Tree@V?$_Tmap_traits@V?$basic_string@DU?$char_traits@D@std@@V?$allocator@D@2@@std@@V12@U?$less@V?$basic_string@DU?$char_traits@D@std@@V?$allocator@D@2@@std@@@2@V?$allocator@U?$pair@$$CBV?$basic_string@DU?$char_traits@D@std@@V?$allocator@D@2@@std@@V12@@std@@@2@$0A@@std@@@std@@IAE?AV?$_Tree_iterator@V?$_Tree_val@U?$_Tree_simple_types@U?$pair@$$CBV?$basic_string@DU?$char_traits@D@std@@V?$allocator@D@2@@std@@V12@@std@@@std@@@std@@@1@V?$_Tree_const_iterator@V?$_Tree_val@U?$_Tree_simple_types@U?$pair@$$CBV?$basic_string@DU?$char_traits@D@std@@V?$allocator@D@2@@std@@V12@@std@@@std@@@std@@@1@AAU?$pair@$$CBV?$basic_string@DU?$char_traits@D@std@@V?$allocator@D@2@@std@@V12@@1@PAU?$_Tree_node@U?$pair@$$CBV?$basic_string@DU?$char_traits@D@std@@V?$allocator@D@2@@std@@V12@@std@@PAX@1@@Z 0049b970 f i IRScan.obj
 0001:0009be80       ??$_Insert_nohint@AAU?$pair@$$CBV?$basic_string@DU?$char_traits@D@std@@V?$allocator@D@2@@std@@V12@@std@@PAU?$_Tree_node@U?$pair@$$CBV?$basic_string@DU?$char_traits@D@std@@V?$allocator@D@2@@std@@V12@@std@@PAX@2@@?$_Tree@V?$_Tmap_traits@V?$basic_string@DU?$char_traits@D@std@@V?$allocator@D@2@@std@@V12@U?$less@V?$basic_string@DU?$char_traits@D@std@@V?$allocator@D@2@@std@@@2@V?$allocator@U?$pair@$$CBV?$basic_string@DU?$char_traits@D@std@@V?$allocator@D@2@@std@@V12@@std@@@2@$0A@@std@@@std@@IAE?AU?$pair@V?$_Tree_iterator@V?$_Tree_val@U?$_Tree_simple_types@U?$pair@$$CBV?$basic_string@DU?$char_traits@D@std@@V?$allocator@D@2@@std@@V12@@std@@@std@@@std@@@std@@_N@1@_NAAU?$pair@$$CBV?$basic_string@DU?$char_traits@D@std@@V?$allocator@D@2@@std@@V12@@1@PAU?$_Tree_node@U?$pair@$$CBV?$basic_string@DU?$char_traits@D@std@@V?$allocator@D@2@@std@@V12@@std@@PAX@1@@Z 0049ce80 f i IRScan.obj
 0001:0009c460       ??$_Kfn@$$CBV?$basic_string@DU?$char_traits@D@std@@V?$allocator@D@2@@std@@V12@@?$_Tmap_traits@V?$basic_string@DU?$char_traits@D@std@@V?$allocator@D@2@@std@@V12@U?$less@V?$basic_string@DU?$char_traits@D@std@@V?$allocator@D@2@@std@@@2@V?$allocator@U?$pair@$$CBV?$basic_string@DU?$char_traits@D@std@@V?$allocator@D@2@@std@@V12@@std@@@2@$0A@@std@@SAABV?$basic_string@DU?$char_traits@D@std@@V?$allocator@D@2@@1@ABU?$pair@$$CBV?$basic_string@DU?$char_traits@D@std@@V?$allocator@D@2@@std@@V12@@1@@Z 0049d460 f i IRScan.obj
 0001:0009c470       ??$_Move@AAD@std@@YA$$QADAAD@Z 0049d470 f i IRScan.obj
 0001:0009c480       ??$_Move@AAPAUData@QListData@@@std@@YA$$QAPAUData@QListData@@AAPAU12@@Z 0049d480 f i IRScan.obj
 0001:0009c490       ??$addressof@PAU?$_Tree_node@U?$pair@$$CBV?$basic_string@DU?$char_traits@D@std@@V?$allocator@D@2@@std@@V12@@std@@PAX@std@@@std@@YAPAPAU?$_Tree_node@U?$pair@$$CBV?$basic_string@DU?$char_traits@D@std@@V?$allocator@D@2@@std@@V12@@std@@PAX@0@AAPAU10@@Z 0049d490 f i IRScan.obj
 0001:0009c4a0       ??$addressof@U?$pair@$$CBV?$basic_string@DU?$char_traits@D@std@@V?$allocator@D@2@@std@@V12@@std@@@std@@YAPAU?$pair@$$CBV?$basic_string@DU?$char_traits@D@std@@V?$allocator@D@2@@std@@V12@@0@AAU10@@Z 0049d4a0 f i IRScan.obj
 0001:0009c4b0       ??$addressof@V?$basic_string@DU?$char_traits@D@std@@V?$allocator@D@2@@std@@@std@@YAPAV?$basic_string@DU?$char_traits@D@std@@V?$allocator@D@2@@0@AAV10@@Z 0049d4b0 f i IRScan.obj
 0001:0009c4c0       ??$atomic@H@?$QAtomicOpsBySize@$03@@CAPAJPAH@Z 0049d4c0 f i IRScan.obj
 0001:0009c4d0       ??$call@U?$List@$$$V@QtPrivate@@X@?$FunctionPointer@P8IRScan@@AEXXZ@QtPrivate@@SAXP8IRScan@@AEXXZPAV2@PAPAX@Z 0049d4d0 f i IRScan.obj
 0001:0009c500       ??$connect@P8QAction@@AEX_N@ZP8IRScan@@AEXXZ@QObject@@SA?AVConnection@QMetaObject@@PBVQAction@@P83@AEX_N@ZPBVIRScan@@P84@AEXXZW4ConnectionType@Qt@@@Z 0049d500 f i IRScan.obj
 0001:0009c610       ??$construct@PAU?$_Tree_node@U?$pair@$$CBV?$basic_string@DU?$char_traits@D@std@@V?$allocator@D@2@@std@@V12@@std@@PAX@std@@AAPAU12@@?$_Wrap_alloc@V?$allocator@U?$_Tree_node@U?$pair@$$CBV?$basic_string@DU?$char_traits@D@std@@V?$allocator@D@2@@std@@V12@@std@@PAX@std@@@std@@@std@@QAEXPAPAU?$_Tree_node@U?$pair@$$CBV?$basic_string@DU?$char_traits@D@std@@V?$allocator@D@2@@std@@V12@@std@@PAX@1@AAPAU21@@Z 0049d610 f i IRScan.obj
 0001:0009c650       ??$construct@PAU?$_Tree_node@U?$pair@$$CBV?$basic_string@DU?$char_traits@D@std@@V?$allocator@D@2@@std@@V12@@std@@PAX@std@@AAPAU12@@?$allocator@U?$_Tree_node@U?$pair@$$CBV?$basic_string@DU?$char_traits@D@std@@V?$allocator@D@2@@std@@V12@@std@@PAX@std@@@std@@QAEXPAPAU?$_Tree_node@U?$pair@$$CBV?$basic_string@DU?$char_traits@D@std@@V?$allocator@D@2@@std@@V12@@std@@PAX@1@AAPAU21@@Z 0049d650 f i IRScan.obj
 0001:0009c700       ??$construct@PAU?$_Tree_node@U?$pair@$$CBV?$basic_string@DU?$char_traits@D@std@@V?$allocator@D@2@@std@@V12@@std@@PAX@std@@AAPAU12@@?$allocator_traits@V?$allocator@U?$_Tree_node@U?$pair@$$CBV?$basic_string@DU?$char_traits@D@std@@V?$allocator@D@2@@std@@V12@@std@@PAX@std@@@std@@@std@@SAXAAV?$allocator@U?$_Tree_node@U?$pair@$$CBV?$basic_string@DU?$char_traits@D@std@@V?$allocator@D@2@@std@@V12@@std@@PAX@std@@@1@PAPAU?$_Tree_node@U?$pair@$$CBV?$basic_string@DU?$char_traits@D@std@@V?$allocator@D@2@@std@@V12@@std@@PAX@1@AAPAU31@@Z 0049d700 f i IRScan.obj
[...]
 0004:0000117c       __imp_?setMaximumSize@QWidget@@QAEXABVQSize@@@Z 006fb17c     Qt5Widgetsd:Qt5Widgetsd.dll
 0004:00001180       __imp_?setMinimumSize@QWidget@@QAEXABVQSize@@@Z 006fb180     Qt5Widgetsd:Qt5Widgetsd.dll
 0004:00001184       __imp_?height@QWidget@@QBEHXZ 006fb184     Qt5Widgetsd:Qt5Widgetsd.dll
 0004:00001188       __imp_?width@QWidget@@QBEHXZ 006fb188     Qt5Widgetsd:Qt5Widgetsd.dll
 0004:0000118c       __imp_?setDisabled@QWidget@@QAEX_N@Z 006fb18c     Qt5Widgetsd:Qt5Widgetsd.dll
 0004:00001190       __imp_?setWindowModality@QWidget@@QAEXW4WindowModality@Qt@@@Z 006fb190     Qt5Widgetsd:Qt5Widgetsd.dll
 0004:00001194       __imp_?setVerticalStretch@QSizePolicy@@QAEXH@Z 006fb194     Qt5Widgetsd:Qt5Widgetsd.dll
 0004:00001198       __imp_?setHorizontalStretch@QSizePolicy@@QAEXH@Z 006fb198     Qt5Widgetsd:Qt5Widgetsd.dll
 0004:0000119c       __imp_?hasHeightForWidth@QSizePolicy@@QBE_NXZ 006fb19c     Qt5Widgetsd:Qt5Widgetsd.dll
 0004:000011a0       __imp_?setHeightForWidth@QSizePolicy@@QAEX_N@Z 006fb1a0     Qt5Widgetsd:Qt5Widgetsd.dll
 0004:000011a4       __imp_??0QSizePolicy@@QAE@W4Policy@0@0W4ControlType@0@@Z 006fb1a4     Qt5Widgetsd:Qt5Widgetsd.dll
 0004:000011a8       __imp_?staticMetaObject@QLabel@@2UQMetaObject@@B 006fb1a8     Qt5Widgetsd:Qt5Widgetsd.dll
 0004:000011ac       __imp_?staticMetaObject@QMainWindow@@2UQMetaObject@@B 006fb1ac     Qt5Widgetsd:Qt5Widgetsd.dll
 0004:000011b0       __imp_?qt_metacall@QMainWindow@@UAEHW4Call@QMetaObject@@HPAPAX@Z 006fb1b0     Qt5Widgetsd:Qt5Widgetsd.dll
 0004:000011b4       __imp_?qt_metacast@QMainWindow@@UAEPAXPBD@Z 006fb1b4     Qt5Widgetsd:Qt5Widgetsd.dll
 0004:000011b8       __imp_?staticMetaObject@QWidget@@2UQMetaObject@@B 006fb1b8     Qt5Widgetsd:Qt5Widgetsd.dll
 0004:000011bc       __imp_?qt_metacall@QWidget@@UAEHW4Call@QMetaObject@@HPAPAX@Z 006fb1bc     Qt5Widgetsd:Qt5Widgetsd.dll
 0004:000011c0       __imp_?qt_metacast@QWidget@@UAEPAXPBD@Z 006fb1c0     Qt5Widgetsd:Qt5Widgetsd.dll
 0004:000011c4       __imp_?wheelEvent@QWidget@@MAEXPAVQWheelEvent@@@Z 006fb1c4     Qt5Widgetsd:Qt5Widgetsd.dll
 0004:000011c8       __imp_?timerEvent@QAbstractButton@@MAEXPAVQTimerEvent@@@Z 006fb1c8     Qt5Widgetsd:Qt5Widgetsd.dll
 0004:000011cc       __imp_?tabletEvent@QWidget@@MAEXPAVQTabletEvent@@@Z 006fb1cc     Qt5Widgetsd:Qt5Widgetsd.dll
 0004:000011d0       __imp_?sizeHint@QWidget@@UBE?AVQSize@@XZ 006fb1d0     Qt5Widgetsd:Qt5Widgetsd.dll
 0004:000011d4       __imp_?sizeHint@QPushButton@@UBE?AVQSize@@XZ 006fb1d4     Qt5Widgetsd:Qt5Widgetsd.dll
 0004:000011d8       __imp_?sizeHint@QLineEdit@@UBE?AVQSize@@XZ 006fb1d8     Qt5Widgetsd:Qt5Widgetsd.dll
 0004:000011dc       __imp_?sizeHint@QLabel@@UBE?AVQSize@@XZ 006fb1dc     Qt5Widgetsd:Qt5Widgetsd.dll
 0004:000011e0       __imp_?showEvent@QWidget@@MAEXPAVQShowEvent@@@Z 006fb1e0     Qt5Widgetsd:Qt5Widgetsd.dll
 0004:000011e4       __imp_?sharedPainter@QWidget@@MBEPAVQPainter@@XZ 006fb1e4     Qt5Widgetsd:Qt5Widgetsd.dll
 0004:000011e8       __imp_?setVisible@QWidget@@UAEX_N@Z 006fb1e8     Qt5Widgetsd:Qt5Widgetsd.dll
 0004:000011ec       __imp_?resizeEvent@QWidget@@MAEXPAVQResizeEvent@@@Z 006fb1ec     Qt5Widgetsd:Qt5Widgetsd.dll
 0004:000011f0       __imp_?redirected@QWidget@@MBEPAVQPaintDevice@@PAVQPoint@@@Z 006fb1f0     Qt5Widgetsd:Qt5Widgetsd.dll
 0004:000011f4       __imp_?qt_metacast@QPushButton@@UAEPAXPBD@Z 006fb1f4     Qt5Widgetsd:Qt5Widgetsd.dll
 0004:000011f8       __imp_?qt_metacast@QLineEdit@@UAEPAXPBD@Z 006fb1f8     Qt5Widgetsd:Qt5Widgetsd.dll
 0004:000011fc       __imp_?qt_metacast@QLabel@@UAEPAXPBD@Z 006fb1fc     Qt5Widgetsd:Qt5Widgetsd.dll
 0004:00001200       __imp_?qt_metacall@QPushButton@@UAEHW4Call@QMetaObject@@HPAPAX@Z 006fb200     Qt5Widgetsd:Qt5Widgetsd.dll
 0004:00001204       __imp_?qt_metacall@QLineEdit@@UAEHW4Call@QMetaObject@@HPAPAX@Z 006fb204     Qt5Widgetsd:Qt5Widgetsd.dll
 0004:00001208       __imp_?qt_metacall@QLabel@@UAEHW4Call@QMetaObject@@HPAPAX@Z 006fb208     Qt5Widgetsd:Qt5Widgetsd.dll
 0004:0000120c       __imp_?paintEvent@QWidget@@MAEXPAVQPaintEvent@@@Z 006fb20c     Qt5Widgetsd:Qt5Widgetsd.dll
 0004:00001210       __imp_?paintEvent@QPushButton@@MAEXPAVQPaintEvent@@@Z 006fb210     Qt5Widgetsd:Qt5Widgetsd.dll
 0004:00001214       __imp_?paintEvent@QLineEdit@@MAEXPAVQPaintEvent@@@Z 006fb214     Qt5Widgetsd:Qt5Widgetsd.dll
 0004:00001218       __imp_?paintEvent@QLabel@@MAEXPAVQPaintEvent@@@Z 006fb218     Qt5Widgetsd:Qt5Widgetsd.dll
 0004:0000121c       __imp_?paintEngine@QWidget@@UBEPAVQPaintEngine@@XZ 006fb21c     Qt5Widgetsd:Qt5Widgetsd.dll
 0004:00001220       __imp_?nextCheckState@QAbstractButton@@MAEXXZ 006fb220     Qt5Widgetsd:Qt5Widgetsd.dll
 0004:00001224       __imp_?nativeEvent@QWidget@@MAE_NABVQByteArray@@PAXPAJ@Z 006fb224     Qt5Widgetsd:Qt5Widgetsd.dll
 0004:00001228       __imp_?moveEvent@QWidget@@MAEXPAVQMoveEvent@@@Z 006fb228     Qt5Widgetsd:Qt5Widgetsd.dll
 0004:0000122c       __imp_?mouseReleaseEvent@QWidget@@MAEXPAVQMouseEvent@@@Z 006fb22c     Qt5Widgetsd:Qt5Widgetsd.dll
 0004:00001230       __imp_?mouseReleaseEvent@QLineEdit@@MAEXPAVQMouseEvent@@@Z 006fb230     Qt5Widgetsd:Qt5Widgetsd.dll
 0004:00001234       __imp_?mouseReleaseEvent@QLabel@@MAEXPAVQMouseEvent@@@Z 006fb234     Qt5Widgetsd:Qt5Widgetsd.dll
 0004:00001238       __imp_?mouseReleaseEvent@QAbstractButton@@MAEXPAVQMouseEvent@@@Z 006fb238     Qt5Widgetsd:Qt5Widgetsd.dll
 0004:0000123c       __imp_?mousePressEvent@QWidget@@MAEXPAVQMouseEvent@@@Z 006fb23c     Qt5Widgetsd:Qt5Widgetsd.dll
 0004:00001240       __imp_?mousePressEvent@QLineEdit@@MAEXPAVQMouseEvent@@@Z 006fb240     Qt5Widgetsd:Qt5Widgetsd.dll
 0004:00001244       __imp_?mousePressEvent@QLabel@@MAEXPAVQMouseEvent@@@Z 006fb244     Qt5Widgetsd:Qt5Widgetsd.dll
 0004:00001248       __imp_?mousePressEvent@QAbstractButton@@MAEXPAVQMouseEvent@@@Z 006fb248     Qt5Widgetsd:Qt5Widgetsd.dll
 0004:0000124c       __imp_?mouseMoveEvent@QWidget@@MAEXPAVQMouseEvent@@@Z 006fb24c     Qt5Widgetsd:Qt5Widgetsd.dll
 0004:00001250       __imp_?mouseMoveEvent@QLineEdit@@MAEXPAVQMouseEvent@@@Z 006fb250     Qt5Widgetsd:Qt5Widgetsd.dll
 0004:00001254       __imp_?mouseMoveEvent@QLabel@@MAEXPAVQMouseEvent@@@Z 006fb254     Qt5Widgetsd:Qt5Widgetsd.dll
 0004:00001258       __imp_?mouseMoveEvent@QAbstractButton@@MAEXPAVQMouseEvent@@@Z 006fb258     Qt5Widgetsd:Qt5Widgetsd.dll
 0004:0000125c       __imp_?mouseDoubleClickEvent@QWidget@@MAEXPAVQMouseEvent@@@Z 006fb25c     Qt5Widgetsd:Qt5Widgetsd.dll
 0004:00001260       __imp_?mouseDoubleClickEvent@QLineEdit@@MAEXPAVQMouseEvent@@@Z 006fb260     Qt5Widgetsd:Qt5Widgetsd.dll
 0004:00001264       __imp_?minimumSizeHint@QWidget@@UBE?AVQSize@@XZ 006fb264     Qt5Widgetsd:Qt5Widgetsd.dll
 0004:00001268       __imp_?minimumSizeHint@QPushButton@@UBE?AVQSize@@XZ 006fb268     Qt5Widgetsd:Qt5Widgetsd.dll
 0004:0000126c       __imp_?minimumSizeHint@QLineEdit@@UBE?AVQSize@@XZ 006fb26c     Qt5Widgetsd:Qt5Widgetsd.dll
 0004:00001270       __imp_?minimumSizeHint@QLabel@@UBE?AVQSize@@XZ 006fb270     Qt5Widgetsd:Qt5Widgetsd.dll
 0004:00001274       __imp_?metric@QWidget@@MBEHW4PaintDeviceMetric@QPaintDevice@@@Z 006fb274     Qt5Widgetsd:Qt5Widgetsd.dll
 0004:00001278       __imp_?metaObject@QPushButton@@UBEPBUQMetaObject@@XZ 006fb278     Qt5Widgetsd:Qt5Widgetsd.dll
 0004:0000127c       __imp_?metaObject@QLineEdit@@UBEPBUQMetaObject@@XZ 006fb27c     Qt5Widgetsd:Qt5Widgetsd.dll
 0004:00001280       __imp_?metaObject@QLabel@@UBEPBUQMetaObject@@XZ 006fb280     Qt5Widgetsd:Qt5Widgetsd.dll
 0004:00001284       __imp_?leaveEvent@QWidget@@MAEXPAVQEvent@@@Z 006fb284     Qt5Widgetsd:Qt5Widgetsd.dll
 0004:00001288       __imp_?keyReleaseEvent@QWidget@@MAEXPAVQKeyEvent@@@Z 006fb288     Qt5Widgetsd:Qt5Widgetsd.dll
 0004:0000128c       __imp_?keyReleaseEvent@QAbstractButton@@MAEXPAVQKeyEvent@@@Z 006fb28c     Qt5Widgetsd:Qt5Widgetsd.dll
 0004:00001290       __imp_?keyPressEvent@QWidget@@MAEXPAVQKeyEvent@@@Z 006fb290     Qt5Widgetsd:Qt5Widgetsd.dll
 0004:00001294       __imp_?keyPressEvent@QPushButton@@MAEXPAVQKeyEvent@@@Z 006fb294     Qt5Widgetsd:Qt5Widgetsd.dll
 0004:00001298       __imp_?keyPressEvent@QLineEdit@@MAEXPAVQKeyEvent@@@Z 006fb298     Qt5Widgetsd:Qt5Widgetsd.dll
 0004:0000129c       __imp_?keyPressEvent@QLabel@@MAEXPAVQKeyEvent@@@Z 006fb29c     Qt5Widgetsd:Qt5Widgetsd.dll
 0004:000012a0       __imp_?inputMethodQuery@QWidget@@UBE?AVQVariant@@W4InputMethodQuery@Qt@@@Z 006fb2a0     Qt5Widgetsd:Qt5Widgetsd.dll
 0004:000012a4       __imp_?inputMethodQuery@QLineEdit@@UBE?AVQVariant@@W4InputMethodQuery@Qt@@@Z 006fb2a4     Qt5Widgetsd:Qt5Widgetsd.dll
 0004:000012a8       __imp_?inputMethodEvent@QWidget@@MAEXPAVQInputMethodEvent@@@Z 006fb2a8     Qt5Widgetsd:Qt5Widgetsd.dll
 0004:000012ac       __imp_?inputMethodEvent@QLineEdit@@MAEXPAVQInputMethodEvent@@@Z 006fb2ac     Qt5Widgetsd:Qt5Widgetsd.dll
 0004:000012b0       __imp_?initPainter@QWidget@@MBEXPAVQPainter@@@Z 006fb2b0     Qt5Widgetsd:Qt5Widgetsd.dll
 0004:000012b4       __imp_?hitButton@QAbstractButton@@MBE_NABVQPoint@@@Z 006fb2b4     Qt5Widgetsd:Qt5Widgetsd.dll
 0004:000012b8       __imp_?hideEvent@QWidget@@MAEXPAVQHideEvent@@@Z 006fb2b8     Qt5Widgetsd:Qt5Widgetsd.dll
 0004:000012bc       __imp_?heightForWidth@QWidget@@UBEHH@Z 006fb2bc     Qt5Widgetsd:Qt5Widgetsd.dll
 0004:000012c0       __imp_?heightForWidth@QLabel@@UBEHH@Z 006fb2c0     Qt5Widgetsd:Qt5Widgetsd.dll
 0004:000012c4       __imp_?hasHeightForWidth@QWidget@@UBE_NXZ 006fb2c4     Qt5Widgetsd:Qt5Widgetsd.dll
 0004:000012c8       __imp_?focusOutEvent@QWidget@@MAEXPAVQFocusEvent@@@Z 006fb2c8     Qt5Widgetsd:Qt5Widgetsd.dll
 0004:000012cc       __imp_?focusOutEvent@QPushButton@@MAEXPAVQFocusEvent@@@Z 006fb2cc     Qt5Widgetsd:Qt5Widgetsd.dll
 0004:000012d0       __imp_?focusOutEvent@QLineEdit@@MAEXPAVQFocusEvent@@@Z 006fb2d0     Qt5Widgetsd:Qt5Widgetsd.dll
 0004:000012d4       __imp_?focusOutEvent@QLabel@@MAEXPAVQFocusEvent@@@Z 006fb2d4     Qt5Widgetsd:Qt5Widgetsd.dll
 0004:000012d8       __imp_?focusNextPrevChild@QWidget@@MAE_N_N@Z 006fb2d8     Qt5Widgetsd:Qt5Widgetsd.dll
 0004:000012dc       __imp_?focusNextPrevChild@QLabel@@MAE_N_N@Z 006fb2dc     Qt5Widgetsd:Qt5Widgetsd.dll
 0004:000012e0       __imp_?focusInEvent@QWidget@@MAEXPAVQFocusEvent@@@Z 006fb2e0     Qt5Widgetsd:Qt5Widgetsd.dll
 0004:000012e4       __imp_?focusInEvent@QPushButton@@MAEXPAVQFocusEvent@@@Z 006fb2e4     Qt5Widgetsd:Qt5Widgetsd.dll
 0004:000012e8       __imp_?focusInEvent@QLineEdit@@MAEXPAVQFocusEvent@@@Z 006fb2e8     Qt5Widgetsd:Qt5Widgetsd.dll
 0004:000012ec       __imp_?focusInEvent@QLabel@@MAEXPAVQFocusEvent@@@Z 006fb2ec     Qt5Widgetsd:Qt5Widgetsd.dll
 0004:000012f0       __imp_?event@QWidget@@MAE_NPAVQEvent@@@Z 006fb2f0     Qt5Widgetsd:Qt5Widgetsd.dll
 0004:000012f4       __imp_?event@QPushButton@@MAE_NPAVQEvent@@@Z 006fb2f4     Qt5Widgetsd:Qt5Widgetsd.dll
 0004:000012f8       __imp_?event@QLineEdit@@UAE_NPAVQEvent@@@Z 006fb2f8     Qt5Widgetsd:Qt5Widgetsd.dll
 0004:000012fc       __imp_?event@QLabel@@MAE_NPAVQEvent@@@Z 006fb2fc     Qt5Widgetsd:Qt5Widgetsd.dll
 0004:00001300       __imp_?enterEvent@QWidget@@MAEXPAVQEvent@@@Z 006fb300     Qt5Widgetsd:Qt5Widgetsd.dll
 0004:00001304       __imp_?dropEvent@QWidget@@MAEXPAVQDropEvent@@@Z 006fb304     Qt5Widgetsd:Qt5Widgetsd.dll
 0004:00001308       __imp_?dropEvent@QLineEdit@@MAEXPAVQDropEvent@@@Z 006fb308     Qt5Widgetsd:Qt5Widgetsd.dll
 0004:0000130c       __imp_?dragMoveEvent@QWidget@@MAEXPAVQDragMoveEvent@@@Z 006fb30c     Qt5Widgetsd:Qt5Widgetsd.dll
 0004:00001310       __imp_?dragMoveEvent@QLineEdit@@MAEXPAVQDragMoveEvent@@@Z 006fb310     Qt5Widgetsd:Qt5Widgetsd.dll
 0004:00001314       __imp_?dragLeaveEvent@QWidget@@MAEXPAVQDragLeaveEvent@@@Z 006fb314     Qt5Widgetsd:Qt5Widgetsd.dll
 0004:00001318       __imp_?dragLeaveEvent@QLineEdit@@MAEXPAVQDragLeaveEvent@@@Z 006fb318     Qt5Widgetsd:Qt5Widgetsd.dll
 0004:0000131c       __imp_?dragEnterEvent@QWidget@@MAEXPAVQDragEnterEvent@@@Z 006fb31c     Qt5Widgetsd:Qt5Widgetsd.dll
 0004:00001320       __imp_?dragEnterEvent@QLineEdit@@MAEXPAVQDragEnterEvent@@@Z 006fb320     Qt5Widgetsd:Qt5Widgetsd.dll
 0004:00001324       __imp_?devType@QWidget@@UBEHXZ 006fb324     Qt5Widgetsd:Qt5Widgetsd.dll
 0004:00001328       __imp_?contextMenuEvent@QWidget@@MAEXPAVQContextMenuEvent@@@Z 006fb328     Qt5Widgetsd:Qt5Widgetsd.dll
 0004:0000132c       __imp_?contextMenuEvent@QLineEdit@@MAEXPAVQContextMenuEvent@@@Z 006fb32c     Qt5Widgetsd:Qt5Widgetsd.dll
 0004:00001330       __imp_?contextMenuEvent@QLabel@@MAEXPAVQContextMenuEvent@@@Z 006fb330     Qt5Widgetsd:Qt5Widgetsd.dll
 0004:00001334       __imp_?closeEvent@QWidget@@MAEXPAVQCloseEvent@@@Z 006fb334     Qt5Widgetsd:Qt5Widgetsd.dll
 0004:00001338       __imp_?checkStateSet@QAbstractButton@@MAEXXZ 006fb338     Qt5Widgetsd:Qt5Widgetsd.dll
 0004:0000133c       __imp_?changeEvent@QWidget@@MAEXPAVQEvent@@@Z 006fb33c     Qt5Widgetsd:Qt5Widgetsd.dll
 0004:00001340       __imp_?changeEvent@QLineEdit@@MAEXPAVQEvent@@@Z 006fb340     Qt5Widgetsd:Qt5Widgetsd.dll
 0004:00001344       __imp_?changeEvent@QLabel@@MAEXPAVQEvent@@@Z 006fb344     Qt5Widgetsd:Qt5Widgetsd.dll
 0004:00001348       __imp_?changeEvent@QAbstractButton@@MAEXPAVQEvent@@@Z 006fb348     Qt5Widgetsd:Qt5Widgetsd.dll
 0004:0000134c       __imp_?actionEvent@QWidget@@MAEXPAVQActionEvent@@@Z 006fb34c     Qt5Widgetsd:Qt5Widgetsd.dll
 0004:00001350       __imp_?information@QMessageBox@@SA?AW4StandardButton@1@PAVQWidget@@ABVQString@@1V?$QFlags@W4StandardButton@QMessageBox@@@@W421@@Z 006fb350     Qt5Widgetsd:Qt5Widgetsd.dll
 0004:00001354       __imp_??1QPushButton@@UAE@XZ 006fb354     Qt5Widgetsd:Qt5Widgetsd.dll
 0004:00001358       __imp_??0QPushButton@@QAE@PAVQWidget@@@Z 006fb358     Qt5Widgetsd:Qt5Widgetsd.dll
 0004:0000135c       __imp_?setText@QAbstractButton@@QAEXABVQString@@@Z 006fb35c     Qt5Widgetsd:Qt5Widgetsd.dll
 0004:00001360       __imp_?setText@QLineEdit@@QAEXABVQString@@@Z 006fb360     Qt5Widgetsd:Qt5Widgetsd.dll
 0004:00001364       __imp_?text@QLineEdit@@QBE?AVQString@@XZ 006fb364     Qt5Widgetsd:Qt5Widgetsd.dll
 0004:00001368       __imp_??1QLineEdit@@UAE@XZ 006fb368     Qt5Widgetsd:Qt5Widgetsd.dll
 0004:0000136c       __imp_??0QLineEdit@@QAE@PAVQWidget@@@Z 006fb36c     Qt5Widgetsd:Qt5Widgetsd.dll
 0004:00001370       __imp_?setText@QLabel@@QAEXABVQString@@@Z 006fb370     Qt5Widgetsd:Qt5Widgetsd.dll
 0004:00001374       __imp_??1QLabel@@UAE@XZ    006fb374     Qt5Widgetsd:Qt5Widgetsd.dll
 0004:00001378       __imp_??0QLabel@@QAE@PAVQWidget@@V?$QFlags@W4WindowType@Qt@@@@@Z 006fb378     Qt5Widgetsd:Qt5Widgetsd.dll
 0004:0000137c       __imp_?paintEvent@QGroupBox@@MAEXPAVQPaintEvent@@@Z 006fb37c     Qt5Widgetsd:Qt5Widgetsd.dll
 0004:00001380       __imp_?setGeometry@QWidget@@QAEXABVQRect@@@Z 006fb380     Qt5Widgetsd:Qt5Widgetsd.dll
 0004:00001384       __imp_?event@QTableWidget@@MAE_NPAVQEvent@@@Z 006fb384     Qt5Widgetsd:Qt5Widgetsd.dll
 0004:00001388       __imp_?focusOutEvent@QAbstractItemView@@MAEXPAVQFocusEvent@@@Z 006fb388     Qt5Widgetsd:Qt5Widgetsd.dll
 0004:0000138c       \177Qt5Widgetsd_NULL_THUNK_DATA 006fb38c     Qt5Widgetsd:Qt5Widgetsd.dll
 0004:000015b8       __imp__CommandLineToArgvW@8 006fb5b8     Shell32:SHELL32.dll
 0004:000015bc       \177SHELL32_NULL_THUNK_DATA 006fb5bc     Shell32:SHELL32.dll
 0004:000015e8       __imp__UnregisterClassA@8  006fb5e8     user32:USER32.dll
 0004:000015ec       \177USER32_NULL_THUNK_DATA 006fb5ec     user32:USER32.dll
 0004:00001618       __imp__inet_ntoa@4         006fb618     ws2_32:WS2_32.dll
 0004:0000161c       __imp__gethostbyname@4     006fb61c     ws2_32:WS2_32.dll
 0004:00001620       __imp__gethostname@8       006fb620     ws2_32:WS2_32.dll
 0004:00001624       __imp__WSAStartup@8        006fb624     ws2_32:WS2_32.dll
 0004:00001628       __imp__closesocket@4       006fb628     ws2_32:WS2_32.dll
 0004:0000162c       __imp__connect@12          006fb62c     ws2_32:WS2_32.dll
 0004:00001630       __imp__ioctlsocket@12      006fb630     ws2_32:WS2_32.dll
 0004:00001634       __imp__getsockopt@20       006fb634     ws2_32:WS2_32.dll
 0004:00001638       __imp__htons@4             006fb638     ws2_32:WS2_32.dll
 0004:0000163c       __imp__recv@16             006fb63c     ws2_32:WS2_32.dll
 0004:00001640       __imp__select@20           006fb640     ws2_32:WS2_32.dll
 0004:00001644       __imp__send@16             006fb644     ws2_32:WS2_32.dll
 0004:00001648       __imp__setsockopt@20       006fb648     ws2_32:WS2_32.dll
 0004:0000164c       __imp__shutdown@8          006fb64c     ws2_32:WS2_32.dll
 0004:00001650       __imp__socket@12           006fb650     ws2_32:WS2_32.dll
 0004:00001654       __imp__WSACleanup@0        006fb654     ws2_32:WS2_32.dll
 0004:00001658       __imp__WSAGetLastError@0   006fb658     ws2_32:WS2_32.dll
 0004:0000165c       \177WS2_32_NULL_THUNK_DATA 006fb65c     ws2_32:WS2_32.dll
 0004:00001694       __imp__MiniDumpWriteDump@28 006fb694     Dbghelp:dbghelp.dll
 0004:00001698       \177dbghelp_NULL_THUNK_DATA 006fb698     Dbghelp:dbghelp.dll
 0004:000016c4       __imp_?data2Img@@YAXPAGAAVMat@cv@@HHHHHM@Z 006fb6c4     imgProcDll:imgProcDll.dll
 0004:000016c8       \177imgProcDll_NULL_THUNK_DATA 006fb6c8     imgProcDll:imgProcDll.dll
 0004:000016f4       __imp_?line@cv@@YAXAAVMat@1@V?$Point_@H@1@1ABV?$Scalar_@N@1@HHH@Z 006fb6f4     opencv_core249d:opencv_core249d.dll
 0004:000016f8       __imp_?copyTo@Mat@cv@@QBEXABV_OutputArray@2@@Z 006fb6f8     opencv_core249d:opencv_core249d.dll
 0004:000016fc       __imp_??0_OutputArray@cv@@QAE@AAVMat@1@@Z 006fb6fc     opencv_core249d:opencv_core249d.dll
 0004:00001700       __imp_??0_InputArray@cv@@QAE@ABVMat@1@@Z 006fb700     opencv_core249d:opencv_core249d.dll
 0004:00001704       __imp_?_interlockedExchangeAdd@cv@@YAHPAHH@Z 006fb704     opencv_core249d:opencv_core249d.dll
 0004:00001708       __imp_?deallocate@Mat@cv@@QAEXXZ 006fb708     opencv_core249d:opencv_core249d.dll
 0004:0000170c       __imp_?create@Mat@cv@@QAEXHPBHH@Z 006fb70c     opencv_core249d:opencv_core249d.dll
 0004:00001710       __imp_?fastFree@cv@@YAXPAX@Z 006fb710     opencv_core249d:opencv_core249d.dll
 0004:00001714       \177opencv_core249d_NULL_THUNK_DATA 006fb714     opencv_core249d:opencv_core249d.dll
 0004:00001744       __imp_?resize@cv@@YAXABV_InputArray@1@ABV_OutputArray@1@V?$Size_@H@1@NNH@Z 006fb744     opencv_imgproc249d:opencv_imgproc249d.dll
 0004:00001748       \177opencv_imgproc249d_NULL_THUNK_DATA 006fb748     opencv_imgproc249d:opencv_imgproc249d.dll
 0004:00001774       __IMPORT_DESCRIPTOR_imgProcDll 006fb774     imgProcDll:imgProcDll.dll
 0004:00001788       __IMPORT_DESCRIPTOR_IRSDKlib_Win32 006fb788     IRSDKlib_Win32:IRSDKlib_Win32.dll
 0004:0000179c       __IMPORT_DESCRIPTOR_Qt5Cored 006fb79c     Qt5Cored:Qt5Cored.dll
 0004:000017b0       __IMPORT_DESCRIPTOR_Qt5Guid 006fb7b0     Qt5Guid:Qt5Guid.dll
 0004:000017c4       __IMPORT_DESCRIPTOR_Qt5Widgetsd 006fb7c4     Qt5Widgetsd:Qt5Widgetsd.dll
 0004:000017d8       __IMPORT_DESCRIPTOR_opencv_core249d 006fb7d8     opencv_core249d:opencv_core249d.dll
 0004:000017ec       __IMPORT_DESCRIPTOR_opencv_imgproc249d 006fb7ec     opencv_imgproc249d:opencv_imgproc249d.dll
 0004:00001800       __IMPORT_DESCRIPTOR_KERNEL32 006fb800     kernel32:KERNEL32.dll
 0004:00001814       __IMPORT_DESCRIPTOR_USER32 006fb814     user32:USER32.dll
 0004:00001828       __IMPORT_DESCRIPTOR_MSVCP120D 006fb828     msvcprtd:MSVCP120D.dll
 0004:0000183c       __IMPORT_DESCRIPTOR_IPHLPAPI 006fb83c     Iphlpapi:IPHLPAPI.DLL
 0004:00001850       __IMPORT_DESCRIPTOR_MSVCR120D 006fb850     MSVCRTD:MSVCR120D.dll
 0004:00001864       __IMPORT_DESCRIPTOR_WS2_32 006fb864     ws2_32:WS2_32.dll
 0004:00001878       __IMPORT_DESCRIPTOR_dbghelp 006fb878     Dbghelp:dbghelp.dll
 0004:0000188c       __IMPORT_DESCRIPTOR_SHELL32 006fb88c     Shell32:SHELL32.dll
 0004:000018a0       __NULL_IMPORT_DESCRIPTOR   006fb8a0     imgProcDll:imgProcDll.dll

 entry point at        0001:00137720

